<html>
<body>
<pre>
<h1>礦ision Build Log</h1>
<h2>Tool Versions:</h2>
IDE-Version: μVision V5.14.0.0
Copyright (C) 2015 ARM Ltd and ARM Germany GmbH. All rights reserved.
License Information: William William, William, LIC=KRMX7-EPZZ5-74YS0-B6GPI-IBFKQ-8VE0Q
 
Tool Versions:
Toolchain:       MDK-ARM Standard  Version: 5.14.0.0
Toolchain Path:  E:\keil5\ARM\ARMCC\Bin
C Compiler:      Armcc.exe V5.05 update 1 (build 106)
Assembler:       Armasm.exe V5.05 update 1 (build 106)
Linker/Locator:  ArmLink.exe V5.05 update 1 (build 106)
Library Manager: ArmAr.exe V5.05 update 1 (build 106)
Hex Converter:   FromElf.exe V5.05 update 1 (build 106)
CPU DLL:         SARMCM3.DLL V5.14.0.0
Dialog DLL:      DCM.DLL V1.13.1.0
Target DLL:      Segger\JL2CM3.dll V2.99.13.0
Dialog DLL:      TCM.DLL V1.14.4.0
 
<h2>Project:</h2>
F:\实验室\stm32\STM32程序(个人编写)\三路激光\主机（实验）\USER\Tempale.uvprojx
Project File Date:  07/10/2019

<h2>Output:</h2>
Build target 'Template'
compiling main.c...
main.c(64): warning:  #1-D: last line of file ends without a newline
  }     
main.c(31): warning:  #177-D: variable "report" was declared but never referenced
        u8 report=1;                    //默认开启上报
main.c(32): warning:  #177-D: variable "ttt" was declared but never referenced
        u8 ttt=11;
main.c(33): warning:  #177-D: variable "pitch" was declared but never referenced
        float pitch,roll,yaw;           //欧拉角
main.c(33): warning:  #177-D: variable "roll" was declared but never referenced
        float pitch,roll,yaw;           //欧拉角
main.c(33): warning:  #177-D: variable "yaw" was declared but never referenced
        float pitch,roll,yaw;           //欧拉角
main.c(34): warning:  #177-D: variable "aacx" was declared but never referenced
        short aacx,aacy,aacz;           //加速度传感器原始数据
main.c(34): warning:  #177-D: variable "aacy" was declared but never referenced
        short aacx,aacy,aacz;           //加速度传感器原始数据
main.c(34): warning:  #177-D: variable "aacz" was declared but never referenced
        short aacx,aacy,aacz;           //加速度传感器原始数据
main.c(35): warning:  #177-D: variable "gyrox" was declared but never referenced
        short gyrox,gyroy,gyroz;        //陀螺仪原始数据
main.c(35): warning:  #177-D: variable "gyroy" was declared but never referenced
        short gyrox,gyroy,gyroz;        //陀螺仪原始数据
main.c(35): warning:  #177-D: variable "gyroz" was declared but never referenced
        short gyrox,gyroy,gyroz;        //陀螺仪原始数据
main.c(36): warning:  #177-D: variable "temp" was declared but never referenced
        short temp;                                     //温度  
main.c: 13 warnings, 0 errors
linking...
Program Size: Code=5208 RO-data=336 RW-data=52 ZI-data=1836  
"..\OBJ\Tempale.axf" - 0 Error(s), 13 Warning(s).

<h2>Collection of Component include folders:</h2>
  F:\实验室\stm32\STM32程序(个人编写)\三路激光\主机（实验）\USER\RTE
  E:\keil5\ARM\PACK\Keil\STM32F1xx_DFP\1.0.5\Device\Include

<h2>Collection of Component Files used:</h2>
</pre>
</body>
</html>
