<html>
<body>
<pre>
<h1>礦ision Build Log</h1>
<h2>Tool Versions:</h2>
IDE-Version: μVision V5.14.0.0
Copyright (C) 2015 ARM Ltd and ARM Germany GmbH. All rights reserved.
License Information: William William, William, LIC=KRMX7-EPZZ5-74YS0-B6GPI-IBFKQ-8VE0Q
 
Tool Versions:
Toolchain:       MDK-ARM Standard  Version: 5.14.0.0
Toolchain Path:  E:\keil5\ARM\ARMCC\Bin
C Compiler:      Armcc.exe V5.05 update 1 (build 106)
Assembler:       Armasm.exe V5.05 update 1 (build 106)
Linker/Locator:  ArmLink.exe V5.05 update 1 (build 106)
Library Manager: ArmAr.exe V5.05 update 1 (build 106)
Hex Converter:   FromElf.exe V5.05 update 1 (build 106)
CPU DLL:         SARMCM3.DLL V5.14.0.0
Dialog DLL:      DCM.DLL V1.13.1.0
Target DLL:      Segger\JL2CM3.dll V2.99.13.0
Dialog DLL:      TCM.DLL V1.14.4.0
 
<h2>Project:</h2>
F:\实验室\stm32\STM32程序(个人编写)\串口\USER\串口.uvprojx
Project File Date:  07/12/2019

<h2>Output:</h2>
Build target 'Template'
compiling main.c...
main.c(10): warning:  #177-D: variable "t" was declared but never referenced
        u8 t;
main.c(11): warning:  #177-D: variable "len" was declared but never referenced
        u8 len; 
main.c(12): warning:  #177-D: variable "times" was declared but never referenced
        u16 times=0; 
main.c: 3 warnings, 0 errors
linking...
Program Size: Code=5416 RO-data=336 RW-data=76 ZI-data=1876  
"..\OBJ\Tempale.axf" - 0 Error(s), 3 Warning(s).

<h2>Collection of Component include folders:</h2>
  F:\实验室\stm32\STM32程序(个人编写)\串口\USER\RTE
  E:\keil5\ARM\PACK\Keil\STM32F1xx_DFP\1.0.5\Device\Include

<h2>Collection of Component Files used:</h2>
</pre>
</body>
</html>
