Product: MDK-ARM Standard 5.10
Component: ARM Compiler 5.04 update 1 (build 49)
Tool: armlink [5040049]

==============================================================================

Section Cross References

    main.o(.text) refers to delay.o(.text) for delay_init
    main.o(.text) refers to i2c.o(.text) for MyI2C_Init
    main.o(.text) refers to mpu6050.o(.text) for MPU_Init
    main.o(.text) refers to bh.o(.text) for BH1750_Init
    main.o(.text) refers to oled.o(.text) for OLED_Init
    main.o(.text) refers to inv_mpu.o(.text) for mpu_dmp_init
    main.o(.text) refers to ffixu.o(x$fpl$ffixu) for __aeabi_f2uiz
    main.o(.text) refers to main.o(.data) for key
    system_stm32f10x.o(.text) refers to system_stm32f10x.o(.data) for SystemCoreClock
    startup_stm32f10x_hd.o(STACK) refers (Special) to heapauxi.o(.text) for __use_two_region_memory
    startup_stm32f10x_hd.o(HEAP) refers (Special) to heapauxi.o(.text) for __use_two_region_memory
    startup_stm32f10x_hd.o(RESET) refers (Special) to heapauxi.o(.text) for __use_two_region_memory
    startup_stm32f10x_hd.o(RESET) refers to startup_stm32f10x_hd.o(STACK) for __initial_sp
    startup_stm32f10x_hd.o(RESET) refers to startup_stm32f10x_hd.o(.text) for Reset_Handler
    startup_stm32f10x_hd.o(RESET) refers to stm32f10x_it.o(.text) for NMI_Handler
    startup_stm32f10x_hd.o(RESET) refers to usart.o(.text) for USART1_IRQHandler
    startup_stm32f10x_hd.o(.text) refers (Special) to heapauxi.o(.text) for __use_two_region_memory
    startup_stm32f10x_hd.o(.text) refers to system_stm32f10x.o(.text) for SystemInit
    startup_stm32f10x_hd.o(.text) refers to __main.o(!!!main) for __main
    startup_stm32f10x_hd.o(.text) refers to startup_stm32f10x_hd.o(HEAP) for Heap_Mem
    startup_stm32f10x_hd.o(.text) refers to startup_stm32f10x_hd.o(STACK) for Stack_Mem
    stm32f10x_adc.o(.text) refers to stm32f10x_rcc.o(.text) for RCC_APB2PeriphResetCmd
    stm32f10x_bkp.o(.text) refers to stm32f10x_rcc.o(.text) for RCC_BackupResetCmd
    stm32f10x_can.o(.text) refers to stm32f10x_rcc.o(.text) for RCC_APB1PeriphResetCmd
    stm32f10x_cec.o(.text) refers to stm32f10x_rcc.o(.text) for RCC_APB1PeriphResetCmd
    stm32f10x_dac.o(.text) refers to stm32f10x_rcc.o(.text) for RCC_APB1PeriphResetCmd
    stm32f10x_gpio.o(.text) refers to stm32f10x_rcc.o(.text) for RCC_APB2PeriphResetCmd
    stm32f10x_i2c.o(.text) refers to stm32f10x_rcc.o(.text) for RCC_APB1PeriphResetCmd
    stm32f10x_pwr.o(.text) refers to stm32f10x_rcc.o(.text) for RCC_APB1PeriphResetCmd
    stm32f10x_rcc.o(.text) refers to stm32f10x_rcc.o(.data) for APBAHBPrescTable
    stm32f10x_spi.o(.text) refers to stm32f10x_rcc.o(.text) for RCC_APB2PeriphResetCmd
    stm32f10x_tim.o(.text) refers to stm32f10x_rcc.o(.text) for RCC_APB2PeriphResetCmd
    stm32f10x_usart.o(.text) refers to stm32f10x_rcc.o(.text) for RCC_APB2PeriphResetCmd
    stm32f10x_wwdg.o(.text) refers to stm32f10x_rcc.o(.text) for RCC_APB1PeriphResetCmd
    delay.o(.text) refers to misc.o(.text) for SysTick_CLKSourceConfig
    delay.o(.text) refers to system_stm32f10x.o(.data) for SystemCoreClock
    delay.o(.text) refers to delay.o(.data) for fac_us
    usart.o(.text) refers (Special) to use_no_semi_2.o(.text) for __use_no_semihosting
    usart.o(.text) refers to stm32f10x_rcc.o(.text) for RCC_APB2PeriphClockCmd
    usart.o(.text) refers to stm32f10x_gpio.o(.text) for GPIO_Init
    usart.o(.text) refers to misc.o(.text) for NVIC_Init
    usart.o(.text) refers to stm32f10x_usart.o(.text) for USART_Init
    usart.o(.text) refers to usart.o(.data) for USART_RX_STA
    usart.o(.text) refers to usart.o(.bss) for USART_RX_BUF
    usart.o(.bss) refers (Special) to use_no_semi_2.o(.text) for __use_no_semihosting
    usart.o(.data) refers (Special) to use_no_semi_2.o(.text) for __use_no_semihosting
    inv_mpu.o(.text) refers to _printf_pad.o(.text) for _printf_pre_padding
    inv_mpu.o(.text) refers to _printf_percent.o(.ARM.Collect$$_printf_percent$$00000000) for _printf_percent
    inv_mpu.o(.text) refers to _printf_x.o(.ARM.Collect$$_printf_percent$$0000000C) for _printf_x
    inv_mpu.o(.text) refers to _printf_hex_int.o(.text) for _printf_longlong_hex
    inv_mpu.o(.text) refers to _printf_d.o(.ARM.Collect$$_printf_percent$$00000009) for _printf_d
    inv_mpu.o(.text) refers to _printf_dec.o(.text) for _printf_int_dec
    inv_mpu.o(.text) refers to mpu6050.o(.text) for MPU_Write_Len
    inv_mpu.o(.text) refers to noretval__2printf.o(.text) for __2printf
    inv_mpu.o(.text) refers to delay.o(.text) for delay_ms
    inv_mpu.o(.text) refers to inv_mpu.o(.data) for st
    inv_mpu.o(.text) refers to fflt_clz.o(x$fpl$ffltu) for __aeabi_ui2f
    inv_mpu.o(.text) refers to fflt_clz.o(x$fpl$fflt) for __aeabi_i2f
    inv_mpu.o(.text) refers to faddsub_clz.o(x$fpl$fsub) for __aeabi_fsub
    inv_mpu.o(.text) refers to fdiv.o(x$fpl$fdiv) for __aeabi_fdiv
    inv_mpu.o(.text) refers to faddsub_clz.o(x$fpl$fadd) for __aeabi_fadd
[...]
    .ARM.Collect$$libinit$$00000000          0x080001f4   Section        2  libinit.o(.ARM.Collect$$libinit$$00000000)
    .ARM.Collect$$libinit$$00000002          0x080001f6   Section        0  libinit2.o(.ARM.Collect$$libinit$$00000002)
    .ARM.Collect$$libinit$$00000008          0x080001f6   Section        0  libinit2.o(.ARM.Collect$$libinit$$00000008)
    .ARM.Collect$$libinit$$0000000A          0x080001f6   Section        0  libinit2.o(.ARM.Collect$$libinit$$0000000A)
    .ARM.Collect$$libinit$$0000000C          0x080001f6   Section        0  libinit2.o(.ARM.Collect$$libinit$$0000000C)
    .ARM.Collect$$libinit$$0000000F          0x080001f6   Section        0  libinit2.o(.ARM.Collect$$libinit$$0000000F)
    .ARM.Collect$$libinit$$00000011          0x080001f6   Section        0  libinit2.o(.ARM.Collect$$libinit$$00000011)
    .ARM.Collect$$libinit$$00000013          0x080001f6   Section        0  libinit2.o(.ARM.Collect$$libinit$$00000013)
    .ARM.Collect$$libinit$$00000015          0x080001f6   Section        0  libinit2.o(.ARM.Collect$$libinit$$00000015)
    .ARM.Collect$$libinit$$00000017          0x080001f6   Section        0  libinit2.o(.ARM.Collect$$libinit$$00000017)
    .ARM.Collect$$libinit$$00000019          0x080001f6   Section        0  libinit2.o(.ARM.Collect$$libinit$$00000019)
    .ARM.Collect$$libinit$$0000001B          0x080001f6   Section        0  libinit2.o(.ARM.Collect$$libinit$$0000001B)
    .ARM.Collect$$libinit$$0000001D          0x080001f6   Section        0  libinit2.o(.ARM.Collect$$libinit$$0000001D)
    .ARM.Collect$$libinit$$0000001F          0x080001f6   Section        0  libinit2.o(.ARM.Collect$$libinit$$0000001F)
    .ARM.Collect$$libinit$$00000021          0x080001f6   Section        0  libinit2.o(.ARM.Collect$$libinit$$00000021)
    .ARM.Collect$$libinit$$00000023          0x080001f6   Section        0  libinit2.o(.ARM.Collect$$libinit$$00000023)
    .ARM.Collect$$libinit$$0000002A          0x080001f6   Section        0  libinit2.o(.ARM.Collect$$libinit$$0000002A)
    .ARM.Collect$$libinit$$0000002C          0x080001f6   Section        0  libinit2.o(.ARM.Collect$$libinit$$0000002C)
    .ARM.Collect$$libinit$$0000002E          0x080001f6   Section        0  libinit2.o(.ARM.Collect$$libinit$$0000002E)
    .ARM.Collect$$libinit$$00000030          0x080001f6   Section        0  libinit2.o(.ARM.Collect$$libinit$$00000030)
    .ARM.Collect$$libinit$$00000031          0x080001f6   Section        2  libinit2.o(.ARM.Collect$$libinit$$00000031)
    .ARM.Collect$$libshutdown$$00000000      0x080001f8   Section        2  libshutdown.o(.ARM.Collect$$libshutdown$$00000000)
    .ARM.Collect$$libshutdown$$00000003      0x080001fa   Section        0  libshutdown2.o(.ARM.Collect$$libshutdown$$00000003)
    .ARM.Collect$$libshutdown$$00000006      0x080001fa   Section        0  libshutdown2.o(.ARM.Collect$$libshutdown$$00000006)
    .ARM.Collect$$libshutdown$$00000009      0x080001fa   Section        0  libshutdown2.o(.ARM.Collect$$libshutdown$$00000009)
    .ARM.Collect$$libshutdown$$0000000B      0x080001fa   Section        0  libshutdown2.o(.ARM.Collect$$libshutdown$$0000000B)
    .ARM.Collect$$libshutdown$$0000000E      0x080001fa   Section        0  libshutdown2.o(.ARM.Collect$$libshutdown$$0000000E)
    .ARM.Collect$$libshutdown$$0000000F      0x080001fa   Section        2  libshutdown2.o(.ARM.Collect$$libshutdown$$0000000F)
    .ARM.Collect$$rtentry$$00000000          0x080001fc   Section        0  rtentry.o(.ARM.Collect$$rtentry$$00000000)
    .ARM.Collect$$rtentry$$00000002          0x080001fc   Section        0  rtentry2.o(.ARM.Collect$$rtentry$$00000002)
    .ARM.Collect$$rtentry$$00000004          0x080001fc   Section        6  rtentry4.o(.ARM.Collect$$rtentry$$00000004)
    .ARM.Collect$$rtentry$$00000009          0x08000202   Section        0  rtentry2.o(.ARM.Collect$$rtentry$$00000009)
    .ARM.Collect$$rtentry$$0000000A          0x08000202   Section        4  rtentry2.o(.ARM.Collect$$rtentry$$0000000A)
    .ARM.Collect$$rtentry$$0000000C          0x08000206   Section        0  rtentry2.o(.ARM.Collect$$rtentry$$0000000C)
    .ARM.Collect$$rtentry$$0000000D          0x08000206   Section        8  rtentry2.o(.ARM.Collect$$rtentry$$0000000D)
    .ARM.Collect$$rtexit$$00000000           0x0800020e   Section        2  rtexit.o(.ARM.Collect$$rtexit$$00000000)
    .ARM.Collect$$rtexit$$00000002           0x08000210   Section        0  rtexit2.o(.ARM.Collect$$rtexit$$00000002)
    .ARM.Collect$$rtexit$$00000003           0x08000210   Section        4  rtexit2.o(.ARM.Collect$$rtexit$$00000003)
    .ARM.Collect$$rtexit$$00000004           0x08000214   Section        6  rtexit2.o(.ARM.Collect$$rtexit$$00000004)
    .text                                    0x0800021c   Section        0  main.o(.text)
    .text                                    0x08000394   Section        0  stm32f10x_it.o(.text)
    .text                                    0x080003b0   Section        0  system_stm32f10x.o(.text)
    SetSysClockTo72                          0x080003b1   Thumb Code   214  system_stm32f10x.o(.text)
    SetSysClock                              0x08000487   Thumb Code     8  system_stm32f10x.o(.text)
    .text                                    0x08000590   Section       64  startup_stm32f10x_hd.o(.text)
    .text                                    0x080005d0   Section        0  misc.o(.text)
    .text                                    0x080006ac   Section        0  stm32f10x_gpio.o(.text)
    .text                                    0x08000a08   Section        0  stm32f10x_rcc.o(.text)
    .text                                    0x08000dac   Section        0  stm32f10x_usart.o(.text)
    .text                                    0x080011b4   Section        0  delay.o(.text)
    .text                                    0x08001288   Section        0  usart.o(.text)
    .text                                    0x080013c8   Section        0  inv_mpu.o(.text)
    set_int_enable                           0x080013c9   Thumb Code   138  inv_mpu.o(.text)
    get_accel_prod_shift                     0x08002639   Thumb Code   168  inv_mpu.o(.text)
    accel_self_test                          0x080026e1   Thumb Code   164  inv_mpu.o(.text)
    gyro_self_test                           0x08002785   Thumb Code   280  inv_mpu.o(.text)
    get_st_biases                            0x0800289d   Thumb Code  1136  inv_mpu.o(.text)
    .text                                    0x08003654   Section        0  inv_mpu_dmp_motion_driver.o(.text)
    decode_gesture                           0x08004109   Thumb Code    94  inv_mpu_dmp_motion_driver.o(.text)
    .text                                    0x080043c4   Section        0  i2c.o(.text)
    .text                                    0x08004668   Section        0  mpu6050.o(.text)
    .text                                    0x08004904   Section        0  oled.o(.text)
    .text                                    0x08004ff0   Section        0  bh.o(.text)
    .text                                    0x080050ac   Section        2  use_no_semi_2.o(.text)
    .text                                    0x080050ae   Section       72  llsdiv.o(.text)
    .text                                    0x080050f8   Section        0  noretval__2printf.o(.text)
    .text                                    0x08005110   Section        0  _printf_pad.o(.text)
    .text                                    0x08005160   Section        0  _printf_dec.o(.text)
    .text                                    0x080051d4   Section        0  _printf_hex_int.o(.text)
    .text                                    0x0800522c   Section        0  __printf_flags_wp.o(.text)
    .text                                    0x08005364   Section        0  memcmp.o(.text)
    .text                                    0x080053bc   Section       16  aeabi_memset.o(.text)
    .text                                    0x080053cc   Section        0  heapauxi.o(.text)
    .text                                    0x080053d2   Section        2  use_no_semi.o(.text)
    .text                                    0x080053d4   Section      238  lludivv7m.o(.text)
    .text                                    0x080054c2   Section        0  _rserrno.o(.text)
    .text                                    0x080054d8   Section        0  _printf_intcommon.o(.text)
    .text                                    0x0800558c   Section        0  _printf_char_file.o(.text)
    .text                                    0x080055b0   Section       68  rt_memclr.o(.text)
    .text                                    0x080055f4   Section        8  rt_errno_addr_intlibspace.o(.text)
    .text                                    0x080055fc   Section        0  _printf_char_common.o(.text)
    _printf_input_char                       0x080055fd   Thumb Code    10  _printf_char_common.o(.text)
    .text                                    0x0800562c   Section        0  ferror.o(.text)
    .text                                    0x08005634   Section       78  rt_memclr_w.o(.text)
    .text                                    0x08005684   Section        8  libspace.o(.text)
    .text                                    0x0800568c   Section       74  sys_stackheap_outer.o(.text)
    .text                                    0x080056d6   Section        0  exit.o(.text)
    i.__ARM_fpclassify                       0x080056e2   Section        0  fpclassify.o(i.__ARM_fpclassify)
    i.__kernel_poly                          0x0800570a   Section        0  poly.o(i.__kernel_poly)
    i.__mathlib_dbl_underflow                0x080057b4   Section        0  dunder.o(i.__mathlib_dbl_underflow)
    i._is_digit                              0x080057c4   Section        0  __printf_wp.o(i._is_digit)
    i.asin                                   0x080057d4   Section        0  asin.o(i.asin)
    i.atan                                   0x08005a50   Section        0  atan.o(i.atan)
    i.atan2                                  0x08005c74   Section        0  atan2.o(i.atan2)
    i.pow                                    0x08005df4   Section        0  pow.o(i.pow)
    i.sqrt                                   0x080067d4   Section        0  sqrt.o(i.sqrt)
    x$fpl$d2f                                0x08006820   Section       98  d2f.o(x$fpl$d2f)
    x$fpl$dadd                               0x08006884   Section      336  daddsub_clz.o(x$fpl$dadd)
    _dadd1                                   0x08006895   Thumb Code     0  daddsub_clz.o(x$fpl$dadd)
    x$fpl$dcheck1                            0x080069d4   Section       16  dcheck1.o(x$fpl$dcheck1)
    x$fpl$dcmpinf                            0x080069e4   Section       24  dcmpi.o(x$fpl$dcmpinf)
    x$fpl$ddiv                               0x080069fc   Section      688  ddiv.o(x$fpl$ddiv)
    ddiv_entry                               0x08006a03   Thumb Code     0  ddiv.o(x$fpl$ddiv)
    x$fpl$dfixu                              0x08006cac   Section       90  dfixu.o(x$fpl$dfixu)
    x$fpl$dflt                               0x08006d06   Section       46  dflt_clz.o(x$fpl$dflt)
    x$fpl$dleqf                              0x08006d34   Section      120  dleqf.o(x$fpl$dleqf)
    x$fpl$dmul                               0x08006dac   Section      340  dmul.o(x$fpl$dmul)
    x$fpl$dnaninf                            0x08006f00   Section      156  dnaninf.o(x$fpl$dnaninf)
    x$fpl$dretinf                            0x08006f9c   Section       12  dretinf.o(x$fpl$dretinf)
    x$fpl$drleqf                             0x08006fa8   Section      108  drleqf.o(x$fpl$drleqf)
    x$fpl$drsb                               0x08007014   Section       22  daddsub_clz.o(x$fpl$drsb)
    x$fpl$dsqrt                              0x0800702c   Section      460  dsqrt_noumaal.o(x$fpl$dsqrt)
    x$fpl$dsub                               0x080071f8   Section      468  daddsub_clz.o(x$fpl$dsub)
    _dsub1                                   0x08007209   Thumb Code     0  daddsub_clz.o(x$fpl$dsub)
    x$fpl$f2d                                0x080073cc   Section       86  f2d.o(x$fpl$f2d)
    x$fpl$fadd                               0x08007424   Section      196  faddsub_clz.o(x$fpl$fadd)
    _fadd1                                   0x08007433   Thumb Code     0  faddsub_clz.o(x$fpl$fadd)
    x$fpl$fcmpinf                            0x080074e8   Section       24  fcmpi.o(x$fpl$fcmpinf)
    x$fpl$fdiv                               0x08007500   Section      388  fdiv.o(x$fpl$fdiv)
    _fdiv1                                   0x08007501   Thumb Code     0  fdiv.o(x$fpl$fdiv)
    x$fpl$feqf                               0x08007684   Section      104  feqf.o(x$fpl$feqf)
    x$fpl$ffix                               0x080076ec   Section       54  ffix.o(x$fpl$ffix)
    x$fpl$ffixu                              0x08007724   Section       62  ffixu.o(x$fpl$ffixu)
    x$fpl$fflt                               0x08007764   Section       48  fflt_clz.o(x$fpl$fflt)
    x$fpl$ffltu                              0x08007794   Section       38  fflt_clz.o(x$fpl$ffltu)
    x$fpl$fleqf                              0x080077bc   Section      104  fleqf.o(x$fpl$fleqf)
    x$fpl$fmul                               0x08007824   Section      258  fmul.o(x$fpl$fmul)
    x$fpl$fnaninf                            0x08007926   Section      140  fnaninf.o(x$fpl$fnaninf)
    x$fpl$fretinf                            0x080079b2   Section       10  fretinf.o(x$fpl$fretinf)
    x$fpl$frleqf                             0x080079bc   Section       98  frleqf.o(x$fpl$frleqf)
    x$fpl$fsub                               0x08007a20   Section      234  faddsub_clz.o(x$fpl$fsub)
    _fsub1                                   0x08007a2f   Thumb Code     0  faddsub_clz.o(x$fpl$fsub)
    x$fpl$retnan                             0x08007b0a   Section      100  retnan.o(x$fpl$retnan)
    x$fpl$scalbn                             0x08007b6e   Section       92  scalbn.o(x$fpl$scalbn)
    x$fpl$trapveneer                         0x08007bca   Section       48  trapv.o(x$fpl$trapveneer)
    x$fpl$usenofp                            0x08007bfa   Section        0  usenofp.o(x$fpl$usenofp)
    .constdata                               0x08007bfc   Section       80  inv_mpu.o(.constdata)
    .constdata                               0x08007c4c   Section     3062  inv_mpu_dmp_motion_driver.o(.constdata)
    dmp_memory                               0x08007c4c   Data        3062  inv_mpu_dmp_motion_driver.o(.constdata)
    .constdata                               0x08008842   Section     1520  oled.o(.constdata)
    .constdata                               0x08008e32   Section       40  _printf_hex_int.o(.constdata)
    uc_hextab                                0x08008e32   Data          20  _printf_hex_int.o(.constdata)
    lc_hextab                                0x08008e46   Data          20  _printf_hex_int.o(.constdata)
    .constdata                               0x08008e5a   Section       17  __printf_flags_wp.o(.constdata)
    maptable                                 0x08008e5a   Data          17  __printf_flags_wp.o(.constdata)
    .constdata                               0x08008e70   Section       80  asin.o(.constdata)
    pS                                       0x08008e70   Data          48  asin.o(.constdata)
    qS                                       0x08008ea0   Data          32  asin.o(.constdata)
    .constdata                               0x08008ec0   Section      136  pow.o(.constdata)
    bp                                       0x08008ec0   Data          16  pow.o(.constdata)
    dp_h                                     0x08008ed0   Data          16  pow.o(.constdata)
    dp_l                                     0x08008ee0   Data          16  pow.o(.constdata)
    L                                        0x08008ef0   Data          48  pow.o(.constdata)
    P                                        0x08008f20   Data          40  pow.o(.constdata)
    .constdata                               0x08008f48   Section      152  atan.o(.constdata)
    atanhi                                   0x08008f48   Data          32  atan.o(.constdata)
    atanlo                                   0x08008f68   Data          32  atan.o(.constdata)
    aTodd                                    0x08008f88   Data          40  atan.o(.constdata)
    aTeven                                   0x08008fb0   Data          48  atan.o(.constdata)
    .constdata                               0x08008fe0   Section        8  qnan.o(.constdata)
    .conststring                             0x08008fe8   Section       77  inv_mpu.o(.conststring)
    .data                                    0x20000000   Section        1  main.o(.data)
    .data                                    0x20000004   Section       20  system_stm32f10x.o(.data)
    .data                                    0x20000018   Section       20  stm32f10x_rcc.o(.data)
    APBAHBPrescTable                         0x20000018   Data          16  stm32f10x_rcc.o(.data)
    ADCPrescTable                            0x20000028   Data           4  stm32f10x_rcc.o(.data)
    .data                                    0x2000002c   Section        4  delay.o(.data)
    fac_us                                   0x2000002c   Data           1  delay.o(.data)
    fac_ms                                   0x2000002e   Data           2  delay.o(.data)
    .data                                    0x20000030   Section        6  usart.o(.data)
    .data                                    0x20000038   Section       53  inv_mpu.o(.data)
    st                                       0x20000038   Data          44  inv_mpu.o(.data)
    gyro_orientation                         0x20000064   Data           9  inv_mpu.o(.data)
    .data                                    0x2000006d   Section     1752  oled.o(.data)
    .data                                    0x20000748   Section        8  bh.o(.data)
    .bss                                     0x20000750   Section      200  usart.o(.bss)
    .bss                                     0x20000818   Section       16  inv_mpu_dmp_motion_driver.o(.bss)
    dmp                                      0x20000818   Data          16  inv_mpu_dmp_motion_driver.o(.bss)
    .bss                                     0x20000828   Section       96  libspace.o(.bss)
    HEAP                                     0x20000888   Section      512  startup_stm32f10x_hd.o(HEAP)
    Heap_Mem                                 0x20000888   Data         512  startup_stm32f10x_hd.o(HEAP)
    STACK                                    0x20000a88   Section     1024  startup_stm32f10x_hd.o(STACK)
    Stack_Mem                                0x20000a88   Data        1024  startup_stm32f10x_hd.o(STACK)
    __initial_sp                             0x20000e88   Data           0  startup_stm32f10x_hd.o(STACK)

    Global Symbols

    Symbol Name                              Value     Ov Type        Size  Object(Section)

    BuildAttributes$$THM_ISAv4$P$D$K$B$S$PE$A:L22UL41UL21$X:L11$S22US41US21$IEEE1$IW$USESV6$~STKCKD$USESV7$~SHL$OTIME$ROPI$IEEEX$EBA8$UX$STANDARDLIB$REQ8$PRES8$EABIv2 0x00000000   Number         0  anon$$obj.o ABSOLUTE
    __ARM_use_no_argv                        0x00000000   Number         0  main.o ABSOLUTE
    _printf_flags                            0x00000000   Number         0  printf_stubs.o ABSOLUTE
    _printf_return_value                     0x00000000   Number         0  printf_stubs.o ABSOLUTE
    _printf_sizespec                         0x00000000   Number         0  printf_stubs.o ABSOLUTE
    _printf_widthprec                        0x00000000   Number         0  printf_stubs.o ABSOLUTE
    __ARM_exceptions_init                     - Undefined Weak Reference
    __alloca_initialize                       - Undefined Weak Reference
    __cpp_initialize__aeabi_                  - Undefined Weak Reference
    __cxa_finalize                            - Undefined Weak Reference
    __rt_locale                               - Undefined Weak Reference
    __sigvec_lookup                           - Undefined Weak Reference
    _atexit_init                              - Undefined Weak Reference
    _call_atexit_fns                          - Undefined Weak Reference
    _clock_init                               - Undefined Weak Reference
    _fp_trap_init                             - Undefined Weak Reference
    _fp_trap_shutdown                         - Undefined Weak Reference
    _get_lc_collate                           - Undefined Weak Reference
    _get_lc_ctype                             - Undefined Weak Reference
    _get_lc_monetary                          - Undefined Weak Reference
    _get_lc_numeric                           - Undefined Weak Reference
    _get_lc_time                              - Undefined Weak Reference
    _getenv_init                              - Undefined Weak Reference
    _handle_redirection                       - Undefined Weak Reference
    _init_alloc                               - Undefined Weak Reference
    _init_user_alloc                          - Undefined Weak Reference
    _initio                                   - Undefined Weak Reference
    _mutex_acquire                            - Undefined Weak Reference
    _mutex_release                            - Undefined Weak Reference
    _printf_truncate_signed                   - Undefined Weak Reference
    _printf_truncate_unsigned                 - Undefined Weak Reference
    _rand_init                                - Undefined Weak Reference
    _signal_finish                            - Undefined Weak Reference
    _signal_init                              - Undefined Weak Reference
    _terminate_alloc                          - Undefined Weak Reference
    _terminate_user_alloc                     - Undefined Weak Reference
    _terminateio                              - Undefined Weak Reference
    __Vectors_Size                           0x00000130   Number         0  startup_stm32f10x_hd.o ABSOLUTE
    __Vectors                                0x08000000   Data           4  startup_stm32f10x_hd.o(RESET)
    __Vectors_End                            0x08000130   Data           0  startup_stm32f10x_hd.o(RESET)
    __main                                   0x08000131   Thumb Code     8  __main.o(!!!main)
    __scatterload                            0x08000139   Thumb Code     0  __scatter.o(!!!scatter)
    __scatterload_rt2                        0x08000139   Thumb Code    44  __scatter.o(!!!scatter)
    __scatterload_rt2_thumb_only             0x08000139   Thumb Code     0  __scatter.o(!!!scatter)
    __scatterload_null                       0x08000147   Thumb Code     0  __scatter.o(!!!scatter)
    __decompress                             0x0800016d   Thumb Code    90  __dczerorl2.o(!!dczerorl2)
    __decompress1                            0x0800016d   Thumb Code     0  __dczerorl2.o(!!dczerorl2)
    __scatterload_zeroinit                   0x080001c9   Thumb Code    28  __scatter_zi.o(!!handler_zi)
    _printf_d                                0x080001e5   Thumb Code     0  _printf_d.o(.ARM.Collect$$_printf_percent$$00000009)
    _printf_percent                          0x080001e5   Thumb Code     0  _printf_percent.o(.ARM.Collect$$_printf_percent$$00000000)
    _printf_x                                0x080001eb   Thumb Code     0  _printf_x.o(.ARM.Collect$$_printf_percent$$0000000C)
    _printf_percent_end                      0x080001f1   Thumb Code     0  _printf_percent_end.o(.ARM.Collect$$_printf_percent$$00000017)
    __rt_lib_init                            0x080001f5   Thumb Code     0  libinit.o(.ARM.Collect$$libinit$$00000000)
    __rt_lib_init_alloca_1                   0x080001f7   Thumb Code     0  libinit2.o(.ARM.Collect$$libinit$$0000002C)
    __rt_lib_init_argv_1                     0x080001f7   Thumb Code     0  libinit2.o(.ARM.Collect$$libinit$$0000002A)
    __rt_lib_init_atexit_1                   0x080001f7   Thumb Code     0  libinit2.o(.ARM.Collect$$libinit$$00000019)
    __rt_lib_init_clock_1                    0x080001f7   Thumb Code     0  libinit2.o(.ARM.Collect$$libinit$$0000001F)
    __rt_lib_init_cpp_1                      0x080001f7   Thumb Code     0  libinit2.o(.ARM.Collect$$libinit$$00000030)
    __rt_lib_init_exceptions_1               0x080001f7   Thumb Code     0  libinit2.o(.ARM.Collect$$libinit$$0000002E)
    __rt_lib_init_fp_1                       0x080001f7   Thumb Code     0  libinit2.o(.ARM.Collect$$libinit$$00000002)
    __rt_lib_init_fp_trap_1                  0x080001f7   Thumb Code     0  libinit2.o(.ARM.Collect$$libinit$$0000001D)
    __rt_lib_init_getenv_1                   0x080001f7   Thumb Code     0  libinit2.o(.ARM.Collect$$libinit$$00000021)
    __rt_lib_init_heap_1                     0x080001f7   Thumb Code     0  libinit2.o(.ARM.Collect$$libinit$$00000008)
    __rt_lib_init_lc_collate_1               0x080001f7   Thumb Code     0  libinit2.o(.ARM.Collect$$libinit$$0000000F)
    __rt_lib_init_lc_ctype_1                 0x080001f7   Thumb Code     0  libinit2.o(.ARM.Collect$$libinit$$00000011)
    __rt_lib_init_lc_monetary_1              0x080001f7   Thumb Code     0  libinit2.o(.ARM.Collect$$libinit$$00000013)
    __rt_lib_init_lc_numeric_1               0x080001f7   Thumb Code     0  libinit2.o(.ARM.Collect$$libinit$$00000015)
    __rt_lib_init_lc_time_1                  0x080001f7   Thumb Code     0  libinit2.o(.ARM.Collect$$libinit$$00000017)
    __rt_lib_init_rand_1                     0x080001f7   Thumb Code     0  libinit2.o(.ARM.Collect$$libinit$$0000000C)
    __rt_lib_init_return                     0x080001f7   Thumb Code     0  libinit2.o(.ARM.Collect$$libinit$$00000031)
    __rt_lib_init_signal_1                   0x080001f7   Thumb Code     0  libinit2.o(.ARM.Collect$$libinit$$0000001B)
    __rt_lib_init_stdio_1                    0x080001f7   Thumb Code     0  libinit2.o(.ARM.Collect$$libinit$$00000023)
    __rt_lib_init_user_alloc_1               0x080001f7   Thumb Code     0  libinit2.o(.ARM.Collect$$libinit$$0000000A)
    __rt_lib_shutdown                        0x080001f9   Thumb Code     0  libshutdown.o(.ARM.Collect$$libshutdown$$00000000)
    __rt_lib_shutdown_fp_trap_1              0x080001fb   Thumb Code     0  libshutdown2.o(.ARM.Collect$$libshutdown$$00000006)
    __rt_lib_shutdown_heap_1                 0x080001fb   Thumb Code     0  libshutdown2.o(.ARM.Collect$$libshutdown$$0000000E)
    __rt_lib_shutdown_return                 0x080001fb   Thumb Code     0  libshutdown2.o(.ARM.Collect$$libshutdown$$0000000F)
    __rt_lib_shutdown_signal_1               0x080001fb   Thumb Code     0  libshutdown2.o(.ARM.Collect$$libshutdown$$00000009)
    __rt_lib_shutdown_stdio_1                0x080001fb   Thumb Code     0  libshutdown2.o(.ARM.Collect$$libshutdown$$00000003)
    __rt_lib_shutdown_user_alloc_1           0x080001fb   Thumb Code     0  libshutdown2.o(.ARM.Collect$$libshutdown$$0000000B)
    __rt_entry                               0x080001fd   Thumb Code     0  rtentry.o(.ARM.Collect$$rtentry$$00000000)
    __rt_entry_presh_1                       0x080001fd   Thumb Code     0  rtentry2.o(.ARM.Collect$$rtentry$$00000002)
    __rt_entry_sh                            0x080001fd   Thumb Code     0  rtentry4.o(.ARM.Collect$$rtentry$$00000004)
    __rt_entry_li                            0x08000203   Thumb Code     0  rtentry2.o(.ARM.Collect$$rtentry$$0000000A)
    __rt_entry_postsh_1                      0x08000203   Thumb Code     0  rtentry2.o(.ARM.Collect$$rtentry$$00000009)
    __rt_entry_main                          0x08000207   Thumb Code     0  rtentry2.o(.ARM.Collect$$rtentry$$0000000D)
    __rt_entry_postli_1                      0x08000207   Thumb Code     0  rtentry2.o(.ARM.Collect$$rtentry$$0000000C)
    __rt_exit                                0x0800020f   Thumb Code     0  rtexit.o(.ARM.Collect$$rtexit$$00000000)
    __rt_exit_ls                             0x08000211   Thumb Code     0  rtexit2.o(.ARM.Collect$$rtexit$$00000003)
    __rt_exit_prels_1                        0x08000211   Thumb Code     0  rtexit2.o(.ARM.Collect$$rtexit$$00000002)
    __rt_exit_exit                           0x08000215   Thumb Code     0  rtexit2.o(.ARM.Collect$$rtexit$$00000004)
    Delay                                    0x0800021d   Thumb Code    12  main.o(.text)
    main                                     0x08000229   Thumb Code   358  main.o(.text)
    NMI_Handler                              0x08000395   Thumb Code     2  stm32f10x_it.o(.text)
    HardFault_Handler                        0x08000397   Thumb Code     4  stm32f10x_it.o(.text)
    MemManage_Handler                        0x0800039b   Thumb Code     4  stm32f10x_it.o(.text)
    BusFault_Handler                         0x0800039f   Thumb Code     4  stm32f10x_it.o(.text)
    UsageFault_Handler                       0x080003a3   Thumb Code     4  stm32f10x_it.o(.text)
    SVC_Handler                              0x080003a7   Thumb Code     2  stm32f10x_it.o(.text)
    DebugMon_Handler                         0x080003a9   Thumb Code     2  stm32f10x_it.o(.text)
    PendSV_Handler                           0x080003ab   Thumb Code     2  stm32f10x_it.o(.text)
    SysTick_Handler                          0x080003ad   Thumb Code     2  stm32f10x_it.o(.text)
    SystemInit                               0x0800048f   Thumb Code    78  system_stm32f10x.o(.text)
    SystemCoreClockUpdate                    0x080004dd   Thumb Code   142  system_stm32f10x.o(.text)
    Reset_Handler                            0x08000591   Thumb Code     8  startup_stm32f10x_hd.o(.text)
    ADC1_2_IRQHandler                        0x080005ab   Thumb Code     0  startup_stm32f10x_hd.o(.text)
    ADC3_IRQHandler                          0x080005ab   Thumb Code     0  startup_stm32f10x_hd.o(.text)
    CAN1_RX1_IRQHandler                      0x080005ab   Thumb Code     0  startup_stm32f10x_hd.o(.text)
    CAN1_SCE_IRQHandler                      0x080005ab   Thumb Code     0  startup_stm32f10x_hd.o(.text)
    DMA1_Channel1_IRQHandler                 0x080005ab   Thumb Code     0  startup_stm32f10x_hd.o(.text)
    DMA1_Channel2_IRQHandler                 0x080005ab   Thumb Code     0  startup_stm32f10x_hd.o(.text)
    DMA1_Channel3_IRQHandler                 0x080005ab   Thumb Code     0  startup_stm32f10x_hd.o(.text)
    DMA1_Channel4_IRQHandler                 0x080005ab   Thumb Code     0  startup_stm32f10x_hd.o(.text)
    DMA1_Channel5_IRQHandler                 0x080005ab   Thumb Code     0  startup_stm32f10x_hd.o(.text)
    DMA1_Channel6_IRQHandler                 0x080005ab   Thumb Code     0  startup_stm32f10x_hd.o(.text)
    DMA1_Channel7_IRQHandler                 0x080005ab   Thumb Code     0  startup_stm32f10x_hd.o(.text)
    DMA2_Channel1_IRQHandler                 0x080005ab   Thumb Code     0  startup_stm32f10x_hd.o(.text)
    DMA2_Channel2_IRQHandler                 0x080005ab   Thumb Code     0  startup_stm32f10x_hd.o(.text)
    DMA2_Channel3_IRQHandler                 0x080005ab   Thumb Code     0  startup_stm32f10x_hd.o(.text)
    DMA2_Channel4_5_IRQHandler               0x080005ab   Thumb Code     0  startup_stm32f10x_hd.o(.text)
    EXTI0_IRQHandler                         0x080005ab   Thumb Code     0  startup_stm32f10x_hd.o(.text)
    EXTI15_10_IRQHandler                     0x080005ab   Thumb Code     0  startup_stm32f10x_hd.o(.text)
    EXTI1_IRQHandler                         0x080005ab   Thumb Code     0  startup_stm32f10x_hd.o(.text)
    EXTI2_IRQHandler                         0x080005ab   Thumb Code     0  startup_stm32f10x_hd.o(.text)
    EXTI3_IRQHandler                         0x080005ab   Thumb Code     0  startup_stm32f10x_hd.o(.text)
    EXTI4_IRQHandler                         0x080005ab   Thumb Code     0  startup_stm32f10x_hd.o(.text)
    EXTI9_5_IRQHandler                       0x080005ab   Thumb Code     0  startup_stm32f10x_hd.o(.text)
    FLASH_IRQHandler                         0x080005ab   Thumb Code     0  startup_stm32f10x_hd.o(.text)
    FSMC_IRQHandler                          0x080005ab   Thumb Code     0  startup_stm32f10x_hd.o(.text)
    I2C1_ER_IRQHandler                       0x080005ab   Thumb Code     0  startup_stm32f10x_hd.o(.text)
    I2C1_EV_IRQHandler                       0x080005ab   Thumb Code     0  startup_stm32f10x_hd.o(.text)
    I2C2_ER_IRQHandler                       0x080005ab   Thumb Code     0  startup_stm32f10x_hd.o(.text)
    I2C2_EV_IRQHandler                       0x080005ab   Thumb Code     0  startup_stm32f10x_hd.o(.text)
    PVD_IRQHandler                           0x080005ab   Thumb Code     0  startup_stm32f10x_hd.o(.text)
    RCC_IRQHandler                           0x080005ab   Thumb Code     0  startup_stm32f10x_hd.o(.text)
    RTCAlarm_IRQHandler                      0x080005ab   Thumb Code     0  startup_stm32f10x_hd.o(.text)
    RTC_IRQHandler                           0x080005ab   Thumb Code     0  startup_stm32f10x_hd.o(.text)
    SDIO_IRQHandler                          0x080005ab   Thumb Code     0  startup_stm32f10x_hd.o(.text)
    SPI1_IRQHandler                          0x080005ab   Thumb Code     0  startup_stm32f10x_hd.o(.text)
    SPI2_IRQHandler                          0x080005ab   Thumb Code     0  startup_stm32f10x_hd.o(.text)
    SPI3_IRQHandler                          0x080005ab   Thumb Code     0  startup_stm32f10x_hd.o(.text)
    TAMPER_IRQHandler                        0x080005ab   Thumb Code     0  startup_stm32f10x_hd.o(.text)
    TIM1_BRK_IRQHandler                      0x080005ab   Thumb Code     0  startup_stm32f10x_hd.o(.text)
    TIM1_CC_IRQHandler                       0x080005ab   Thumb Code     0  startup_stm32f10x_hd.o(.text)
    TIM1_TRG_COM_IRQHandler                  0x080005ab   Thumb Code     0  startup_stm32f10x_hd.o(.text)
    TIM1_UP_IRQHandler                       0x080005ab   Thumb Code     0  startup_stm32f10x_hd.o(.text)
    TIM2_IRQHandler                          0x080005ab   Thumb Code     0  startup_stm32f10x_hd.o(.text)
    TIM3_IRQHandler                          0x080005ab   Thumb Code     0  startup_stm32f10x_hd.o(.text)
    TIM4_IRQHandler                          0x080005ab   Thumb Code     0  startup_stm32f10x_hd.o(.text)
    TIM5_IRQHandler                          0x080005ab   Thumb Code     0  startup_stm32f10x_hd.o(.text)
    TIM6_IRQHandler                          0x080005ab   Thumb Code     0  startup_stm32f10x_hd.o(.text)
    TIM7_IRQHandler                          0x080005ab   Thumb Code     0  startup_stm32f10x_hd.o(.text)
    TIM8_BRK_IRQHandler                      0x080005ab   Thumb Code     0  startup_stm32f10x_hd.o(.text)
    TIM8_CC_IRQHandler                       0x080005ab   Thumb Code     0  startup_stm32f10x_hd.o(.text)
    TIM8_TRG_COM_IRQHandler                  0x080005ab   Thumb Code     0  startup_stm32f10x_hd.o(.text)
    TIM8_UP_IRQHandler                       0x080005ab   Thumb Code     0  startup_stm32f10x_hd.o(.text)
    UART4_IRQHandler                         0x080005ab   Thumb Code     0  startup_stm32f10x_hd.o(.text)
    UART5_IRQHandler                         0x080005ab   Thumb Code     0  startup_stm32f10x_hd.o(.text)
    USART2_IRQHandler                        0x080005ab   Thumb Code     0  startup_stm32f10x_hd.o(.text)
    USART3_IRQHandler                        0x080005ab   Thumb Code     0  startup_stm32f10x_hd.o(.text)
    USBWakeUp_IRQHandler                     0x080005ab   Thumb Code     0  startup_stm32f10x_hd.o(.text)
    USB_HP_CAN1_TX_IRQHandler                0x080005ab   Thumb Code     0  startup_stm32f10x_hd.o(.text)
    USB_LP_CAN1_RX0_IRQHandler               0x080005ab   Thumb Code     0  startup_stm32f10x_hd.o(.text)
    WWDG_IRQHandler                          0x080005ab   Thumb Code     0  startup_stm32f10x_hd.o(.text)
    __user_initial_stackheap                 0x080005ad   Thumb Code     0  startup_stm32f10x_hd.o(.text)
    NVIC_PriorityGroupConfig                 0x080005d1   Thumb Code    10  misc.o(.text)
    NVIC_Init                                0x080005db   Thumb Code   100  misc.o(.text)
    NVIC_SetVectorTable                      0x0800063f   Thumb Code    14  misc.o(.text)
    NVIC_SystemLPConfig                      0x0800064d   Thumb Code    34  misc.o(.text)
    SysTick_CLKSourceConfig                  0x0800066f   Thumb Code    40  misc.o(.text)
    GPIO_DeInit                              0x080006ad   Thumb Code   172  stm32f10x_gpio.o(.text)
    GPIO_AFIODeInit                          0x08000759   Thumb Code    20  stm32f10x_gpio.o(.text)
    GPIO_Init                                0x0800076d   Thumb Code   278  stm32f10x_gpio.o(.text)
    GPIO_StructInit                          0x08000883   Thumb Code    16  stm32f10x_gpio.o(.text)
    GPIO_ReadInputDataBit                    0x08000893   Thumb Code    18  stm32f10x_gpio.o(.text)
    GPIO_ReadInputData                       0x080008a5   Thumb Code     8  stm32f10x_gpio.o(.text)
    GPIO_ReadOutputDataBit                   0x080008ad   Thumb Code    18  stm32f10x_gpio.o(.text)
    GPIO_ReadOutputData                      0x080008bf   Thumb Code     8  stm32f10x_gpio.o(.text)
    GPIO_SetBits                             0x080008c7   Thumb Code     4  stm32f10x_gpio.o(.text)
    GPIO_ResetBits                           0x080008cb   Thumb Code     4  stm32f10x_gpio.o(.text)
    GPIO_WriteBit                            0x080008cf   Thumb Code    10  stm32f10x_gpio.o(.text)
    GPIO_Write                               0x080008d9   Thumb Code     4  stm32f10x_gpio.o(.text)
    GPIO_PinLockConfig                       0x080008dd   Thumb Code    18  stm32f10x_gpio.o(.text)
    GPIO_EventOutputConfig                   0x080008ef   Thumb Code    26  stm32f10x_gpio.o(.text)
    GPIO_EventOutputCmd                      0x08000909   Thumb Code     6  stm32f10x_gpio.o(.text)
    GPIO_PinRemapConfig                      0x0800090f   Thumb Code   138  stm32f10x_gpio.o(.text)
    GPIO_EXTILineConfig                      0x08000999   Thumb Code    66  stm32f10x_gpio.o(.text)
    GPIO_ETH_MediaInterfaceConfig            0x080009db   Thumb Code     8  stm32f10x_gpio.o(.text)
    RCC_DeInit                               0x08000a09   Thumb Code    64  stm32f10x_rcc.o(.text)
    RCC_HSEConfig                            0x08000a49   Thumb Code    70  stm32f10x_rcc.o(.text)
    RCC_GetFlagStatus                        0x08000a8f   Thumb Code    56  stm32f10x_rcc.o(.text)
    RCC_WaitForHSEStartUp                    0x08000ac7   Thumb Code    56  stm32f10x_rcc.o(.text)
    RCC_AdjustHSICalibrationValue            0x08000aff   Thumb Code    20  stm32f10x_rcc.o(.text)
    RCC_HSICmd                               0x08000b13   Thumb Code     6  stm32f10x_rcc.o(.text)
    RCC_PLLConfig                            0x08000b19   Thumb Code    24  stm32f10x_rcc.o(.text)
    RCC_PLLCmd                               0x08000b31   Thumb Code     6  stm32f10x_rcc.o(.text)
    RCC_SYSCLKConfig                         0x08000b37   Thumb Code    18  stm32f10x_rcc.o(.text)
    RCC_GetSYSCLKSource                      0x08000b49   Thumb Code    10  stm32f10x_rcc.o(.text)
    RCC_HCLKConfig                           0x08000b53   Thumb Code    18  stm32f10x_rcc.o(.text)
    RCC_PCLK1Config                          0x08000b65   Thumb Code    18  stm32f10x_rcc.o(.text)
    RCC_PCLK2Config                          0x08000b77   Thumb Code    20  stm32f10x_rcc.o(.text)
    RCC_ITConfig                             0x08000b8b   Thumb Code    26  stm32f10x_rcc.o(.text)
    RCC_USBCLKConfig                         0x08000ba5   Thumb Code     8  stm32f10x_rcc.o(.text)
    RCC_ADCCLKConfig                         0x08000bad   Thumb Code    18  stm32f10x_rcc.o(.text)
    RCC_LSEConfig                            0x08000bbf   Thumb Code    50  stm32f10x_rcc.o(.text)
    RCC_LSICmd                               0x08000bf1   Thumb Code     6  stm32f10x_rcc.o(.text)
    RCC_RTCCLKConfig                         0x08000bf7   Thumb Code    12  stm32f10x_rcc.o(.text)
    RCC_RTCCLKCmd                            0x08000c03   Thumb Code     8  stm32f10x_rcc.o(.text)
    RCC_GetClocksFreq                        0x08000c0b   Thumb Code   192  stm32f10x_rcc.o(.text)
    RCC_AHBPeriphClockCmd                    0x08000ccb   Thumb Code    26  stm32f10x_rcc.o(.text)
    RCC_APB2PeriphClockCmd                   0x08000ce5   Thumb Code    26  stm32f10x_rcc.o(.text)
    RCC_APB1PeriphClockCmd                   0x08000cff   Thumb Code    26  stm32f10x_rcc.o(.text)
    RCC_APB2PeriphResetCmd                   0x08000d19   Thumb Code    26  stm32f10x_rcc.o(.text)
    RCC_APB1PeriphResetCmd                   0x08000d33   Thumb Code    26  stm32f10x_rcc.o(.text)
    RCC_BackupResetCmd                       0x08000d4d   Thumb Code     8  stm32f10x_rcc.o(.text)
    RCC_ClockSecuritySystemCmd               0x08000d55   Thumb Code     6  stm32f10x_rcc.o(.text)
    RCC_MCOConfig                            0x08000d5b   Thumb Code     6  stm32f10x_rcc.o(.text)
    RCC_ClearFlag                            0x08000d61   Thumb Code    14  stm32f10x_rcc.o(.text)
    RCC_GetITStatus                          0x08000d6f   Thumb Code    20  stm32f10x_rcc.o(.text)
    RCC_ClearITPendingBit                    0x08000d83   Thumb Code     6  stm32f10x_rcc.o(.text)
    USART_DeInit                             0x08000dad   Thumb Code   134  stm32f10x_usart.o(.text)
    USART_Init                               0x08000e33   Thumb Code   210  stm32f10x_usart.o(.text)
    USART_StructInit                         0x08000f05   Thumb Code    24  stm32f10x_usart.o(.text)
    USART_ClockInit                          0x08000f1d   Thumb Code    34  stm32f10x_usart.o(.text)
    USART_ClockStructInit                    0x08000f3f   Thumb Code    12  stm32f10x_usart.o(.text)
    USART_Cmd                                0x08000f4b   Thumb Code    24  stm32f10x_usart.o(.text)
    USART_ITConfig                           0x08000f63   Thumb Code    74  stm32f10x_usart.o(.text)
    USART_DMACmd                             0x08000fad   Thumb Code    18  stm32f10x_usart.o(.text)
    USART_SetAddress                         0x08000fbf   Thumb Code    18  stm32f10x_usart.o(.text)
    USART_WakeUpConfig                       0x08000fd1   Thumb Code    18  stm32f10x_usart.o(.text)
    USART_ReceiverWakeUpCmd                  0x08000fe3   Thumb Code    24  stm32f10x_usart.o(.text)
    USART_LINBreakDetectLengthConfig         0x08000ffb   Thumb Code    18  stm32f10x_usart.o(.text)
    USART_LINCmd                             0x0800100d   Thumb Code    24  stm32f10x_usart.o(.text)
    USART_SendData                           0x08001025   Thumb Code     8  stm32f10x_usart.o(.text)
    USART_ReceiveData                        0x0800102d   Thumb Code    10  stm32f10x_usart.o(.text)
    USART_SendBreak                          0x08001037   Thumb Code    10  stm32f10x_usart.o(.text)
    USART_SetGuardTime                       0x08001041   Thumb Code    16  stm32f10x_usart.o(.text)
    USART_SetPrescaler                       0x08001051   Thumb Code    16  stm32f10x_usart.o(.text)
    USART_SmartCardCmd                       0x08001061   Thumb Code    24  stm32f10x_usart.o(.text)
    USART_SmartCardNACKCmd                   0x08001079   Thumb Code    24  stm32f10x_usart.o(.text)
    USART_HalfDuplexCmd                      0x08001091   Thumb Code    24  stm32f10x_usart.o(.text)
    USART_OverSampling8Cmd                   0x080010a9   Thumb Code    22  stm32f10x_usart.o(.text)
    USART_OneBitMethodCmd                    0x080010bf   Thumb Code    24  stm32f10x_usart.o(.text)
    USART_IrDAConfig                         0x080010d7   Thumb Code    18  stm32f10x_usart.o(.text)
    USART_IrDACmd                            0x080010e9   Thumb Code    24  stm32f10x_usart.o(.text)
    USART_GetFlagStatus                      0x08001101   Thumb Code    26  stm32f10x_usart.o(.text)
    USART_ClearFlag                          0x0800111b   Thumb Code    18  stm32f10x_usart.o(.text)
    USART_GetITStatus                        0x0800112d   Thumb Code    84  stm32f10x_usart.o(.text)
    USART_ClearITPendingBit                  0x08001181   Thumb Code    52  stm32f10x_usart.o(.text)
    delay_init                               0x080011b5   Thumb Code    50  delay.o(.text)
    delay_us                                 0x080011e7   Thumb Code    72  delay.o(.text)
    delay_ms                                 0x0800122f   Thumb Code    72  delay.o(.text)
    _sys_exit                                0x08001289   Thumb Code     6  usart.o(.text)
    fputc                                    0x0800128f   Thumb Code    24  usart.o(.text)
    uart_init                                0x080012a7   Thumb Code   152  usart.o(.text)
    USART1_IRQHandler                        0x0800133f   Thumb Code   122  usart.o(.text)
    mpu_reg_dump                             0x08001453   Thumb Code    84  inv_mpu.o(.text)
    mpu_read_reg                             0x080014a7   Thumb Code    66  inv_mpu.o(.text)
    mpu_set_int_latched                      0x080014e9   Thumb Code   102  inv_mpu.o(.text)
    mpu_set_sensors                          0x0800154f   Thumb Code   202  inv_mpu.o(.text)
    mpu_set_bypass                           0x08001619   Thumb Code   328  inv_mpu.o(.text)
    mpu_reset_fifo                           0x08001761   Thumb Code   472  inv_mpu.o(.text)
    mpu_configure_fifo                       0x08001939   Thumb Code   106  inv_mpu.o(.text)
    mpu_set_lpf                              0x080019a3   Thumb Code   126  inv_mpu.o(.text)
    mpu_lp_accel_mode                        0x08001a21   Thumb Code   218  inv_mpu.o(.text)
    mpu_set_sample_rate                      0x08001afb   Thumb Code   152  inv_mpu.o(.text)
    mpu_set_accel_fsr                        0x08001b93   Thumb Code   132  inv_mpu.o(.text)
    mpu_set_gyro_fsr                         0x08001c17   Thumb Code   132  inv_mpu.o(.text)
    mpu_init                                 0x08001c9b   Thumb Code   414  inv_mpu.o(.text)
    mget_ms                                  0x08001e39   Thumb Code     2  inv_mpu.o(.text)
    mpu_get_gyro_reg                         0x08001e3b   Thumb Code   110  inv_mpu.o(.text)
    mpu_get_accel_reg                        0x08001ea9   Thumb Code   110  inv_mpu.o(.text)
    mpu_get_temperature                      0x08001f17   Thumb Code   150  inv_mpu.o(.text)
    mpu_set_accel_bias                       0x08001fad   Thumb Code   468  inv_mpu.o(.text)
    mpu_get_gyro_fsr                         0x08002181   Thumb Code    64  inv_mpu.o(.text)
    mpu_get_accel_fsr                        0x080021c1   Thumb Code    72  inv_mpu.o(.text)
    mpu_get_lpf                              0x08002209   Thumb Code    74  inv_mpu.o(.text)
    mpu_get_sample_rate                      0x08002253   Thumb Code    26  inv_mpu.o(.text)
    mpu_get_compass_sample_rate              0x0800226d   Thumb Code    10  inv_mpu.o(.text)
    mpu_set_compass_sample_rate              0x08002277   Thumb Code     8  inv_mpu.o(.text)
    mpu_get_gyro_sens                        0x0800227f   Thumb Code    58  inv_mpu.o(.text)
    mpu_get_accel_sens                       0x080022b9   Thumb Code    78  inv_mpu.o(.text)
    mpu_get_fifo_config                      0x08002307   Thumb Code    12  inv_mpu.o(.text)
    mpu_get_power_state                      0x08002313   Thumb Code    22  inv_mpu.o(.text)
    mpu_get_int_status                       0x08002329   Thumb Code    64  inv_mpu.o(.text)
    mpu_read_fifo                            0x08002369   Thumb Code   522  inv_mpu.o(.text)
    mpu_read_fifo_stream                     0x08002573   Thumb Code   186  inv_mpu.o(.text)
    mpu_set_int_level                        0x0800262d   Thumb Code    12  inv_mpu.o(.text)
    mpu_set_dmp_state                        0x08002d0d   Thumb Code   138  inv_mpu.o(.text)
    mpu_run_self_test                        0x08002d97   Thumb Code   278  inv_mpu.o(.text)
    mpu_write_mem                            0x08002ead   Thumb Code   122  inv_mpu.o(.text)
    mpu_read_mem                             0x08002f27   Thumb Code   122  inv_mpu.o(.text)
    mpu_load_firmware                        0x08002fa1   Thumb Code   190  inv_mpu.o(.text)
    mpu_get_dmp_state                        0x0800305f   Thumb Code    14  inv_mpu.o(.text)
    setup_compass                            0x0800306d   Thumb Code     6  inv_mpu.o(.text)
    mpu_get_compass_reg                      0x08003073   Thumb Code     8  inv_mpu.o(.text)
    mpu_get_compass_fsr                      0x0800307b   Thumb Code     8  inv_mpu.o(.text)
    mpu_lp_motion_interrupt                  0x08003083   Thumb Code   512  inv_mpu.o(.text)
    run_self_test                            0x08003283   Thumb Code   148  inv_mpu.o(.text)
    inv_row_2_scale                          0x08003317   Thumb Code    78  inv_mpu.o(.text)
    inv_orientation_matrix_to_scalar         0x08003365   Thumb Code    40  inv_mpu.o(.text)
    mpu_dmp_init                             0x0800338d   Thumb Code   154  inv_mpu.o(.text)
    mpu_dmp_get_data                         0x08003427   Thumb Code   554  inv_mpu.o(.text)
    dmp_load_motion_driver_firmware          0x08003655   Thumb Code    20  inv_mpu_dmp_motion_driver.o(.text)
    dmp_set_orientation                      0x08003669   Thumb Code   290  inv_mpu_dmp_motion_driver.o(.text)
    dmp_set_gyro_bias                        0x0800378b   Thumb Code   294  inv_mpu_dmp_motion_driver.o(.text)
    dmp_set_accel_bias                       0x080038b1   Thumb Code   300  inv_mpu_dmp_motion_driver.o(.text)
    dmp_set_fifo_rate                        0x080039dd   Thumb Code   136  inv_mpu_dmp_motion_driver.o(.text)
    dmp_get_fifo_rate                        0x08003a65   Thumb Code    12  inv_mpu_dmp_motion_driver.o(.text)
    dmp_set_tap_thresh                       0x08003a71   Thumb Code   396  inv_mpu_dmp_motion_driver.o(.text)
    dmp_set_tap_axes                         0x08003bfd   Thumb Code    70  inv_mpu_dmp_motion_driver.o(.text)
    dmp_set_tap_count                        0x08003c43   Thumb Code    38  inv_mpu_dmp_motion_driver.o(.text)
    dmp_set_tap_time                         0x08003c69   Thumb Code    38  inv_mpu_dmp_motion_driver.o(.text)
    dmp_set_tap_time_multi                   0x08003c8f   Thumb Code    38  inv_mpu_dmp_motion_driver.o(.text)
    dmp_set_shake_reject_thresh              0x08003cb5   Thumb Code    56  inv_mpu_dmp_motion_driver.o(.text)
    dmp_set_shake_reject_time                0x08003ced   Thumb Code    38  inv_mpu_dmp_motion_driver.o(.text)
    dmp_set_shake_reject_timeout             0x08003d13   Thumb Code    38  inv_mpu_dmp_motion_driver.o(.text)
    dmp_get_pedometer_step_count             0x08003d39   Thumb Code    66  inv_mpu_dmp_motion_driver.o(.text)
    dmp_set_pedometer_step_count             0x08003d7b   Thumb Code    42  inv_mpu_dmp_motion_driver.o(.text)
    dmp_get_pedometer_walk_time              0x08003da5   Thumb Code    72  inv_mpu_dmp_motion_driver.o(.text)
    dmp_set_pedometer_walk_time              0x08003ded   Thumb Code    48  inv_mpu_dmp_motion_driver.o(.text)
    dmp_enable_6x_lp_quat                    0x08003e1d   Thumb Code    84  inv_mpu_dmp_motion_driver.o(.text)
    dmp_enable_lp_quat                       0x08003e71   Thumb Code    60  inv_mpu_dmp_motion_driver.o(.text)
    dmp_enable_gyro_cal                      0x08003ead   Thumb Code    62  inv_mpu_dmp_motion_driver.o(.text)
    dmp_enable_feature                       0x08003eeb   Thumb Code   530  inv_mpu_dmp_motion_driver.o(.text)
    dmp_get_enabled_features                 0x080040fd   Thumb Code    12  inv_mpu_dmp_motion_driver.o(.text)
    dmp_set_interrupt_mode                   0x08004167   Thumb Code    66  inv_mpu_dmp_motion_driver.o(.text)
    dmp_read_fifo                            0x080041a9   Thumb Code   514  inv_mpu_dmp_motion_driver.o(.text)
    dmp_register_tap_cb                      0x080043ab   Thumb Code    10  inv_mpu_dmp_motion_driver.o(.text)
    dmp_register_android_orient_cb           0x080043b5   Thumb Code    10  inv_mpu_dmp_motion_driver.o(.text)
    MyI2C_Init                               0x080043c5   Thumb Code    56  i2c.o(.text)
    MyI2C_Star                               0x080043fd   Thumb Code    66  i2c.o(.text)
    MyI2C_Stop                               0x0800443f   Thumb Code    62  i2c.o(.text)
    MyI2C_Wait_Ack                           0x0800447d   Thumb Code    86  i2c.o(.text)
    MyI2C_Ack                                0x080044d3   Thumb Code    66  i2c.o(.text)
    MyI2C_Write_Byte                         0x08004515   Thumb Code    94  i2c.o(.text)
    MyI2C_read_Byte                          0x08004573   Thumb Code    92  i2c.o(.text)
    MyI2C_Write_One_Byte                     0x080045cf   Thumb Code    58  i2c.o(.text)
    MyI2C_Read_One_Byte                      0x08004609   Thumb Code    74  i2c.o(.text)
    MPU_Set_LPF                              0x08004669   Thumb Code    60  mpu6050.o(.text)
    MPU_Set_Rate                             0x080046a5   Thumb Code    60  mpu6050.o(.text)
    MPU_Set_Accel_Fsr                        0x080046e1   Thumb Code    18  mpu6050.o(.text)
    MPU_Set_Gyro_Fsr                         0x080046f3   Thumb Code    18  mpu6050.o(.text)
    MPU_Init                                 0x08004705   Thumb Code   140  mpu6050.o(.text)
    MPU_Read_Len                             0x08004791   Thumb Code   112  mpu6050.o(.text)
    MPU_Get_Gyroscope                        0x08004801   Thumb Code    80  mpu6050.o(.text)
    MPU_Get_Accelerometer                    0x08004851   Thumb Code    80  mpu6050.o(.text)
    MPU_Write_Len                            0x080048a1   Thumb Code   100  mpu6050.o(.text)
    OLED_WDATA                               0x08004905   Thumb Code    56  oled.o(.text)
    OLED_WCMD                                0x0800493d   Thumb Code    48  oled.o(.text)
    OLED_Display_On                          0x0800496d   Thumb Code    22  oled.o(.text)
    OLED_SHOW16X16                           0x08004983   Thumb Code   232  oled.o(.text)
    OLED_SHOWNumber                          0x08004a6b   Thumb Code   476  oled.o(.text)
    show_char                                0x08004c47   Thumb Code   206  oled.o(.text)
    show_Str                                 0x08004d15   Thumb Code    58  oled.o(.text)
    OLED_SHOW_DRAW                           0x08004d4f   Thumb Code   232  oled.o(.text)
    Clear_OLED                               0x08004e37   Thumb Code    90  oled.o(.text)
    Horizontal_Scroll                        0x08004e91   Thumb Code    64  oled.o(.text)
    Vertical_and_Horizontal_Scroll           0x08004ed1   Thumb Code    80  oled.o(.text)
    OLED_Init                                0x08004f21   Thumb Code   202  oled.o(.text)
    BH1750_Init                              0x08004ff1   Thumb Code     8  bh.o(.text)
    Cmd_Write_BH1750                         0x08004ff9   Thumb Code    32  bh.o(.text)
    Start_BH1750                             0x08005019   Thumb Code    22  bh.o(.text)
    Read_BH1750                              0x0800502f   Thumb Code    44  bh.o(.text)
    Convert_BH1750                           0x0800505b   Thumb Code    66  bh.o(.text)
    __use_no_semihosting                     0x080050ad   Thumb Code     2  use_no_semi_2.o(.text)
    __aeabi_ldivmod                          0x080050af   Thumb Code     0  llsdiv.o(.text)
    _ll_sdiv                                 0x080050af   Thumb Code    72  llsdiv.o(.text)
    __2printf                                0x080050f9   Thumb Code    20  noretval__2printf.o(.text)
    _printf_pre_padding                      0x08005111   Thumb Code    44  _printf_pad.o(.text)
    _printf_post_padding                     0x0800513d   Thumb Code    34  _printf_pad.o(.text)
    _printf_int_dec                          0x08005161   Thumb Code   100  _printf_dec.o(.text)
    _printf_int_hex                          0x080051d5   Thumb Code    84  _printf_hex_int.o(.text)
    _printf_longlong_hex                     0x080051d5   Thumb Code     0  _printf_hex_int.o(.text)
    __printf                                 0x0800522d   Thumb Code   308  __printf_flags_wp.o(.text)
    memcmp                                   0x08005365   Thumb Code    88  memcmp.o(.text)
    __aeabi_memset                           0x080053bd   Thumb Code    16  aeabi_memset.o(.text)
    __use_two_region_memory                  0x080053cd   Thumb Code     2  heapauxi.o(.text)
    __rt_heap_escrow$2region                 0x080053cf   Thumb Code     2  heapauxi.o(.text)
    __rt_heap_expand$2region                 0x080053d1   Thumb Code     2  heapauxi.o(.text)
    __I$use$semihosting                      0x080053d3   Thumb Code     0  use_no_semi.o(.text)
    __use_no_semihosting_swi                 0x080053d3   Thumb Code     2  use_no_semi.o(.text)
    __aeabi_uldivmod                         0x080053d5   Thumb Code     0  lludivv7m.o(.text)
    _ll_udiv                                 0x080053d5   Thumb Code   238  lludivv7m.o(.text)
    __read_errno                             0x080054c3   Thumb Code    10  _rserrno.o(.text)
    __set_errno                              0x080054cd   Thumb Code    12  _rserrno.o(.text)
    _printf_int_common                       0x080054d9   Thumb Code   178  _printf_intcommon.o(.text)
    _printf_char_file                        0x0800558d   Thumb Code    32  _printf_char_file.o(.text)
    __aeabi_memclr                           0x080055b1   Thumb Code     0  rt_memclr.o(.text)
    __rt_memclr                              0x080055b1   Thumb Code    68  rt_memclr.o(.text)
    _memset                                  0x080055b5   Thumb Code     0  rt_memclr.o(.text)
    __aeabi_errno_addr                       0x080055f5   Thumb Code     8  rt_errno_addr_intlibspace.o(.text)
    __errno$intlibspace                      0x080055f5   Thumb Code     0  rt_errno_addr_intlibspace.o(.text)
    __rt_errno_addr$intlibspace              0x080055f5   Thumb Code     0  rt_errno_addr_intlibspace.o(.text)
    _printf_char_common                      0x08005607   Thumb Code    32  _printf_char_common.o(.text)
    ferror                                   0x0800562d   Thumb Code     8  ferror.o(.text)
    __aeabi_memclr4                          0x08005635   Thumb Code     0  rt_memclr_w.o(.text)
    __aeabi_memclr8                          0x08005635   Thumb Code     0  rt_memclr_w.o(.text)
    __rt_memclr_w                            0x08005635   Thumb Code    78  rt_memclr_w.o(.text)
    _memset_w                                0x08005639   Thumb Code     0  rt_memclr_w.o(.text)
    __user_libspace                          0x08005685   Thumb Code     8  libspace.o(.text)
    __user_perproc_libspace                  0x08005685   Thumb Code     0  libspace.o(.text)
    __user_perthread_libspace                0x08005685   Thumb Code     0  libspace.o(.text)
    __user_setup_stackheap                   0x0800568d   Thumb Code    74  sys_stackheap_outer.o(.text)
    exit                                     0x080056d7   Thumb Code    12  exit.o(.text)
    __ARM_fpclassify                         0x080056e3   Thumb Code    40  fpclassify.o(i.__ARM_fpclassify)
    __kernel_poly                            0x0800570b   Thumb Code   170  poly.o(i.__kernel_poly)
    __mathlib_dbl_underflow                  0x080057b5   Thumb Code    10  dunder.o(i.__mathlib_dbl_underflow)
    _is_digit                                0x080057c5   Thumb Code    14  __printf_wp.o(i._is_digit)
    asin                                     0x080057d5   Thumb Code   584  asin.o(i.asin)
    atan                                     0x08005a51   Thumb Code   478  atan.o(i.atan)
    atan2                                    0x08005c75   Thumb Code   346  atan2.o(i.atan2)
    pow                                      0x08005df5   Thumb Code  2510  pow.o(i.pow)
    sqrt                                     0x080067d5   Thumb Code    76  sqrt.o(i.sqrt)
    __aeabi_d2f                              0x08006821   Thumb Code     0  d2f.o(x$fpl$d2f)
    _d2f                                     0x08006821   Thumb Code    98  d2f.o(x$fpl$d2f)
    __aeabi_dadd                             0x08006885   Thumb Code     0  daddsub_clz.o(x$fpl$dadd)
    _dadd                                    0x08006885   Thumb Code   332  daddsub_clz.o(x$fpl$dadd)
    __fpl_dcheck_NaN1                        0x080069d5   Thumb Code    10  dcheck1.o(x$fpl$dcheck1)
    __fpl_dcmp_Inf                           0x080069e5   Thumb Code    24  dcmpi.o(x$fpl$dcmpinf)
    __aeabi_ddiv                             0x080069fd   Thumb Code     0  ddiv.o(x$fpl$ddiv)
    _ddiv                                    0x080069fd   Thumb Code   552  ddiv.o(x$fpl$ddiv)
    __aeabi_d2uiz                            0x08006cad   Thumb Code     0  dfixu.o(x$fpl$dfixu)
    _dfixu                                   0x08006cad   Thumb Code    90  dfixu.o(x$fpl$dfixu)
    __aeabi_i2d                              0x08006d07   Thumb Code     0  dflt_clz.o(x$fpl$dflt)
    _dflt                                    0x08006d07   Thumb Code    46  dflt_clz.o(x$fpl$dflt)
    __aeabi_cdcmple                          0x08006d35   Thumb Code     0  dleqf.o(x$fpl$dleqf)
    _dcmple                                  0x08006d35   Thumb Code   120  dleqf.o(x$fpl$dleqf)
    __fpl_dcmple_InfNaN                      0x08006d97   Thumb Code     0  dleqf.o(x$fpl$dleqf)
    __aeabi_dmul                             0x08006dad   Thumb Code     0  dmul.o(x$fpl$dmul)
    _dmul                                    0x08006dad   Thumb Code   332  dmul.o(x$fpl$dmul)
    __fpl_dnaninf                            0x08006f01   Thumb Code   156  dnaninf.o(x$fpl$dnaninf)
    __fpl_dretinf                            0x08006f9d   Thumb Code    12  dretinf.o(x$fpl$dretinf)
    __aeabi_cdrcmple                         0x08006fa9   Thumb Code     0  drleqf.o(x$fpl$drleqf)
    _drcmple                                 0x08006fa9   Thumb Code   108  drleqf.o(x$fpl$drleqf)
    __aeabi_drsub                            0x08007015   Thumb Code     0  daddsub_clz.o(x$fpl$drsb)
    _drsb                                    0x08007015   Thumb Code    22  daddsub_clz.o(x$fpl$drsb)
    _dsqrt                                   0x0800702d   Thumb Code   456  dsqrt_noumaal.o(x$fpl$dsqrt)
    __aeabi_dsub                             0x080071f9   Thumb Code     0  daddsub_clz.o(x$fpl$dsub)
    _dsub                                    0x080071f9   Thumb Code   464  daddsub_clz.o(x$fpl$dsub)
    __aeabi_f2d                              0x080073cd   Thumb Code     0  f2d.o(x$fpl$f2d)
    _f2d                                     0x080073cd   Thumb Code    86  f2d.o(x$fpl$f2d)
    __aeabi_fadd                             0x08007425   Thumb Code     0  faddsub_clz.o(x$fpl$fadd)
    _fadd                                    0x08007425   Thumb Code   196  faddsub_clz.o(x$fpl$fadd)
    __fpl_fcmp_Inf                           0x080074e9   Thumb Code    24  fcmpi.o(x$fpl$fcmpinf)
    __aeabi_fdiv                             0x08007501   Thumb Code     0  fdiv.o(x$fpl$fdiv)
    _fdiv                                    0x08007501   Thumb Code   384  fdiv.o(x$fpl$fdiv)
    __aeabi_cfcmpeq                          0x08007685   Thumb Code     0  feqf.o(x$fpl$feqf)
    _fcmpeq                                  0x08007685   Thumb Code   104  feqf.o(x$fpl$feqf)
    __aeabi_f2iz                             0x080076ed   Thumb Code     0  ffix.o(x$fpl$ffix)
    _ffix                                    0x080076ed   Thumb Code    54  ffix.o(x$fpl$ffix)
    __aeabi_f2uiz                            0x08007725   Thumb Code     0  ffixu.o(x$fpl$ffixu)
    _ffixu                                   0x08007725   Thumb Code    62  ffixu.o(x$fpl$ffixu)
    __aeabi_i2f                              0x08007765   Thumb Code     0  fflt_clz.o(x$fpl$fflt)
    _fflt                                    0x08007765   Thumb Code    48  fflt_clz.o(x$fpl$fflt)
    __aeabi_ui2f                             0x08007795   Thumb Code     0  fflt_clz.o(x$fpl$ffltu)
    _ffltu                                   0x08007795   Thumb Code    38  fflt_clz.o(x$fpl$ffltu)
    __aeabi_cfcmple                          0x080077bd   Thumb Code     0  fleqf.o(x$fpl$fleqf)
    _fcmple                                  0x080077bd   Thumb Code   104  fleqf.o(x$fpl$fleqf)
    __fpl_fcmple_InfNaN                      0x0800780f   Thumb Code     0  fleqf.o(x$fpl$fleqf)
    __aeabi_fmul                             0x08007825   Thumb Code     0  fmul.o(x$fpl$fmul)
    _fmul                                    0x08007825   Thumb Code   258  fmul.o(x$fpl$fmul)
    __fpl_fnaninf                            0x08007927   Thumb Code   140  fnaninf.o(x$fpl$fnaninf)
    __fpl_fretinf                            0x080079b3   Thumb Code    10  fretinf.o(x$fpl$fretinf)
    __aeabi_cfrcmple                         0x080079bd   Thumb Code     0  frleqf.o(x$fpl$frleqf)
    _frcmple                                 0x080079bd   Thumb Code    98  frleqf.o(x$fpl$frleqf)
    __aeabi_fsub                             0x08007a21   Thumb Code     0  faddsub_clz.o(x$fpl$fsub)
    _fsub                                    0x08007a21   Thumb Code   234  faddsub_clz.o(x$fpl$fsub)
    __fpl_return_NaN                         0x08007b0b   Thumb Code   100  retnan.o(x$fpl$retnan)
    __ARM_scalbn                             0x08007b6f   Thumb Code    92  scalbn.o(x$fpl$scalbn)
    __fpl_cmpreturn                          0x08007bcb   Thumb Code    48  trapv.o(x$fpl$trapveneer)
    __I$use$fp                               0x08007bfa   Number         0  usenofp.o(x$fpl$usenofp)
    reg                                      0x08007bfc   Data          27  inv_mpu.o(.constdata)
    hw                                       0x08007c18   Data          12  inv_mpu.o(.constdata)
    test                                     0x08007c24   Data          40  inv_mpu.o(.constdata)
    asc2_1608                                0x08008842   Data        1520  oled.o(.constdata)
    __mathlib_zero                           0x08008fe0   Data           8  qnan.o(.constdata)
    Region$$Table$$Base                      0x08009038   Number         0  anon$$obj.o(Region$$Table)
    Region$$Table$$Limit                     0x08009058   Number         0  anon$$obj.o(Region$$Table)
    key                                      0x20000000   Data           1  main.o(.data)
    SystemCoreClock                          0x20000004   Data           4  system_stm32f10x.o(.data)
    AHBPrescTable                            0x20000008   Data          16  system_stm32f10x.o(.data)
    __stdout                                 0x20000030   Data           4  usart.o(.data)
    USART_RX_STA                             0x20000034   Data           2  usart.o(.data)
    OLED_GRAM                                0x2000006d   Data        1024  oled.o(.data)
    tamperator                               0x2000046d   Data         280  oled.o(.data)
    wen                                      0x20000585   Data          80  oled.o(.data)
    shi                                      0x200005d5   Data          80  oled.o(.data)
    number                                   0x20000625   Data         160  oled.o(.data)
    ERROR___                                 0x200006c5   Data         128  oled.o(.data)
    result_lx                                0x20000748   Data           4  bh.o(.data)
    BUF                                      0x2000074c   Data           2  bh.o(.data)
    result                                   0x2000074e   Data           2  bh.o(.data)
    USART_RX_BUF                             0x20000750   Data         200  usart.o(.bss)
    __libspace_start                         0x20000828   Data          96  libspace.o(.bss)
    __temporary_stack_top$libspace           0x20000888   Data           0  libspace.o(.bss)



==============================================================================

Memory Map of the image

  Image Entry point : 0x08000131

  Load Region LR_IROM1 (Base: 0x08000000, Size: 0x000097a8, Max: 0x00040000, ABSOLUTE, COMPRESSED[0x00009534])

    Execution Region ER_IROM1 (Base: 0x08000000, Size: 0x00009058, Max: 0x00040000, ABSOLUTE)

    Base Addr    Size         Type   Attr      Idx    E Section Name        Object

    0x08000000   0x00000130   Data   RO          173    RESET               startup_stm32f10x_hd.o
    0x08000130   0x00000008   Code   RO          722  * !!!main             c_w.l(__main.o)
    0x08000138   0x00000034   Code   RO         1050    !!!scatter          c_w.l(__scatter.o)
    0x0800016c   0x0000005a   Code   RO         1048    !!dczerorl2         c_w.l(__dczerorl2.o)
    0x080001c6   0x00000002   PAD
    0x080001c8   0x0000001c   Code   RO         1052    !!handler_zi        c_w.l(__scatter_zi.o)
    0x080001e4   0x00000000   Code   RO          715    .ARM.Collect$$_printf_percent$$00000000  c_w.l(_printf_percent.o)
    0x080001e4   0x00000006   Code   RO          714    .ARM.Collect$$_printf_percent$$00000009  c_w.l(_printf_d.o)
    0x080001ea   0x00000006   Code   RO          713    .ARM.Collect$$_printf_percent$$0000000C  c_w.l(_printf_x.o)
    0x080001f0   0x00000004   Code   RO          815    .ARM.Collect$$_printf_percent$$00000017  c_w.l(_printf_percent_end.o)
    0x080001f4   0x00000002   Code   RO          918    .ARM.Collect$$libinit$$00000000  c_w.l(libinit.o)
    0x080001f6   0x00000000   Code   RO          930    .ARM.Collect$$libinit$$00000002  c_w.l(libinit2.o)
    0x080001f6   0x00000000   Code   RO          933    .ARM.Collect$$libinit$$00000008  c_w.l(libinit2.o)
    0x080001f6   0x00000000   Code   RO          935    .ARM.Collect$$libinit$$0000000A  c_w.l(libinit2.o)
    0x080001f6   0x00000000   Code   RO          937    .ARM.Collect$$libinit$$0000000C  c_w.l(libinit2.o)
    0x080001f6   0x00000000   Code   RO          940    .ARM.Collect$$libinit$$0000000F  c_w.l(libinit2.o)
    0x080001f6   0x00000000   Code   RO          942    .ARM.Collect$$libinit$$00000011  c_w.l(libinit2.o)
    0x080001f6   0x00000000   Code   RO          944    .ARM.Collect$$libinit$$00000013  c_w.l(libinit2.o)
    0x080001f6   0x00000000   Code   RO          946    .ARM.Collect$$libinit$$00000015  c_w.l(libinit2.o)
    0x080001f6   0x00000000   Code   RO          948    .ARM.Collect$$libinit$$00000017  c_w.l(libinit2.o)
    0x080001f6   0x00000000   Code   RO          950    .ARM.Collect$$libinit$$00000019  c_w.l(libinit2.o)
    0x080001f6   0x00000000   Code   RO          952    .ARM.Collect$$libinit$$0000001B  c_w.l(libinit2.o)
    0x080001f6   0x00000000   Code   RO          954    .ARM.Collect$$libinit$$0000001D  c_w.l(libinit2.o)
    0x080001f6   0x00000000   Code   RO          956    .ARM.Collect$$libinit$$0000001F  c_w.l(libinit2.o)
    0x080001f6   0x00000000   Code   RO          958    .ARM.Collect$$libinit$$00000021  c_w.l(libinit2.o)
    0x080001f6   0x00000000   Code   RO          960    .ARM.Collect$$libinit$$00000023  c_w.l(libinit2.o)
    0x080001f6   0x00000000   Code   RO          964    .ARM.Collect$$libinit$$0000002A  c_w.l(libinit2.o)
    0x080001f6   0x00000000   Code   RO          966    .ARM.Collect$$libinit$$0000002C  c_w.l(libinit2.o)
    0x080001f6   0x00000000   Code   RO          968    .ARM.Collect$$libinit$$0000002E  c_w.l(libinit2.o)
    0x080001f6   0x00000000   Code   RO          970    .ARM.Collect$$libinit$$00000030  c_w.l(libinit2.o)
    0x080001f6   0x00000002   Code   RO          971    .ARM.Collect$$libinit$$00000031  c_w.l(libinit2.o)
    0x080001f8   0x00000002   Code   RO         1001    .ARM.Collect$$libshutdown$$00000000  c_w.l(libshutdown.o)
    0x080001fa   0x00000000   Code   RO         1016    .ARM.Collect$$libshutdown$$00000003  c_w.l(libshutdown2.o)
    0x080001fa   0x00000000   Code   RO         1019    .ARM.Collect$$libshutdown$$00000006  c_w.l(libshutdown2.o)
    0x080001fa   0x00000000   Code   RO         1022    .ARM.Collect$$libshutdown$$00000009  c_w.l(libshutdown2.o)
    0x080001fa   0x00000000   Code   RO         1024    .ARM.Collect$$libshutdown$$0000000B  c_w.l(libshutdown2.o)
    0x080001fa   0x00000000   Code   RO         1027    .ARM.Collect$$libshutdown$$0000000E  c_w.l(libshutdown2.o)
    0x080001fa   0x00000002   Code   RO         1028    .ARM.Collect$$libshutdown$$0000000F  c_w.l(libshutdown2.o)
    0x080001fc   0x00000000   Code   RO          806    .ARM.Collect$$rtentry$$00000000  c_w.l(rtentry.o)
    0x080001fc   0x00000000   Code   RO          865    .ARM.Collect$$rtentry$$00000002  c_w.l(rtentry2.o)
    0x080001fc   0x00000006   Code   RO          877    .ARM.Collect$$rtentry$$00000004  c_w.l(rtentry4.o)
    0x08000202   0x00000000   Code   RO          867    .ARM.Collect$$rtentry$$00000009  c_w.l(rtentry2.o)
    0x08000202   0x00000004   Code   RO          868    .ARM.Collect$$rtentry$$0000000A  c_w.l(rtentry2.o)
    0x08000206   0x00000000   Code   RO          870    .ARM.Collect$$rtentry$$0000000C  c_w.l(rtentry2.o)
    0x08000206   0x00000008   Code   RO          871    .ARM.Collect$$rtentry$$0000000D  c_w.l(rtentry2.o)
    0x0800020e   0x00000002   Code   RO          923    .ARM.Collect$$rtexit$$00000000  c_w.l(rtexit.o)
    0x08000210   0x00000000   Code   RO          975    .ARM.Collect$$rtexit$$00000002  c_w.l(rtexit2.o)
    0x08000210   0x00000004   Code   RO          976    .ARM.Collect$$rtexit$$00000003  c_w.l(rtexit2.o)
    0x08000214   0x00000006   Code   RO          977    .ARM.Collect$$rtexit$$00000004  c_w.l(rtexit2.o)
    0x0800021a   0x00000002   PAD
    0x0800021c   0x00000178   Code   RO            1    .text               main.o
    0x08000394   0x0000001a   Code   RO          127    .text               stm32f10x_it.o
    0x080003ae   0x00000002   PAD
    0x080003b0   0x000001e0   Code   RO          142    .text               system_stm32f10x.o
    0x08000590   0x00000040   Code   RO          174    .text               startup_stm32f10x_hd.o
    0x080005d0   0x000000dc   Code   RO          178    .text               misc.o
    0x080006ac   0x0000035c   Code   RO          348    .text               stm32f10x_gpio.o
    0x08000a08   0x000003a4   Code   RO          396    .text               stm32f10x_rcc.o
    0x08000dac   0x00000408   Code   RO          458    .text               stm32f10x_usart.o
    0x080011b4   0x000000d4   Code   RO          482    .text               delay.o
    0x08001288   0x00000140   Code   RO          512    .text               usart.o
    0x080013c8   0x0000228c   Code   RO          535    .text               inv_mpu.o
    0x08003654   0x00000d70   Code   RO          576    .text               inv_mpu_dmp_motion_driver.o
    0x080043c4   0x000002a4   Code   RO          601    .text               i2c.o
    0x08004668   0x0000029c   Code   RO          613    .text               mpu6050.o
    0x08004904   0x000006ec   Code   RO          625    .text               oled.o
    0x08004ff0   0x000000bc   Code   RO          641    .text               bh.o
    0x080050ac   0x00000002   Code   RO          658    .text               c_w.l(use_no_semi_2.o)
    0x080050ae   0x00000048   Code   RO          660    .text               c_w.l(llsdiv.o)
    0x080050f6   0x00000002   PAD
    0x080050f8   0x00000018   Code   RO          664    .text               c_w.l(noretval__2printf.o)
    0x08005110   0x0000004e   Code   RO          668    .text               c_w.l(_printf_pad.o)
    0x0800515e   0x00000002   PAD
    0x08005160   0x00000074   Code   RO          670    .text               c_w.l(_printf_dec.o)
    0x080051d4   0x00000058   Code   RO          675    .text               c_w.l(_printf_hex_int.o)
    0x0800522c   0x00000138   Code   RO          705    .text               c_w.l(__printf_flags_wp.o)
    0x08005364   0x00000058   Code   RO          716    .text               c_w.l(memcmp.o)
    0x080053bc   0x00000010   Code   RO          718    .text               c_w.l(aeabi_memset.o)
    0x080053cc   0x00000006   Code   RO          720    .text               c_w.l(heapauxi.o)
    0x080053d2   0x00000002   Code   RO          804    .text               c_w.l(use_no_semi.o)
    0x080053d4   0x000000ee   Code   RO          807    .text               c_w.l(lludivv7m.o)
    0x080054c2   0x00000016   Code   RO          809    .text               c_w.l(_rserrno.o)
    0x080054d8   0x000000b2   Code   RO          811    .text               c_w.l(_printf_intcommon.o)
    0x0800558a   0x00000002   PAD
    0x0800558c   0x00000024   Code   RO          813    .text               c_w.l(_printf_char_file.o)
    0x080055b0   0x00000044   Code   RO          816    .text               c_w.l(rt_memclr.o)
    0x080055f4   0x00000008   Code   RO          886    .text               c_w.l(rt_errno_addr_intlibspace.o)
    0x080055fc   0x00000030   Code   RO          888    .text               c_w.l(_printf_char_common.o)
    0x0800562c   0x00000008   Code   RO          890    .text               c_w.l(ferror.o)
    0x08005634   0x0000004e   Code   RO          894    .text               c_w.l(rt_memclr_w.o)
    0x08005682   0x00000002   PAD
    0x08005684   0x00000008   Code   RO          902    .text               c_w.l(libspace.o)
    0x0800568c   0x0000004a   Code   RO          905    .text               c_w.l(sys_stackheap_outer.o)
    0x080056d6   0x0000000c   Code   RO          911    .text               c_w.l(exit.o)
    0x080056e2   0x00000028   Code   RO          851    i.__ARM_fpclassify  m_ws.l(fpclassify.o)
    0x0800570a   0x000000aa   Code   RO          853    i.__kernel_poly     m_ws.l(poly.o)
    0x080057b4   0x00000010   Code   RO          849    i.__mathlib_dbl_underflow  m_ws.l(dunder.o)
    0x080057c4   0x0000000e   Code   RO          703    i._is_digit         c_w.l(__printf_wp.o)
    0x080057d2   0x00000002   PAD
    0x080057d4   0x0000027c   Code   RO          777    i.asin              m_ws.l(asin.o)
    0x08005a50   0x00000224   Code   RO          840    i.atan              m_ws.l(atan.o)
    0x08005c74   0x00000180   Code   RO          787    i.atan2             m_ws.l(atan2.o)
    0x08005df4   0x000009e0   Code   RO          795    i.pow               m_ws.l(pow.o)
    0x080067d4   0x0000004c   Code   RO          857    i.sqrt              m_ws.l(sqrt.o)
    0x08006820   0x00000062   Code   RO          724    x$fpl$d2f           fz_ws.l(d2f.o)
    0x08006882   0x00000002   PAD
    0x08006884   0x00000150   Code   RO          818    x$fpl$dadd          fz_ws.l(daddsub_clz.o)
    0x080069d4   0x00000010   Code   RO          896    x$fpl$dcheck1       fz_ws.l(dcheck1.o)
    0x080069e4   0x00000018   Code   RO          919    x$fpl$dcmpinf       fz_ws.l(dcmpi.o)
    0x080069fc   0x000002b0   Code   RO          727    x$fpl$ddiv          fz_ws.l(ddiv.o)
    0x08006cac   0x0000005a   Code   RO          730    x$fpl$dfixu         fz_ws.l(dfixu.o)
    0x08006d06   0x0000002e   Code   RO          735    x$fpl$dflt          fz_ws.l(dflt_clz.o)
    0x08006d34   0x00000078   Code   RO          898    x$fpl$dleqf         fz_ws.l(dleqf.o)
    0x08006dac   0x00000154   Code   RO          740    x$fpl$dmul          fz_ws.l(dmul.o)
    0x08006f00   0x0000009c   Code   RO          824    x$fpl$dnaninf       fz_ws.l(dnaninf.o)
    0x08006f9c   0x0000000c   Code   RO          826    x$fpl$dretinf       fz_ws.l(dretinf.o)
    0x08006fa8   0x0000006c   Code   RO          828    x$fpl$drleqf        fz_ws.l(drleqf.o)
    0x08007014   0x00000016   Code   RO          819    x$fpl$drsb          fz_ws.l(daddsub_clz.o)
    0x0800702a   0x00000002   PAD
    0x0800702c   0x000001cc   Code   RO          900    x$fpl$dsqrt         fz_ws.l(dsqrt_noumaal.o)
    0x080071f8   0x000001d4   Code   RO          820    x$fpl$dsub          fz_ws.l(daddsub_clz.o)
    0x080073cc   0x00000056   Code   RO          742    x$fpl$f2d           fz_ws.l(f2d.o)
    0x08007422   0x00000002   PAD
    0x08007424   0x000000c4   Code   RO          744    x$fpl$fadd          fz_ws.l(faddsub_clz.o)
    0x080074e8   0x00000018   Code   RO          830    x$fpl$fcmpinf       fz_ws.l(fcmpi.o)
    0x08007500   0x00000184   Code   RO          751    x$fpl$fdiv          fz_ws.l(fdiv.o)
    0x08007684   0x00000068   Code   RO          754    x$fpl$feqf          fz_ws.l(feqf.o)
    0x080076ec   0x00000036   Code   RO          756    x$fpl$ffix          fz_ws.l(ffix.o)
    0x08007722   0x00000002   PAD
    0x08007724   0x0000003e   Code   RO          760    x$fpl$ffixu         fz_ws.l(ffixu.o)
    0x08007762   0x00000002   PAD
    0x08007764   0x00000030   Code   RO          765    x$fpl$fflt          fz_ws.l(fflt_clz.o)
    0x08007794   0x00000026   Code   RO          764    x$fpl$ffltu         fz_ws.l(fflt_clz.o)
    0x080077ba   0x00000002   PAD
    0x080077bc   0x00000068   Code   RO          770    x$fpl$fleqf         fz_ws.l(fleqf.o)
    0x08007824   0x00000102   Code   RO          772    x$fpl$fmul          fz_ws.l(fmul.o)
    0x08007926   0x0000008c   Code   RO          832    x$fpl$fnaninf       fz_ws.l(fnaninf.o)
    0x080079b2   0x0000000a   Code   RO          834    x$fpl$fretinf       fz_ws.l(fretinf.o)
    0x080079bc   0x00000062   Code   RO          774    x$fpl$frleqf        fz_ws.l(frleqf.o)
    0x08007a1e   0x00000002   PAD
    0x08007a20   0x000000ea   Code   RO          746    x$fpl$fsub          fz_ws.l(faddsub_clz.o)
    0x08007b0a   0x00000064   Code   RO          921    x$fpl$retnan        fz_ws.l(retnan.o)
    0x08007b6e   0x0000005c   Code   RO          836    x$fpl$scalbn        fz_ws.l(scalbn.o)
    0x08007bca   0x00000030   Code   RO          972    x$fpl$trapveneer    fz_ws.l(trapv.o)
    0x08007bfa   0x00000000   Code   RO          838    x$fpl$usenofp       fz_ws.l(usenofp.o)
    0x08007bfa   0x00000002   PAD
    0x08007bfc   0x00000050   Data   RO          536    .constdata          inv_mpu.o
    0x08007c4c   0x00000bf6   Data   RO          578    .constdata          inv_mpu_dmp_motion_driver.o
    0x08008842   0x000005f0   Data   RO          626    .constdata          oled.o
    0x08008e32   0x00000028   Data   RO          676    .constdata          c_w.l(_printf_hex_int.o)
    0x08008e5a   0x00000011   Data   RO          706    .constdata          c_w.l(__printf_flags_wp.o)
    0x08008e6b   0x00000005   PAD
    0x08008e70   0x00000050   Data   RO          778    .constdata          m_ws.l(asin.o)
    0x08008ec0   0x00000088   Data   RO          796    .constdata          m_ws.l(pow.o)
    0x08008f48   0x00000098   Data   RO          841    .constdata          m_ws.l(atan.o)
    0x08008fe0   0x00000008   Data   RO          855    .constdata          m_ws.l(qnan.o)
    0x08008fe8   0x0000004d   Data   RO          537    .conststring        inv_mpu.o
    0x08009035   0x00000003   PAD
    0x08009038   0x00000020   Data   RO         1046    Region$$Table       anon$$obj.o


    Execution Region RW_IRAM1 (Base: 0x20000000, Size: 0x00000e88, Max: 0x0000c000, ABSOLUTE, COMPRESSED[0x000004dc])

    Base Addr    Size         Type   Attr      Idx    E Section Name        Object

    0x20000000   0x00000001   Data   RW            3    .data               main.o
    0x20000001   0x00000003   PAD
    0x20000004   0x00000014   Data   RW          143    .data               system_stm32f10x.o
    0x20000018   0x00000014   Data   RW          397    .data               stm32f10x_rcc.o
    0x2000002c   0x00000004   Data   RW          483    .data               delay.o
    0x20000030   0x00000006   Data   RW          514    .data               usart.o
    0x20000036   0x00000002   PAD
    0x20000038   0x00000035   Data   RW          538    .data               inv_mpu.o
    0x2000006d   0x000006d8   Data   RW          627    .data               oled.o
    0x20000745   0x00000003   PAD
    0x20000748   0x00000008   Data   RW          642    .data               bh.o
    0x20000750   0x000000c8   Zero   RW          513    .bss                usart.o
    0x20000818   0x00000010   Zero   RW          577    .bss                inv_mpu_dmp_motion_driver.o
    0x20000828   0x00000060   Zero   RW          903    .bss                c_w.l(libspace.o)
    0x20000888   0x00000200   Zero   RW          172    HEAP                startup_stm32f10x_hd.o
    0x20000a88   0x00000400   Zero   RW          171    STACK               startup_stm32f10x_hd.o


==============================================================================

Image component sizes


      Code (inc. data)   RO Data    RW Data    ZI Data      Debug   Object Name

       188         16          0          8          0       1758   bh.o
         0          0          0          0          0         32   core_cm3.o
       212         18          0          4          0       1019   delay.o
       676         22          0          0          0       2374   i2c.o
      8844        198        157         53          0      23249   inv_mpu.o
      3440        126       3062          0         16      15039   inv_mpu_dmp_motion_driver.o
       376          6          0          1          0     232180   main.o
       220         22          0          0          0     206605   misc.o
       668          0          0          0          0       3362   mpu6050.o
      1772         26       1520       1752          0       6075   oled.o
        64         26        304          0       1536        792   startup_stm32f10x_hd.o
       860         38          0          0          0       5661   stm32f10x_gpio.o
        26          0          0          0          0       1198   stm32f10x_it.o
       932         36          0         20          0       8840   stm32f10x_rcc.o
      1032         22          0          0          0       8388   stm32f10x_usart.o
       480         38          0         20          0       1767   system_stm32f10x.o
       320         16          0          6        200       3122   usart.o

    ----------------------------------------------------------------------
     20112        610       5078       1872       1752     521461   Object Totals
         0          0         32          0          0          0   (incl. Generated)
         2          0          3          8          0          0   (incl. Padding)

    ----------------------------------------------------------------------

      Code (inc. data)   RO Data    RW Data    ZI Data      Debug   Library Member Name

        90          0          0          0          0          0   __dczerorl2.o
         8          0          0          0          0         68   __main.o
       312          4         17          0          0         92   __printf_flags_wp.o
        14          0          0          0          0         68   __printf_wp.o
        52          8          0          0          0          0   __scatter.o
        28          0          0          0          0          0   __scatter_zi.o
        48          6          0          0          0         96   _printf_char_common.o
        36          4          0          0          0         80   _printf_char_file.o
         6          0          0          0          0          0   _printf_d.o
       116         16          0          0          0         92   _printf_dec.o
        88          4         40          0          0         88   _printf_hex_int.o
       178          0          0          0          0         88   _printf_intcommon.o
        78          0          0          0          0        108   _printf_pad.o
         0          0          0          0          0          0   _printf_percent.o
         4          0          0          0          0          0   _printf_percent_end.o
         6          0          0          0          0          0   _printf_x.o
        22          0          0          0          0        100   _rserrno.o
        16          0          0          0          0         68   aeabi_memset.o
        12          0          0          0          0         72   exit.o
         8          0          0          0          0         68   ferror.o
         6          0          0          0          0        152   heapauxi.o
         2          0          0          0          0          0   libinit.o
         2          0          0          0          0          0   libinit2.o
         2          0          0          0          0          0   libshutdown.o
         2          0          0          0          0          0   libshutdown2.o
         8          4          0          0         96         68   libspace.o
        72          0          0          0          0         76   llsdiv.o
       238          0          0          0          0        100   lludivv7m.o
        88          0          0          0          0         76   memcmp.o
        24          4          0          0          0         84   noretval__2printf.o
         8          4          0          0          0         68   rt_errno_addr_intlibspace.o
        68          0          0          0          0         68   rt_memclr.o
        78          0          0          0          0         80   rt_memclr_w.o
         0          0          0          0          0          0   rtentry.o
        12          0          0          0          0          0   rtentry2.o
         6          0          0          0          0          0   rtentry4.o
         2          0          0          0          0          0   rtexit.o
        10          0          0          0          0          0   rtexit2.o
        74          0          0          0          0         80   sys_stackheap_outer.o
         2          0          0          0          0         68   use_no_semi.o
         2          0          0          0          0         68   use_no_semi_2.o
        98          4          0          0          0         92   d2f.o
       826         16          0          0          0        348   daddsub_clz.o
        16          4          0          0          0         68   dcheck1.o
        24          0          0          0          0         68   dcmpi.o
       688        140          0          0          0        208   ddiv.o
        90          4          0          0          0         92   dfixu.o
        46          0          0          0          0         68   dflt_clz.o
       120          4          0          0          0         92   dleqf.o
       340         12          0          0          0        104   dmul.o
       156          4          0          0          0         92   dnaninf.o
        12          0          0          0          0         68   dretinf.o
       108          0          0          0          0         80   drleqf.o
       460         56          0          0          0        120   dsqrt_noumaal.o
        86          4          0          0          0         84   f2d.o
       430          8          0          0          0        168   faddsub_clz.o
        24          0          0          0          0         68   fcmpi.o
       388         76          0          0          0         96   fdiv.o
       104          4          0          0          0         84   feqf.o
        54          4          0          0          0         84   ffix.o
        62          4          0          0          0         84   ffixu.o
        86          0          0          0          0        136   fflt_clz.o
       104          4          0          0          0         84   fleqf.o
       258          4          0          0          0         84   fmul.o
       140          4          0          0          0         84   fnaninf.o
        10          0          0          0          0         68   fretinf.o
        98          0          0          0          0         68   frleqf.o
       100          0          0          0          0         68   retnan.o
        92          0          0          0          0         68   scalbn.o
        48          0          0          0          0         68   trapv.o
         0          0          0          0          0          0   usenofp.o
       636         52         80          0          0        168   asin.o
       548         70        152          0          0        124   atan.o
       384         38          0          0          0        144   atan2.o
        16          6          0          0          0         68   dunder.o
        40          0          0          0          0         68   fpclassify.o
       170          0          0          0          0         96   poly.o
      2528        190        136          0          0        332   pow.o
         0          0          8          0          0          0   qnan.o
        76          0          0          0          0         84   sqrt.o

    ----------------------------------------------------------------------
     11324        766        438          0         96       6056   Library Totals
        30          0          5          0          0          0   (incl. Padding)

    ----------------------------------------------------------------------

      Code (inc. data)   RO Data    RW Data    ZI Data      Debug   Library Name

      1828         54         57          0         96       2076   c_w.l
      5068        356          0          0          0       2896   fz_ws.l
      4398        356        376          0          0       1084   m_ws.l

    ----------------------------------------------------------------------
     11324        766        438          0         96       6056   Library Totals

    ----------------------------------------------------------------------

==============================================================================


      Code (inc. data)   RO Data    RW Data    ZI Data      Debug   

     31436       1376       5516       1872       1848     523041   Grand Totals
     31436       1376       5516       1244       1848     523041   ELF Image Totals (compressed)
     31436       1376       5516       1244          0          0   ROM Totals

==============================================================================

    Total RO  Size (Code + RO Data)                36952 (  36.09kB)
    Total RW  Size (RW Data + ZI Data)              3720 (   3.63kB)
    Total ROM Size (Code + RO Data + RW Data)      38196 (  37.30kB)

==============================================================================

