Component: ARM Compiler 5.05 update 1 (build 106) Tool: armlink [4d0efa]

==============================================================================

Section Cross References

    main.o(.text) refers to delay.o(.text) for delay_init
    main.o(.text) refers to misc.o(.text) for NVIC_PriorityGroupConfig
    main.o(.text) refers to usart.o(.text) for uart_init
    main.o(.text) refers to pwm.o(.text) for TIM4_PWM_Init
    main.o(.text) refers to stm32f10x_tim.o(.text) for TIM_SetCompare1
    main.o(.text) refers to i2c_soft.o(.text) for I2c_Soft_Init
    main.o(.text) refers to adc.o(.text) for Adc_Init
    main.o(.text) refers to mywifi.o(.text) for MyWIFI_Init
    main.o(.text) refers to bme280.o(.text) for bme280_init
    main.o(.text) refers to bme280_application.o(.text) for stream_sensor_data_normal_mode
    main.o(.text) refers to main.o(.conststring) for .conststring
    system_stm32f10x.o(.text) refers to system_stm32f10x.o(.data) for SystemCoreClock
    startup_stm32f10x_hd.o(STACK) refers (Special) to heapauxi.o(.text) for __use_two_region_memory
    startup_stm32f10x_hd.o(HEAP) refers (Special) to heapauxi.o(.text) for __use_two_region_memory
    startup_stm32f10x_hd.o(RESET) refers (Special) to heapauxi.o(.text) for __use_two_region_memory
    startup_stm32f10x_hd.o(RESET) refers to startup_stm32f10x_hd.o(STACK) for __initial_sp
    startup_stm32f10x_hd.o(RESET) refers to startup_stm32f10x_hd.o(.text) for Reset_Handler
    startup_stm32f10x_hd.o(RESET) refers to stm32f10x_it.o(.text) for NMI_Handler
    startup_stm32f10x_hd.o(RESET) refers to pwm.o(.text) for TIM1_UP_IRQHandler
    startup_stm32f10x_hd.o(RESET) refers to usart.o(.text) for USART1_IRQHandler
    startup_stm32f10x_hd.o(.text) refers (Special) to heapauxi.o(.text) for __use_two_region_memory
    startup_stm32f10x_hd.o(.text) refers to system_stm32f10x.o(.text) for SystemInit
    startup_stm32f10x_hd.o(.text) refers to __main.o(!!!main) for __main
    startup_stm32f10x_hd.o(.text) refers to startup_stm32f10x_hd.o(HEAP) for Heap_Mem
    startup_stm32f10x_hd.o(.text) refers to startup_stm32f10x_hd.o(STACK) for Stack_Mem
    stm32f10x_adc.o(.text) refers to stm32f10x_rcc.o(.text) for RCC_APB2PeriphResetCmd
    stm32f10x_bkp.o(.text) refers to stm32f10x_rcc.o(.text) for RCC_BackupResetCmd
    stm32f10x_can.o(.text) refers to stm32f10x_rcc.o(.text) for RCC_APB1PeriphResetCmd
    stm32f10x_cec.o(.text) refers to stm32f10x_rcc.o(.text) for RCC_APB1PeriphResetCmd
    stm32f10x_dac.o(.text) refers to stm32f10x_rcc.o(.text) for RCC_APB1PeriphResetCmd
    stm32f10x_gpio.o(.text) refers to stm32f10x_rcc.o(.text) for RCC_APB2PeriphResetCmd
    stm32f10x_i2c.o(.text) refers to stm32f10x_rcc.o(.text) for RCC_APB1PeriphResetCmd
    stm32f10x_pwr.o(.text) refers to stm32f10x_rcc.o(.text) for RCC_APB1PeriphResetCmd
    stm32f10x_rcc.o(.text) refers to stm32f10x_rcc.o(.data) for APBAHBPrescTable
    stm32f10x_spi.o(.text) refers to stm32f10x_rcc.o(.text) for RCC_APB2PeriphResetCmd
    stm32f10x_tim.o(.text) refers to stm32f10x_rcc.o(.text) for RCC_APB2PeriphResetCmd
    stm32f10x_usart.o(.text) refers to stm32f10x_rcc.o(.text) for RCC_APB2PeriphResetCmd
    stm32f10x_wwdg.o(.text) refers to stm32f10x_rcc.o(.text) for RCC_APB1PeriphResetCmd
    delay.o(.text) refers to misc.o(.text) for SysTick_CLKSourceConfig
    delay.o(.text) refers to system_stm32f10x.o(.data) for SystemCoreClock
    delay.o(.text) refers to delay.o(.data) for fac_us
    usart.o(.text) refers (Special) to use_no_semi_2.o(.text) for __use_no_semihosting
    usart.o(.text) refers to stm32f10x_rcc.o(.text) for RCC_APB2PeriphClockCmd
    usart.o(.text) refers to stm32f10x_gpio.o(.text) for GPIO_Init
    usart.o(.text) refers to misc.o(.text) for NVIC_Init
    usart.o(.text) refers to stm32f10x_usart.o(.text) for USART_Init
    usart.o(.text) refers to mywifi.o(.text) for Acceive_DATA
    usart.o(.text) refers to deal.o(.text) for TDS_acc
    usart.o(.bss) refers (Special) to use_no_semi_2.o(.text) for __use_no_semihosting
    usart.o(.data) refers (Special) to use_no_semi_2.o(.text) for __use_no_semihosting
    bme280.o(.text) refers to rt_memclr_w.o(.text) for __aeabi_memclr4
    bme280.o(.text) refers to dflt_clz.o(x$fpl$dflt) for __aeabi_i2d
    bme280.o(.text) refers to daddsub_clz.o(x$fpl$dsub) for __aeabi_dsub
    bme280.o(.text) refers to ddiv.o(x$fpl$ddiv) for __aeabi_ddiv
    bme280.o(.text) refers to dmul.o(x$fpl$dmul) for __aeabi_dmul
    bme280.o(.text) refers to daddsub_clz.o(x$fpl$dadd) for __aeabi_dadd
    bme280.o(.text) refers to dflt_clz.o(x$fpl$dfltu) for __aeabi_ui2d
    bme280.o(.text) refers to i2c_soft.o(.text) for user_i2c_read
    bme280.o(.text) refers to delay.o(.text) for delay_ms
    bme280.o(.text) refers to daddsub_clz.o(x$fpl$drsb) for __aeabi_drsub
    bme280.o(.text) refers to drleqf.o(x$fpl$drleqf) for __aeabi_cdrcmple
    bme280.o(.text) refers to dleqf.o(x$fpl$dleqf) for __aeabi_cdcmple
[...]
    ..\STM32F10X_FWLib\src\stm32f10x_sdio.c  0x00000000   Number         0  stm32f10x_sdio.o ABSOLUTE
    ..\STM32F10X_FWLib\src\stm32f10x_spi.c   0x00000000   Number         0  stm32f10x_spi.o ABSOLUTE
    ..\STM32F10X_FWLib\src\stm32f10x_tim.c   0x00000000   Number         0  stm32f10x_tim.o ABSOLUTE
    ..\STM32F10X_FWLib\src\stm32f10x_usart.c 0x00000000   Number         0  stm32f10x_usart.o ABSOLUTE
    ..\STM32F10X_FWLib\src\stm32f10x_wwdg.c  0x00000000   Number         0  stm32f10x_wwdg.o ABSOLUTE
    ..\SYSTEM\delay.c                        0x00000000   Number         0  delay.o ABSOLUTE
    ..\SYSTEM\sys.c                          0x00000000   Number         0  sys.o ABSOLUTE
    ..\SYSTEM\usart.c                        0x00000000   Number         0  usart.o ABSOLUTE
    ..\\CORE\\core_cm3.c                     0x00000000   Number         0  core_cm3.o ABSOLUTE
    ..\\SYSTEM\\sys.c                        0x00000000   Number         0  sys.o ABSOLUTE
    dc.s                                     0x00000000   Number         0  dc.o ABSOLUTE
    main.c                                   0x00000000   Number         0  main.o ABSOLUTE
    stm32f10x_it.c                           0x00000000   Number         0  stm32f10x_it.o ABSOLUTE
    system_stm32f10x.c                       0x00000000   Number         0  system_stm32f10x.o ABSOLUTE
    RESET                                    0x08000000   Section      304  startup_stm32f10x_hd.o(RESET)
    !!!main                                  0x08000130   Section        8  __main.o(!!!main)
    !!!scatter                               0x08000138   Section       52  __scatter.o(!!!scatter)
    !!handler_copy                           0x0800016c   Section       26  __scatter_copy.o(!!handler_copy)
    !!handler_zi                             0x08000188   Section       28  __scatter_zi.o(!!handler_zi)
    .ARM.Collect$$libinit$$00000000          0x080001a4   Section        2  libinit.o(.ARM.Collect$$libinit$$00000000)
    .ARM.Collect$$libinit$$00000002          0x080001a6   Section        0  libinit2.o(.ARM.Collect$$libinit$$00000002)
    .ARM.Collect$$libinit$$00000004          0x080001a6   Section        0  libinit2.o(.ARM.Collect$$libinit$$00000004)
    .ARM.Collect$$libinit$$0000000A          0x080001a6   Section        0  libinit2.o(.ARM.Collect$$libinit$$0000000A)
    .ARM.Collect$$libinit$$0000000C          0x080001a6   Section        0  libinit2.o(.ARM.Collect$$libinit$$0000000C)
    .ARM.Collect$$libinit$$0000000E          0x080001a6   Section        0  libinit2.o(.ARM.Collect$$libinit$$0000000E)
    .ARM.Collect$$libinit$$00000011          0x080001a6   Section        0  libinit2.o(.ARM.Collect$$libinit$$00000011)
    .ARM.Collect$$libinit$$00000013          0x080001a6   Section        0  libinit2.o(.ARM.Collect$$libinit$$00000013)
    .ARM.Collect$$libinit$$00000015          0x080001a6   Section        0  libinit2.o(.ARM.Collect$$libinit$$00000015)
    .ARM.Collect$$libinit$$00000017          0x080001a6   Section        0  libinit2.o(.ARM.Collect$$libinit$$00000017)
    .ARM.Collect$$libinit$$00000019          0x080001a6   Section        0  libinit2.o(.ARM.Collect$$libinit$$00000019)
    .ARM.Collect$$libinit$$0000001B          0x080001a6   Section        0  libinit2.o(.ARM.Collect$$libinit$$0000001B)
    .ARM.Collect$$libinit$$0000001D          0x080001a6   Section        0  libinit2.o(.ARM.Collect$$libinit$$0000001D)
    .ARM.Collect$$libinit$$0000001F          0x080001a6   Section        0  libinit2.o(.ARM.Collect$$libinit$$0000001F)
    .ARM.Collect$$libinit$$00000021          0x080001a6   Section        0  libinit2.o(.ARM.Collect$$libinit$$00000021)
    .ARM.Collect$$libinit$$00000023          0x080001a6   Section        0  libinit2.o(.ARM.Collect$$libinit$$00000023)
    .ARM.Collect$$libinit$$00000025          0x080001a6   Section        0  libinit2.o(.ARM.Collect$$libinit$$00000025)
    .ARM.Collect$$libinit$$0000002C          0x080001a6   Section        0  libinit2.o(.ARM.Collect$$libinit$$0000002C)
    .ARM.Collect$$libinit$$0000002E          0x080001a6   Section        0  libinit2.o(.ARM.Collect$$libinit$$0000002E)
    .ARM.Collect$$libinit$$00000030          0x080001a6   Section        0  libinit2.o(.ARM.Collect$$libinit$$00000030)
    .ARM.Collect$$libinit$$00000032          0x080001a6   Section        0  libinit2.o(.ARM.Collect$$libinit$$00000032)
    .ARM.Collect$$libinit$$00000033          0x080001a6   Section        2  libinit2.o(.ARM.Collect$$libinit$$00000033)
    .ARM.Collect$$libshutdown$$00000000      0x080001a8   Section        2  libshutdown.o(.ARM.Collect$$libshutdown$$00000000)
    .ARM.Collect$$libshutdown$$00000003      0x080001aa   Section        0  libshutdown2.o(.ARM.Collect$$libshutdown$$00000003)
    .ARM.Collect$$libshutdown$$00000006      0x080001aa   Section        0  libshutdown2.o(.ARM.Collect$$libshutdown$$00000006)
    .ARM.Collect$$libshutdown$$00000009      0x080001aa   Section        0  libshutdown2.o(.ARM.Collect$$libshutdown$$00000009)
    .ARM.Collect$$libshutdown$$0000000B      0x080001aa   Section        0  libshutdown2.o(.ARM.Collect$$libshutdown$$0000000B)
    .ARM.Collect$$libshutdown$$0000000E      0x080001aa   Section        0  libshutdown2.o(.ARM.Collect$$libshutdown$$0000000E)
    .ARM.Collect$$libshutdown$$0000000F      0x080001aa   Section        2  libshutdown2.o(.ARM.Collect$$libshutdown$$0000000F)
    .ARM.Collect$$rtentry$$00000000          0x080001ac   Section        0  __rtentry.o(.ARM.Collect$$rtentry$$00000000)
    .ARM.Collect$$rtentry$$00000002          0x080001ac   Section        0  __rtentry2.o(.ARM.Collect$$rtentry$$00000002)
    .ARM.Collect$$rtentry$$00000004          0x080001ac   Section        6  __rtentry4.o(.ARM.Collect$$rtentry$$00000004)
    .ARM.Collect$$rtentry$$00000009          0x080001b2   Section        0  __rtentry2.o(.ARM.Collect$$rtentry$$00000009)
    .ARM.Collect$$rtentry$$0000000A          0x080001b2   Section        4  __rtentry2.o(.ARM.Collect$$rtentry$$0000000A)
    .ARM.Collect$$rtentry$$0000000C          0x080001b6   Section        0  __rtentry2.o(.ARM.Collect$$rtentry$$0000000C)
    .ARM.Collect$$rtentry$$0000000D          0x080001b6   Section        8  __rtentry2.o(.ARM.Collect$$rtentry$$0000000D)
    .ARM.Collect$$rtexit$$00000000           0x080001be   Section        2  rtexit.o(.ARM.Collect$$rtexit$$00000000)
    .ARM.Collect$$rtexit$$00000002           0x080001c0   Section        0  rtexit2.o(.ARM.Collect$$rtexit$$00000002)
    .ARM.Collect$$rtexit$$00000003           0x080001c0   Section        4  rtexit2.o(.ARM.Collect$$rtexit$$00000003)
    .ARM.Collect$$rtexit$$00000004           0x080001c4   Section        6  rtexit2.o(.ARM.Collect$$rtexit$$00000004)
    .text                                    0x080001cc   Section        0  main.o(.text)
    .text                                    0x08000294   Section        0  stm32f10x_it.o(.text)
    .text                                    0x080002b0   Section        0  system_stm32f10x.o(.text)
    SetSysClockTo72                          0x080002b1   Thumb Code   214  system_stm32f10x.o(.text)
    SetSysClock                              0x08000387   Thumb Code     8  system_stm32f10x.o(.text)
    .text                                    0x08000490   Section       64  startup_stm32f10x_hd.o(.text)
    .text                                    0x080004d0   Section        0  misc.o(.text)
    .text                                    0x080005ac   Section        0  stm32f10x_adc.o(.text)
    .text                                    0x080009fc   Section        0  stm32f10x_gpio.o(.text)
    .text                                    0x08000d58   Section        0  stm32f10x_rcc.o(.text)
    .text                                    0x080010fc   Section        0  stm32f10x_tim.o(.text)
    TI4_Config                               0x080015a3   Thumb Code   130  stm32f10x_tim.o(.text)
    TI3_Config                               0x08001637   Thumb Code   122  stm32f10x_tim.o(.text)
    TI2_Config                               0x080016cb   Thumb Code   130  stm32f10x_tim.o(.text)
    TI1_Config                               0x0800175f   Thumb Code   108  stm32f10x_tim.o(.text)
    .text                                    0x08001f18   Section        0  stm32f10x_usart.o(.text)
    .text                                    0x08002320   Section        0  delay.o(.text)
    .text                                    0x080023f4   Section        0  usart.o(.text)
    .text                                    0x080026cc   Section        0  bme280.o(.text)
    parse_humidity_calib_data                0x080026cd   Thumb Code    70  bme280.o(.text)
    null_ptr_check                           0x08002713   Thumb Code    26  bme280.o(.text)
    parse_temp_press_calib_data              0x08002769   Thumb Code   154  bme280.o(.text)
    get_calib_data                           0x08002803   Thumb Code    72  bme280.o(.text)
    interleave_reg_addr                      0x0800284b   Thumb Code    34  bme280.o(.text)
    fill_standby_settings                    0x080029af   Thumb Code    12  bme280.o(.text)
    fill_filter_settings                     0x080029bb   Thumb Code    12  bme280.o(.text)
    set_filter_standby_settings              0x080029c7   Thumb Code    80  bme280.o(.text)
    are_settings_changed                     0x08002a17   Thumb Code    18  bme280.o(.text)
    fill_osr_temp_settings                   0x08002a29   Thumb Code    12  bme280.o(.text)
    fill_osr_press_settings                  0x08002a35   Thumb Code    12  bme280.o(.text)
    set_osr_press_temp_settings              0x08002a41   Thumb Code    80  bme280.o(.text)
    set_osr_humidity_settings                0x08002a91   Thumb Code    74  bme280.o(.text)
    set_osr_settings                         0x08002adb   Thumb Code    52  bme280.o(.text)
    reload_device_settings                   0x08002b0f   Thumb Code    36  bme280.o(.text)
    parse_device_settings                    0x08002b33   Thumb Code    38  bme280.o(.text)
    put_device_to_sleep                      0x08002b59   Thumb Code    52  bme280.o(.text)
    write_power_mode                         0x08002c45   Thumb Code    56  bme280.o(.text)
    compensate_humidity                      0x08002cb7   Thumb Code   458  bme280.o(.text)
    compensate_pressure                      0x08002e81   Thumb Code   660  bme280.o(.text)
    compensate_temperature                   0x08003115   Thumb Code   384  bme280.o(.text)
    .text                                    0x08003390   Section        0  bme280_application.o(.text)
    .text                                    0x08003404   Section        0  i2c_soft.o(.text)
    .text                                    0x080038c4   Section        0  pwm.o(.text)
    .text                                    0x08003a4c   Section        0  deal.o(.text)
    .text                                    0x08003e54   Section        0  mywifi.o(.text)
    .text                                    0x08004644   Section        0  adc.o(.text)
    .text                                    0x0800477c   Section        2  use_no_semi_2.o(.text)
    .text                                    0x0800477e   Section       78  rt_memclr_w.o(.text)
    .text                                    0x080047cc   Section        0  heapauxi.o(.text)
    .text                                    0x080047d2   Section        2  use_no_semi.o(.text)
    .text                                    0x080047d4   Section        0  _rserrno.o(.text)
    .text                                    0x080047ec   Section        8  rt_errno_addr_intlibspace.o(.text)
    .text                                    0x080047f4   Section        8  libspace.o(.text)
    .text                                    0x080047fc   Section       74  sys_stackheap_outer.o(.text)
    .text                                    0x08004846   Section        0  exit.o(.text)
    i.__ARM_fpclassify                       0x08004852   Section        0  fpclassify.o(i.__ARM_fpclassify)
    i.__kernel_poly                          0x0800487a   Section        0  poly.o(i.__kernel_poly)
    i.__mathlib_dbl_divzero                  0x08004924   Section        0  dunder.o(i.__mathlib_dbl_divzero)
    i.__mathlib_dbl_infnan2                  0x08004934   Section        0  dunder.o(i.__mathlib_dbl_infnan2)
    i.__mathlib_dbl_invalid                  0x08004938   Section        0  dunder.o(i.__mathlib_dbl_invalid)
    i.__mathlib_dbl_overflow                 0x08004944   Section        0  dunder.o(i.__mathlib_dbl_overflow)
    i.__mathlib_dbl_underflow                0x08004954   Section        0  dunder.o(i.__mathlib_dbl_underflow)
    i.pow                                    0x08004964   Section        0  pow.o(i.pow)
    i.sqrt                                   0x0800531c   Section        0  sqrt.o(i.sqrt)
    x$fpl$d2f                                0x08005368   Section       98  d2f.o(x$fpl$d2f)
    x$fpl$dadd                               0x080053cc   Section      336  daddsub_clz.o(x$fpl$dadd)
    _dadd1                                   0x080053dd   Thumb Code     0  daddsub_clz.o(x$fpl$dadd)
    x$fpl$dcheck1                            0x0800551c   Section       16  dcheck1.o(x$fpl$dcheck1)
    x$fpl$dcmpinf                            0x0800552c   Section       24  dcmpi.o(x$fpl$dcmpinf)
    x$fpl$ddiv                               0x08005544   Section      688  ddiv.o(x$fpl$ddiv)
    ddiv_entry                               0x0800554b   Thumb Code     0  ddiv.o(x$fpl$ddiv)
    x$fpl$deqf                               0x080057f4   Section      120  deqf.o(x$fpl$deqf)
    x$fpl$dfix                               0x0800586c   Section       94  dfix.o(x$fpl$dfix)
    x$fpl$dflt                               0x080058ca   Section       46  dflt_clz.o(x$fpl$dflt)
    x$fpl$dfltu                              0x080058f8   Section       38  dflt_clz.o(x$fpl$dfltu)
    x$fpl$dleqf                              0x08005920   Section      120  dleqf.o(x$fpl$dleqf)
    x$fpl$dmul                               0x08005998   Section      340  dmul.o(x$fpl$dmul)
    x$fpl$dnaninf                            0x08005aec   Section      156  dnaninf.o(x$fpl$dnaninf)
    x$fpl$dretinf                            0x08005b88   Section       12  dretinf.o(x$fpl$dretinf)
    x$fpl$drleqf                             0x08005b94   Section      108  drleqf.o(x$fpl$drleqf)
    x$fpl$drsb                               0x08005c00   Section       22  daddsub_clz.o(x$fpl$drsb)
    x$fpl$dsqrt                              0x08005c18   Section      460  dsqrt_noumaal.o(x$fpl$dsqrt)
    x$fpl$dsub                               0x08005de4   Section      468  daddsub_clz.o(x$fpl$dsub)
    _dsub1                                   0x08005df5   Thumb Code     0  daddsub_clz.o(x$fpl$dsub)
    x$fpl$f2d                                0x08005fb8   Section       86  f2d.o(x$fpl$f2d)
    x$fpl$fnaninf                            0x0800600e   Section      140  fnaninf.o(x$fpl$fnaninf)
    x$fpl$fretinf                            0x0800609a   Section       10  fretinf.o(x$fpl$fretinf)
    x$fpl$retnan                             0x080060a4   Section      100  retnan.o(x$fpl$retnan)
    x$fpl$scalbn                             0x08006108   Section       92  scalbn.o(x$fpl$scalbn)
    x$fpl$trapveneer                         0x08006164   Section       48  trapv.o(x$fpl$trapveneer)
    x$fpl$usenofp                            0x08006194   Section        0  usenofp.o(x$fpl$usenofp)
    .constdata                               0x08006198   Section      136  pow.o(.constdata)
    bp                                       0x08006198   Data          16  pow.o(.constdata)
    dp_h                                     0x080061a8   Data          16  pow.o(.constdata)
    dp_l                                     0x080061b8   Data          16  pow.o(.constdata)
    L                                        0x080061c8   Data          48  pow.o(.constdata)
    P                                        0x080061f8   Data          40  pow.o(.constdata)
    .constdata                               0x08006220   Section        8  qnan.o(.constdata)
    .conststring                             0x08006228   Section       67  main.o(.conststring)
    .conststring                             0x0800626c   Section      133  mywifi.o(.conststring)
    .data                                    0x20000000   Section       20  system_stm32f10x.o(.data)
    .data                                    0x20000014   Section       20  stm32f10x_rcc.o(.data)
    APBAHBPrescTable                         0x20000014   Data          16  stm32f10x_rcc.o(.data)
    ADCPrescTable                            0x20000024   Data           4  stm32f10x_rcc.o(.data)
    .data                                    0x20000028   Section        4  delay.o(.data)
    fac_us                                   0x20000028   Data           1  delay.o(.data)
    fac_ms                                   0x2000002a   Data           2  delay.o(.data)
    .data                                    0x2000002c   Section        7  usart.o(.data)
    .data                                    0x20000033   Section        1  i2c_soft.o(.data)
    .data                                    0x20000034   Section        8  pwm.o(.data)
    .data                                    0x20000040   Section       90  deal.o(.data)
    temp                                     0x20000098   Data           1  deal.o(.data)
    temp                                     0x20000099   Data           1  deal.o(.data)
    .data                                    0x2000009c   Section       85  mywifi.o(.data)
    .data                                    0x200000f4   Section       20  adc.o(.data)
    .bss                                     0x20000108   Section      400  usart.o(.bss)
    .bss                                     0x20000298   Section       24  bme280_application.o(.bss)
    .bss                                     0x200002b0   Section        9  deal.o(.bss)
    .bss                                     0x200002b9   Section     2248  mywifi.o(.bss)
    .bss                                     0x20000b84   Section       96  libspace.o(.bss)
    HEAP                                     0x20000be8   Section      512  startup_stm32f10x_hd.o(HEAP)
    Heap_Mem                                 0x20000be8   Data         512  startup_stm32f10x_hd.o(HEAP)
    STACK                                    0x20000de8   Section     1024  startup_stm32f10x_hd.o(STACK)
    Stack_Mem                                0x20000de8   Data        1024  startup_stm32f10x_hd.o(STACK)
    __initial_sp                             0x200011e8   Data           0  startup_stm32f10x_hd.o(STACK)

    Global Symbols

    Symbol Name                              Value     Ov Type        Size  Object(Section)

    BuildAttributes$$THM_ISAv4$P$D$K$B$S$PE$A:L22UL41UL21$X:L11$S22US41US21$IEEE1$IW$USESV6$~STKCKD$USESV7$~SHL$OTIME$ROPI$IEEEX$EBA8$UX$STANDARDLIB$REQ8$PRES8$EABIv2 0x00000000   Number         0  anon$$obj.o ABSOLUTE
    __ARM_use_no_argv                        0x00000000   Number         0  main.o ABSOLUTE
    __ARM_exceptions_init                     - Undefined Weak Reference
    __alloca_initialize                       - Undefined Weak Reference
    __arm_preinit_                            - Undefined Weak Reference
    __cpp_initialize__aeabi_                  - Undefined Weak Reference
    __cxa_finalize                            - Undefined Weak Reference
    __rt_locale                               - Undefined Weak Reference
    __sigvec_lookup                           - Undefined Weak Reference
    _atexit_init                              - Undefined Weak Reference
    _call_atexit_fns                          - Undefined Weak Reference
    _clock_init                               - Undefined Weak Reference
    _fp_trap_init                             - Undefined Weak Reference
    _fp_trap_shutdown                         - Undefined Weak Reference
    _get_lc_collate                           - Undefined Weak Reference
    _get_lc_ctype                             - Undefined Weak Reference
    _get_lc_monetary                          - Undefined Weak Reference
    _get_lc_numeric                           - Undefined Weak Reference
    _get_lc_time                              - Undefined Weak Reference
    _getenv_init                              - Undefined Weak Reference
    _handle_redirection                       - Undefined Weak Reference
    _init_alloc                               - Undefined Weak Reference
    _init_user_alloc                          - Undefined Weak Reference
    _initio                                   - Undefined Weak Reference
    _rand_init                                - Undefined Weak Reference
    _signal_finish                            - Undefined Weak Reference
    _signal_init                              - Undefined Weak Reference
    _terminate_alloc                          - Undefined Weak Reference
    _terminate_user_alloc                     - Undefined Weak Reference
    _terminateio                              - Undefined Weak Reference
    __Vectors_Size                           0x00000130   Number         0  startup_stm32f10x_hd.o ABSOLUTE
    __Vectors                                0x08000000   Data           4  startup_stm32f10x_hd.o(RESET)
    __Vectors_End                            0x08000130   Data           0  startup_stm32f10x_hd.o(RESET)
    __main                                   0x08000131   Thumb Code     8  __main.o(!!!main)
    __scatterload                            0x08000139   Thumb Code     0  __scatter.o(!!!scatter)
    __scatterload_rt2                        0x08000139   Thumb Code    44  __scatter.o(!!!scatter)
    __scatterload_rt2_thumb_only             0x08000139   Thumb Code     0  __scatter.o(!!!scatter)
    __scatterload_null                       0x08000147   Thumb Code     0  __scatter.o(!!!scatter)
    __scatterload_copy                       0x0800016d   Thumb Code    26  __scatter_copy.o(!!handler_copy)
    __scatterload_zeroinit                   0x08000189   Thumb Code    28  __scatter_zi.o(!!handler_zi)
    __rt_lib_init                            0x080001a5   Thumb Code     0  libinit.o(.ARM.Collect$$libinit$$00000000)
    __rt_lib_init_alloca_1                   0x080001a7   Thumb Code     0  libinit2.o(.ARM.Collect$$libinit$$0000002E)
    __rt_lib_init_argv_1                     0x080001a7   Thumb Code     0  libinit2.o(.ARM.Collect$$libinit$$0000002C)
    __rt_lib_init_atexit_1                   0x080001a7   Thumb Code     0  libinit2.o(.ARM.Collect$$libinit$$0000001B)
    __rt_lib_init_clock_1                    0x080001a7   Thumb Code     0  libinit2.o(.ARM.Collect$$libinit$$00000021)
    __rt_lib_init_cpp_1                      0x080001a7   Thumb Code     0  libinit2.o(.ARM.Collect$$libinit$$00000032)
    __rt_lib_init_exceptions_1               0x080001a7   Thumb Code     0  libinit2.o(.ARM.Collect$$libinit$$00000030)
    __rt_lib_init_fp_1                       0x080001a7   Thumb Code     0  libinit2.o(.ARM.Collect$$libinit$$00000002)
    __rt_lib_init_fp_trap_1                  0x080001a7   Thumb Code     0  libinit2.o(.ARM.Collect$$libinit$$0000001F)
    __rt_lib_init_getenv_1                   0x080001a7   Thumb Code     0  libinit2.o(.ARM.Collect$$libinit$$00000023)
    __rt_lib_init_heap_1                     0x080001a7   Thumb Code     0  libinit2.o(.ARM.Collect$$libinit$$0000000A)
    __rt_lib_init_lc_collate_1               0x080001a7   Thumb Code     0  libinit2.o(.ARM.Collect$$libinit$$00000011)
    __rt_lib_init_lc_ctype_1                 0x080001a7   Thumb Code     0  libinit2.o(.ARM.Collect$$libinit$$00000013)
    __rt_lib_init_lc_monetary_1              0x080001a7   Thumb Code     0  libinit2.o(.ARM.Collect$$libinit$$00000015)
    __rt_lib_init_lc_numeric_1               0x080001a7   Thumb Code     0  libinit2.o(.ARM.Collect$$libinit$$00000017)
    __rt_lib_init_lc_time_1                  0x080001a7   Thumb Code     0  libinit2.o(.ARM.Collect$$libinit$$00000019)
    __rt_lib_init_preinit_1                  0x080001a7   Thumb Code     0  libinit2.o(.ARM.Collect$$libinit$$00000004)
    __rt_lib_init_rand_1                     0x080001a7   Thumb Code     0  libinit2.o(.ARM.Collect$$libinit$$0000000E)
    __rt_lib_init_return                     0x080001a7   Thumb Code     0  libinit2.o(.ARM.Collect$$libinit$$00000033)
    __rt_lib_init_signal_1                   0x080001a7   Thumb Code     0  libinit2.o(.ARM.Collect$$libinit$$0000001D)
    __rt_lib_init_stdio_1                    0x080001a7   Thumb Code     0  libinit2.o(.ARM.Collect$$libinit$$00000025)
    __rt_lib_init_user_alloc_1               0x080001a7   Thumb Code     0  libinit2.o(.ARM.Collect$$libinit$$0000000C)
    __rt_lib_shutdown                        0x080001a9   Thumb Code     0  libshutdown.o(.ARM.Collect$$libshutdown$$00000000)
    __rt_lib_shutdown_fp_trap_1              0x080001ab   Thumb Code     0  libshutdown2.o(.ARM.Collect$$libshutdown$$00000006)
    __rt_lib_shutdown_heap_1                 0x080001ab   Thumb Code     0  libshutdown2.o(.ARM.Collect$$libshutdown$$0000000E)
    __rt_lib_shutdown_return                 0x080001ab   Thumb Code     0  libshutdown2.o(.ARM.Collect$$libshutdown$$0000000F)
    __rt_lib_shutdown_signal_1               0x080001ab   Thumb Code     0  libshutdown2.o(.ARM.Collect$$libshutdown$$00000009)
    __rt_lib_shutdown_stdio_1                0x080001ab   Thumb Code     0  libshutdown2.o(.ARM.Collect$$libshutdown$$00000003)
    __rt_lib_shutdown_user_alloc_1           0x080001ab   Thumb Code     0  libshutdown2.o(.ARM.Collect$$libshutdown$$0000000B)
    __rt_entry                               0x080001ad   Thumb Code     0  __rtentry.o(.ARM.Collect$$rtentry$$00000000)
    __rt_entry_presh_1                       0x080001ad   Thumb Code     0  __rtentry2.o(.ARM.Collect$$rtentry$$00000002)
    __rt_entry_sh                            0x080001ad   Thumb Code     0  __rtentry4.o(.ARM.Collect$$rtentry$$00000004)
    __rt_entry_li                            0x080001b3   Thumb Code     0  __rtentry2.o(.ARM.Collect$$rtentry$$0000000A)
    __rt_entry_postsh_1                      0x080001b3   Thumb Code     0  __rtentry2.o(.ARM.Collect$$rtentry$$00000009)
    __rt_entry_main                          0x080001b7   Thumb Code     0  __rtentry2.o(.ARM.Collect$$rtentry$$0000000D)
    __rt_entry_postli_1                      0x080001b7   Thumb Code     0  __rtentry2.o(.ARM.Collect$$rtentry$$0000000C)
    __rt_exit                                0x080001bf   Thumb Code     0  rtexit.o(.ARM.Collect$$rtexit$$00000000)
    __rt_exit_ls                             0x080001c1   Thumb Code     0  rtexit2.o(.ARM.Collect$$rtexit$$00000003)
    __rt_exit_prels_1                        0x080001c1   Thumb Code     0  rtexit2.o(.ARM.Collect$$rtexit$$00000002)
    __rt_exit_exit                           0x080001c5   Thumb Code     0  rtexit2.o(.ARM.Collect$$rtexit$$00000004)
    Delay                                    0x080001cd   Thumb Code    12  main.o(.text)
    main                                     0x080001d9   Thumb Code   164  main.o(.text)
    NMI_Handler                              0x08000295   Thumb Code     2  stm32f10x_it.o(.text)
    HardFault_Handler                        0x08000297   Thumb Code     4  stm32f10x_it.o(.text)
    MemManage_Handler                        0x0800029b   Thumb Code     4  stm32f10x_it.o(.text)
    BusFault_Handler                         0x0800029f   Thumb Code     4  stm32f10x_it.o(.text)
    UsageFault_Handler                       0x080002a3   Thumb Code     4  stm32f10x_it.o(.text)
    SVC_Handler                              0x080002a7   Thumb Code     2  stm32f10x_it.o(.text)
    DebugMon_Handler                         0x080002a9   Thumb Code     2  stm32f10x_it.o(.text)
    PendSV_Handler                           0x080002ab   Thumb Code     2  stm32f10x_it.o(.text)
    SysTick_Handler                          0x080002ad   Thumb Code     2  stm32f10x_it.o(.text)
    SystemInit                               0x0800038f   Thumb Code    78  system_stm32f10x.o(.text)
    SystemCoreClockUpdate                    0x080003dd   Thumb Code   142  system_stm32f10x.o(.text)
    Reset_Handler                            0x08000491   Thumb Code     8  startup_stm32f10x_hd.o(.text)
    ADC1_2_IRQHandler                        0x080004ab   Thumb Code     0  startup_stm32f10x_hd.o(.text)
    ADC3_IRQHandler                          0x080004ab   Thumb Code     0  startup_stm32f10x_hd.o(.text)
    CAN1_RX1_IRQHandler                      0x080004ab   Thumb Code     0  startup_stm32f10x_hd.o(.text)
    CAN1_SCE_IRQHandler                      0x080004ab   Thumb Code     0  startup_stm32f10x_hd.o(.text)
    DMA1_Channel1_IRQHandler                 0x080004ab   Thumb Code     0  startup_stm32f10x_hd.o(.text)
    DMA1_Channel2_IRQHandler                 0x080004ab   Thumb Code     0  startup_stm32f10x_hd.o(.text)
    DMA1_Channel3_IRQHandler                 0x080004ab   Thumb Code     0  startup_stm32f10x_hd.o(.text)
    DMA1_Channel4_IRQHandler                 0x080004ab   Thumb Code     0  startup_stm32f10x_hd.o(.text)
    DMA1_Channel5_IRQHandler                 0x080004ab   Thumb Code     0  startup_stm32f10x_hd.o(.text)
    DMA1_Channel6_IRQHandler                 0x080004ab   Thumb Code     0  startup_stm32f10x_hd.o(.text)
    DMA1_Channel7_IRQHandler                 0x080004ab   Thumb Code     0  startup_stm32f10x_hd.o(.text)
    DMA2_Channel1_IRQHandler                 0x080004ab   Thumb Code     0  startup_stm32f10x_hd.o(.text)
    DMA2_Channel2_IRQHandler                 0x080004ab   Thumb Code     0  startup_stm32f10x_hd.o(.text)
    DMA2_Channel3_IRQHandler                 0x080004ab   Thumb Code     0  startup_stm32f10x_hd.o(.text)
    DMA2_Channel4_5_IRQHandler               0x080004ab   Thumb Code     0  startup_stm32f10x_hd.o(.text)
    EXTI0_IRQHandler                         0x080004ab   Thumb Code     0  startup_stm32f10x_hd.o(.text)
    EXTI15_10_IRQHandler                     0x080004ab   Thumb Code     0  startup_stm32f10x_hd.o(.text)
    EXTI1_IRQHandler                         0x080004ab   Thumb Code     0  startup_stm32f10x_hd.o(.text)
    EXTI2_IRQHandler                         0x080004ab   Thumb Code     0  startup_stm32f10x_hd.o(.text)
    EXTI3_IRQHandler                         0x080004ab   Thumb Code     0  startup_stm32f10x_hd.o(.text)
    EXTI4_IRQHandler                         0x080004ab   Thumb Code     0  startup_stm32f10x_hd.o(.text)
    EXTI9_5_IRQHandler                       0x080004ab   Thumb Code     0  startup_stm32f10x_hd.o(.text)
    FLASH_IRQHandler                         0x080004ab   Thumb Code     0  startup_stm32f10x_hd.o(.text)
    FSMC_IRQHandler                          0x080004ab   Thumb Code     0  startup_stm32f10x_hd.o(.text)
    I2C1_ER_IRQHandler                       0x080004ab   Thumb Code     0  startup_stm32f10x_hd.o(.text)
    I2C1_EV_IRQHandler                       0x080004ab   Thumb Code     0  startup_stm32f10x_hd.o(.text)
    I2C2_ER_IRQHandler                       0x080004ab   Thumb Code     0  startup_stm32f10x_hd.o(.text)
    I2C2_EV_IRQHandler                       0x080004ab   Thumb Code     0  startup_stm32f10x_hd.o(.text)
    PVD_IRQHandler                           0x080004ab   Thumb Code     0  startup_stm32f10x_hd.o(.text)
    RCC_IRQHandler                           0x080004ab   Thumb Code     0  startup_stm32f10x_hd.o(.text)
    RTCAlarm_IRQHandler                      0x080004ab   Thumb Code     0  startup_stm32f10x_hd.o(.text)
    RTC_IRQHandler                           0x080004ab   Thumb Code     0  startup_stm32f10x_hd.o(.text)
    SDIO_IRQHandler                          0x080004ab   Thumb Code     0  startup_stm32f10x_hd.o(.text)
    SPI1_IRQHandler                          0x080004ab   Thumb Code     0  startup_stm32f10x_hd.o(.text)
    SPI2_IRQHandler                          0x080004ab   Thumb Code     0  startup_stm32f10x_hd.o(.text)
    SPI3_IRQHandler                          0x080004ab   Thumb Code     0  startup_stm32f10x_hd.o(.text)
    TAMPER_IRQHandler                        0x080004ab   Thumb Code     0  startup_stm32f10x_hd.o(.text)
    TIM1_BRK_IRQHandler                      0x080004ab   Thumb Code     0  startup_stm32f10x_hd.o(.text)
    TIM1_CC_IRQHandler                       0x080004ab   Thumb Code     0  startup_stm32f10x_hd.o(.text)
    TIM1_TRG_COM_IRQHandler                  0x080004ab   Thumb Code     0  startup_stm32f10x_hd.o(.text)
    TIM2_IRQHandler                          0x080004ab   Thumb Code     0  startup_stm32f10x_hd.o(.text)
    TIM3_IRQHandler                          0x080004ab   Thumb Code     0  startup_stm32f10x_hd.o(.text)
    TIM4_IRQHandler                          0x080004ab   Thumb Code     0  startup_stm32f10x_hd.o(.text)
    TIM5_IRQHandler                          0x080004ab   Thumb Code     0  startup_stm32f10x_hd.o(.text)
    TIM6_IRQHandler                          0x080004ab   Thumb Code     0  startup_stm32f10x_hd.o(.text)
    TIM7_IRQHandler                          0x080004ab   Thumb Code     0  startup_stm32f10x_hd.o(.text)
    TIM8_BRK_IRQHandler                      0x080004ab   Thumb Code     0  startup_stm32f10x_hd.o(.text)
    TIM8_CC_IRQHandler                       0x080004ab   Thumb Code     0  startup_stm32f10x_hd.o(.text)
    TIM8_TRG_COM_IRQHandler                  0x080004ab   Thumb Code     0  startup_stm32f10x_hd.o(.text)
    TIM8_UP_IRQHandler                       0x080004ab   Thumb Code     0  startup_stm32f10x_hd.o(.text)
    UART4_IRQHandler                         0x080004ab   Thumb Code     0  startup_stm32f10x_hd.o(.text)
    UART5_IRQHandler                         0x080004ab   Thumb Code     0  startup_stm32f10x_hd.o(.text)
    USBWakeUp_IRQHandler                     0x080004ab   Thumb Code     0  startup_stm32f10x_hd.o(.text)
    USB_HP_CAN1_TX_IRQHandler                0x080004ab   Thumb Code     0  startup_stm32f10x_hd.o(.text)
    USB_LP_CAN1_RX0_IRQHandler               0x080004ab   Thumb Code     0  startup_stm32f10x_hd.o(.text)
    WWDG_IRQHandler                          0x080004ab   Thumb Code     0  startup_stm32f10x_hd.o(.text)
    __user_initial_stackheap                 0x080004ad   Thumb Code     0  startup_stm32f10x_hd.o(.text)
    NVIC_PriorityGroupConfig                 0x080004d1   Thumb Code    10  misc.o(.text)
    NVIC_Init                                0x080004db   Thumb Code   100  misc.o(.text)
    NVIC_SetVectorTable                      0x0800053f   Thumb Code    14  misc.o(.text)
    NVIC_SystemLPConfig                      0x0800054d   Thumb Code    34  misc.o(.text)
    SysTick_CLKSourceConfig                  0x0800056f   Thumb Code    40  misc.o(.text)
    ADC_DeInit                               0x080005ad   Thumb Code    78  stm32f10x_adc.o(.text)
    ADC_Init                                 0x080005fb   Thumb Code    70  stm32f10x_adc.o(.text)
    ADC_StructInit                           0x08000641   Thumb Code    18  stm32f10x_adc.o(.text)
    ADC_Cmd                                  0x08000653   Thumb Code    22  stm32f10x_adc.o(.text)
    ADC_DMACmd                               0x08000669   Thumb Code    22  stm32f10x_adc.o(.text)
    ADC_ITConfig                             0x0800067f   Thumb Code    24  stm32f10x_adc.o(.text)
    ADC_ResetCalibration                     0x08000697   Thumb Code    10  stm32f10x_adc.o(.text)
    ADC_GetResetCalibrationStatus            0x080006a1   Thumb Code    20  stm32f10x_adc.o(.text)
    ADC_StartCalibration                     0x080006b5   Thumb Code    10  stm32f10x_adc.o(.text)
    ADC_GetCalibrationStatus                 0x080006bf   Thumb Code    20  stm32f10x_adc.o(.text)
    ADC_SoftwareStartConvCmd                 0x080006d3   Thumb Code    22  stm32f10x_adc.o(.text)
    ADC_GetSoftwareStartConvStatus           0x080006e9   Thumb Code    20  stm32f10x_adc.o(.text)
    ADC_DiscModeChannelCountConfig           0x080006fd   Thumb Code    24  stm32f10x_adc.o(.text)
    ADC_DiscModeCmd                          0x08000715   Thumb Code    22  stm32f10x_adc.o(.text)
    ADC_RegularChannelConfig                 0x0800072b   Thumb Code   184  stm32f10x_adc.o(.text)
    ADC_ExternalTrigConvCmd                  0x080007e3   Thumb Code    22  stm32f10x_adc.o(.text)
    ADC_GetConversionValue                   0x080007f9   Thumb Code     8  stm32f10x_adc.o(.text)
    ADC_GetDualModeConversionValue           0x08000801   Thumb Code     8  stm32f10x_adc.o(.text)
    ADC_AutoInjectedConvCmd                  0x08000809   Thumb Code    22  stm32f10x_adc.o(.text)
    ADC_InjectedDiscModeCmd                  0x0800081f   Thumb Code    22  stm32f10x_adc.o(.text)
    ADC_ExternalTrigInjectedConvConfig       0x08000835   Thumb Code    16  stm32f10x_adc.o(.text)
    ADC_ExternalTrigInjectedConvCmd          0x08000845   Thumb Code    22  stm32f10x_adc.o(.text)
    ADC_SoftwareStartInjectedConvCmd         0x0800085b   Thumb Code    22  stm32f10x_adc.o(.text)
    ADC_GetSoftwareStartInjectedConvCmdStatus 0x08000871   Thumb Code    20  stm32f10x_adc.o(.text)
    ADC_InjectedChannelConfig                0x08000885   Thumb Code   130  stm32f10x_adc.o(.text)
    ADC_InjectedSequencerLengthConfig        0x08000907   Thumb Code    24  stm32f10x_adc.o(.text)
    ADC_SetInjectedOffset                    0x0800091f   Thumb Code    20  stm32f10x_adc.o(.text)
    ADC_GetInjectedConversionValue           0x08000933   Thumb Code    28  stm32f10x_adc.o(.text)
    ADC_AnalogWatchdogCmd                    0x0800094f   Thumb Code    16  stm32f10x_adc.o(.text)
    ADC_AnalogWatchdogThresholdsConfig       0x0800095f   Thumb Code     6  stm32f10x_adc.o(.text)
    ADC_AnalogWatchdogSingleChannelConfig    0x08000965   Thumb Code    16  stm32f10x_adc.o(.text)
    ADC_TempSensorVrefintCmd                 0x08000975   Thumb Code    64  stm32f10x_adc.o(.text)
    ADC_GetFlagStatus                        0x080009b5   Thumb Code    18  stm32f10x_adc.o(.text)
    ADC_ClearFlag                            0x080009c7   Thumb Code     6  stm32f10x_adc.o(.text)
    ADC_GetITStatus                          0x080009cd   Thumb Code    36  stm32f10x_adc.o(.text)
    ADC_ClearITPendingBit                    0x080009f1   Thumb Code    10  stm32f10x_adc.o(.text)
    GPIO_DeInit                              0x080009fd   Thumb Code   172  stm32f10x_gpio.o(.text)
    GPIO_AFIODeInit                          0x08000aa9   Thumb Code    20  stm32f10x_gpio.o(.text)
    GPIO_Init                                0x08000abd   Thumb Code   278  stm32f10x_gpio.o(.text)
    GPIO_StructInit                          0x08000bd3   Thumb Code    16  stm32f10x_gpio.o(.text)
    GPIO_ReadInputDataBit                    0x08000be3   Thumb Code    18  stm32f10x_gpio.o(.text)
    GPIO_ReadInputData                       0x08000bf5   Thumb Code     8  stm32f10x_gpio.o(.text)
    GPIO_ReadOutputDataBit                   0x08000bfd   Thumb Code    18  stm32f10x_gpio.o(.text)
    GPIO_ReadOutputData                      0x08000c0f   Thumb Code     8  stm32f10x_gpio.o(.text)
    GPIO_SetBits                             0x08000c17   Thumb Code     4  stm32f10x_gpio.o(.text)
    GPIO_ResetBits                           0x08000c1b   Thumb Code     4  stm32f10x_gpio.o(.text)
    GPIO_WriteBit                            0x08000c1f   Thumb Code    10  stm32f10x_gpio.o(.text)
    GPIO_Write                               0x08000c29   Thumb Code     4  stm32f10x_gpio.o(.text)
    GPIO_PinLockConfig                       0x08000c2d   Thumb Code    18  stm32f10x_gpio.o(.text)
    GPIO_EventOutputConfig                   0x08000c3f   Thumb Code    26  stm32f10x_gpio.o(.text)
    GPIO_EventOutputCmd                      0x08000c59   Thumb Code     6  stm32f10x_gpio.o(.text)
    GPIO_PinRemapConfig                      0x08000c5f   Thumb Code   138  stm32f10x_gpio.o(.text)
    GPIO_EXTILineConfig                      0x08000ce9   Thumb Code    66  stm32f10x_gpio.o(.text)
    GPIO_ETH_MediaInterfaceConfig            0x08000d2b   Thumb Code     8  stm32f10x_gpio.o(.text)
    RCC_DeInit                               0x08000d59   Thumb Code    64  stm32f10x_rcc.o(.text)
    RCC_HSEConfig                            0x08000d99   Thumb Code    70  stm32f10x_rcc.o(.text)
    RCC_GetFlagStatus                        0x08000ddf   Thumb Code    56  stm32f10x_rcc.o(.text)
    RCC_WaitForHSEStartUp                    0x08000e17   Thumb Code    56  stm32f10x_rcc.o(.text)
    RCC_AdjustHSICalibrationValue            0x08000e4f   Thumb Code    20  stm32f10x_rcc.o(.text)
    RCC_HSICmd                               0x08000e63   Thumb Code     6  stm32f10x_rcc.o(.text)
    RCC_PLLConfig                            0x08000e69   Thumb Code    24  stm32f10x_rcc.o(.text)
    RCC_PLLCmd                               0x08000e81   Thumb Code     6  stm32f10x_rcc.o(.text)
    RCC_SYSCLKConfig                         0x08000e87   Thumb Code    18  stm32f10x_rcc.o(.text)
    RCC_GetSYSCLKSource                      0x08000e99   Thumb Code    10  stm32f10x_rcc.o(.text)
    RCC_HCLKConfig                           0x08000ea3   Thumb Code    18  stm32f10x_rcc.o(.text)
    RCC_PCLK1Config                          0x08000eb5   Thumb Code    18  stm32f10x_rcc.o(.text)
    RCC_PCLK2Config                          0x08000ec7   Thumb Code    20  stm32f10x_rcc.o(.text)
    RCC_ITConfig                             0x08000edb   Thumb Code    26  stm32f10x_rcc.o(.text)
    RCC_USBCLKConfig                         0x08000ef5   Thumb Code     8  stm32f10x_rcc.o(.text)
    RCC_ADCCLKConfig                         0x08000efd   Thumb Code    18  stm32f10x_rcc.o(.text)
    RCC_LSEConfig                            0x08000f0f   Thumb Code    50  stm32f10x_rcc.o(.text)
    RCC_LSICmd                               0x08000f41   Thumb Code     6  stm32f10x_rcc.o(.text)
    RCC_RTCCLKConfig                         0x08000f47   Thumb Code    12  stm32f10x_rcc.o(.text)
    RCC_RTCCLKCmd                            0x08000f53   Thumb Code     8  stm32f10x_rcc.o(.text)
    RCC_GetClocksFreq                        0x08000f5b   Thumb Code   192  stm32f10x_rcc.o(.text)
    RCC_AHBPeriphClockCmd                    0x0800101b   Thumb Code    26  stm32f10x_rcc.o(.text)
    RCC_APB2PeriphClockCmd                   0x08001035   Thumb Code    26  stm32f10x_rcc.o(.text)
    RCC_APB1PeriphClockCmd                   0x0800104f   Thumb Code    26  stm32f10x_rcc.o(.text)
    RCC_APB2PeriphResetCmd                   0x08001069   Thumb Code    26  stm32f10x_rcc.o(.text)
    RCC_APB1PeriphResetCmd                   0x08001083   Thumb Code    26  stm32f10x_rcc.o(.text)
    RCC_BackupResetCmd                       0x0800109d   Thumb Code     8  stm32f10x_rcc.o(.text)
    RCC_ClockSecuritySystemCmd               0x080010a5   Thumb Code     6  stm32f10x_rcc.o(.text)
    RCC_MCOConfig                            0x080010ab   Thumb Code     6  stm32f10x_rcc.o(.text)
    RCC_ClearFlag                            0x080010b1   Thumb Code    14  stm32f10x_rcc.o(.text)
    RCC_GetITStatus                          0x080010bf   Thumb Code    20  stm32f10x_rcc.o(.text)
    RCC_ClearITPendingBit                    0x080010d3   Thumb Code     6  stm32f10x_rcc.o(.text)
    TIM_DeInit                               0x080010fd   Thumb Code   424  stm32f10x_tim.o(.text)
    TIM_TimeBaseInit                         0x080012a5   Thumb Code   122  stm32f10x_tim.o(.text)
    TIM_OC1Init                              0x0800131f   Thumb Code   132  stm32f10x_tim.o(.text)
    TIM_OC2Init                              0x080013a3   Thumb Code   154  stm32f10x_tim.o(.text)
    TIM_OC3Init                              0x0800143d   Thumb Code   150  stm32f10x_tim.o(.text)
    TIM_OC4Init                              0x080014d3   Thumb Code   182  stm32f10x_tim.o(.text)
    TIM_SetIC4Prescaler                      0x08001589   Thumb Code    26  stm32f10x_tim.o(.text)
    TIM_SetIC3Prescaler                      0x08001625   Thumb Code    18  stm32f10x_tim.o(.text)
    TIM_SetIC2Prescaler                      0x080016b1   Thumb Code    26  stm32f10x_tim.o(.text)
    TIM_SetIC1Prescaler                      0x0800174d   Thumb Code    18  stm32f10x_tim.o(.text)
    TIM_ICInit                               0x080017cb   Thumb Code   150  stm32f10x_tim.o(.text)
    TIM_PWMIConfig                           0x08001861   Thumb Code   124  stm32f10x_tim.o(.text)
    TIM_BDTRConfig                           0x080018dd   Thumb Code    32  stm32f10x_tim.o(.text)
    TIM_TimeBaseStructInit                   0x080018fd   Thumb Code    18  stm32f10x_tim.o(.text)
    TIM_OCStructInit                         0x0800190f   Thumb Code    20  stm32f10x_tim.o(.text)
    TIM_ICStructInit                         0x08001923   Thumb Code    18  stm32f10x_tim.o(.text)
    TIM_BDTRStructInit                       0x08001935   Thumb Code    40  stm32f10x_tim.o(.text)
    TIM_Cmd                                  0x0800195d   Thumb Code    24  stm32f10x_tim.o(.text)
    TIM_CtrlPWMOutputs                       0x08001975   Thumb Code    30  stm32f10x_tim.o(.text)
    TIM_ITConfig                             0x08001993   Thumb Code    18  stm32f10x_tim.o(.text)
    TIM_GenerateEvent                        0x080019a5   Thumb Code     4  stm32f10x_tim.o(.text)
    TIM_DMAConfig                            0x080019a9   Thumb Code    10  stm32f10x_tim.o(.text)
    TIM_DMACmd                               0x080019b3   Thumb Code    18  stm32f10x_tim.o(.text)
    TIM_InternalClockConfig                  0x080019c5   Thumb Code    12  stm32f10x_tim.o(.text)
    TIM_SelectInputTrigger                   0x080019d1   Thumb Code    18  stm32f10x_tim.o(.text)
    TIM_ITRxExternalClockConfig              0x080019e3   Thumb Code    24  stm32f10x_tim.o(.text)
    TIM_TIxExternalClockConfig               0x080019fb   Thumb Code    62  stm32f10x_tim.o(.text)
    TIM_ETRConfig                            0x08001a39   Thumb Code    28  stm32f10x_tim.o(.text)
    TIM_ETRClockMode1Config                  0x08001a55   Thumb Code    54  stm32f10x_tim.o(.text)
    TIM_ETRClockMode2Config                  0x08001a8b   Thumb Code    32  stm32f10x_tim.o(.text)
    TIM_PrescalerConfig                      0x08001aab   Thumb Code     6  stm32f10x_tim.o(.text)
    TIM_CounterModeConfig                    0x08001ab1   Thumb Code    18  stm32f10x_tim.o(.text)
    TIM_EncoderInterfaceConfig               0x08001ac3   Thumb Code    66  stm32f10x_tim.o(.text)
    TIM_ForcedOC1Config                      0x08001b05   Thumb Code    18  stm32f10x_tim.o(.text)
    TIM_ForcedOC2Config                      0x08001b17   Thumb Code    26  stm32f10x_tim.o(.text)
    TIM_ForcedOC3Config                      0x08001b31   Thumb Code    18  stm32f10x_tim.o(.text)
    TIM_ForcedOC4Config                      0x08001b43   Thumb Code    26  stm32f10x_tim.o(.text)
    TIM_ARRPreloadConfig                     0x08001b5d   Thumb Code    24  stm32f10x_tim.o(.text)
    TIM_SelectCOM                            0x08001b75   Thumb Code    24  stm32f10x_tim.o(.text)
    TIM_SelectCCDMA                          0x08001b8d   Thumb Code    24  stm32f10x_tim.o(.text)
    TIM_CCPreloadControl                     0x08001ba5   Thumb Code    24  stm32f10x_tim.o(.text)
    TIM_OC1PreloadConfig                     0x08001bbd   Thumb Code    18  stm32f10x_tim.o(.text)
    TIM_OC2PreloadConfig                     0x08001bcf   Thumb Code    26  stm32f10x_tim.o(.text)
    TIM_OC3PreloadConfig                     0x08001be9   Thumb Code    18  stm32f10x_tim.o(.text)
    TIM_OC4PreloadConfig                     0x08001bfb   Thumb Code    26  stm32f10x_tim.o(.text)
    TIM_OC1FastConfig                        0x08001c15   Thumb Code    18  stm32f10x_tim.o(.text)
    TIM_OC2FastConfig                        0x08001c27   Thumb Code    26  stm32f10x_tim.o(.text)
    TIM_OC3FastConfig                        0x08001c41   Thumb Code    18  stm32f10x_tim.o(.text)
    TIM_OC4FastConfig                        0x08001c53   Thumb Code    26  stm32f10x_tim.o(.text)
    TIM_ClearOC1Ref                          0x08001c6d   Thumb Code    18  stm32f10x_tim.o(.text)
    TIM_ClearOC2Ref                          0x08001c7f   Thumb Code    24  stm32f10x_tim.o(.text)
    TIM_ClearOC3Ref                          0x08001c97   Thumb Code    18  stm32f10x_tim.o(.text)
    TIM_ClearOC4Ref                          0x08001ca9   Thumb Code    24  stm32f10x_tim.o(.text)
    TIM_OC1PolarityConfig                    0x08001cc1   Thumb Code    18  stm32f10x_tim.o(.text)
    TIM_OC1NPolarityConfig                   0x08001cd3   Thumb Code    18  stm32f10x_tim.o(.text)
    TIM_OC2PolarityConfig                    0x08001ce5   Thumb Code    26  stm32f10x_tim.o(.text)
    TIM_OC2NPolarityConfig                   0x08001cff   Thumb Code    26  stm32f10x_tim.o(.text)
    TIM_OC3PolarityConfig                    0x08001d19   Thumb Code    26  stm32f10x_tim.o(.text)
    TIM_OC3NPolarityConfig                   0x08001d33   Thumb Code    26  stm32f10x_tim.o(.text)
    TIM_OC4PolarityConfig                    0x08001d4d   Thumb Code    26  stm32f10x_tim.o(.text)
    TIM_CCxCmd                               0x08001d67   Thumb Code    30  stm32f10x_tim.o(.text)
    TIM_CCxNCmd                              0x08001d85   Thumb Code    30  stm32f10x_tim.o(.text)
    TIM_SelectOCxM                           0x08001da3   Thumb Code    82  stm32f10x_tim.o(.text)
    TIM_UpdateDisableConfig                  0x08001df5   Thumb Code    24  stm32f10x_tim.o(.text)
    TIM_UpdateRequestConfig                  0x08001e0d   Thumb Code    24  stm32f10x_tim.o(.text)
    TIM_SelectHallSensor                     0x08001e25   Thumb Code    24  stm32f10x_tim.o(.text)
    TIM_SelectOnePulseMode                   0x08001e3d   Thumb Code    18  stm32f10x_tim.o(.text)
    TIM_SelectOutputTrigger                  0x08001e4f   Thumb Code    18  stm32f10x_tim.o(.text)
    TIM_SelectSlaveMode                      0x08001e61   Thumb Code    18  stm32f10x_tim.o(.text)
    TIM_SelectMasterSlaveMode                0x08001e73   Thumb Code    18  stm32f10x_tim.o(.text)
    TIM_SetCounter                           0x08001e85   Thumb Code     4  stm32f10x_tim.o(.text)
    TIM_SetAutoreload                        0x08001e89   Thumb Code     4  stm32f10x_tim.o(.text)
    TIM_SetCompare1                          0x08001e8d   Thumb Code     4  stm32f10x_tim.o(.text)
    TIM_SetCompare2                          0x08001e91   Thumb Code     4  stm32f10x_tim.o(.text)
    TIM_SetCompare3                          0x08001e95   Thumb Code     4  stm32f10x_tim.o(.text)
    TIM_SetCompare4                          0x08001e99   Thumb Code     6  stm32f10x_tim.o(.text)
    TIM_SetClockDivision                     0x08001e9f   Thumb Code    18  stm32f10x_tim.o(.text)
    TIM_GetCapture1                          0x08001eb1   Thumb Code     6  stm32f10x_tim.o(.text)
    TIM_GetCapture2                          0x08001eb7   Thumb Code     6  stm32f10x_tim.o(.text)
    TIM_GetCapture3                          0x08001ebd   Thumb Code     6  stm32f10x_tim.o(.text)
    TIM_GetCapture4                          0x08001ec3   Thumb Code     8  stm32f10x_tim.o(.text)
    TIM_GetCounter                           0x08001ecb   Thumb Code     6  stm32f10x_tim.o(.text)
    TIM_GetPrescaler                         0x08001ed1   Thumb Code     6  stm32f10x_tim.o(.text)
    TIM_GetFlagStatus                        0x08001ed7   Thumb Code    18  stm32f10x_tim.o(.text)
    TIM_ClearFlag                            0x08001ee9   Thumb Code     6  stm32f10x_tim.o(.text)
    TIM_GetITStatus                          0x08001eef   Thumb Code    34  stm32f10x_tim.o(.text)
    TIM_ClearITPendingBit                    0x08001f11   Thumb Code     6  stm32f10x_tim.o(.text)
    USART_DeInit                             0x08001f19   Thumb Code   134  stm32f10x_usart.o(.text)
    USART_Init                               0x08001f9f   Thumb Code   210  stm32f10x_usart.o(.text)
    USART_StructInit                         0x08002071   Thumb Code    24  stm32f10x_usart.o(.text)
    USART_ClockInit                          0x08002089   Thumb Code    34  stm32f10x_usart.o(.text)
    USART_ClockStructInit                    0x080020ab   Thumb Code    12  stm32f10x_usart.o(.text)
    USART_Cmd                                0x080020b7   Thumb Code    24  stm32f10x_usart.o(.text)
    USART_ITConfig                           0x080020cf   Thumb Code    74  stm32f10x_usart.o(.text)
    USART_DMACmd                             0x08002119   Thumb Code    18  stm32f10x_usart.o(.text)
    USART_SetAddress                         0x0800212b   Thumb Code    18  stm32f10x_usart.o(.text)
    USART_WakeUpConfig                       0x0800213d   Thumb Code    18  stm32f10x_usart.o(.text)
    USART_ReceiverWakeUpCmd                  0x0800214f   Thumb Code    24  stm32f10x_usart.o(.text)
    USART_LINBreakDetectLengthConfig         0x08002167   Thumb Code    18  stm32f10x_usart.o(.text)
    USART_LINCmd                             0x08002179   Thumb Code    24  stm32f10x_usart.o(.text)
    USART_SendData                           0x08002191   Thumb Code     8  stm32f10x_usart.o(.text)
    USART_ReceiveData                        0x08002199   Thumb Code    10  stm32f10x_usart.o(.text)
    USART_SendBreak                          0x080021a3   Thumb Code    10  stm32f10x_usart.o(.text)
    USART_SetGuardTime                       0x080021ad   Thumb Code    16  stm32f10x_usart.o(.text)
    USART_SetPrescaler                       0x080021bd   Thumb Code    16  stm32f10x_usart.o(.text)
    USART_SmartCardCmd                       0x080021cd   Thumb Code    24  stm32f10x_usart.o(.text)
    USART_SmartCardNACKCmd                   0x080021e5   Thumb Code    24  stm32f10x_usart.o(.text)
    USART_HalfDuplexCmd                      0x080021fd   Thumb Code    24  stm32f10x_usart.o(.text)
    USART_OverSampling8Cmd                   0x08002215   Thumb Code    22  stm32f10x_usart.o(.text)
    USART_OneBitMethodCmd                    0x0800222b   Thumb Code    24  stm32f10x_usart.o(.text)
    USART_IrDAConfig                         0x08002243   Thumb Code    18  stm32f10x_usart.o(.text)
    USART_IrDACmd                            0x08002255   Thumb Code    24  stm32f10x_usart.o(.text)
    USART_GetFlagStatus                      0x0800226d   Thumb Code    26  stm32f10x_usart.o(.text)
    USART_ClearFlag                          0x08002287   Thumb Code    18  stm32f10x_usart.o(.text)
    USART_GetITStatus                        0x08002299   Thumb Code    84  stm32f10x_usart.o(.text)
    USART_ClearITPendingBit                  0x080022ed   Thumb Code    52  stm32f10x_usart.o(.text)
    delay_init                               0x08002321   Thumb Code    50  delay.o(.text)
    delay_us                                 0x08002353   Thumb Code    72  delay.o(.text)
    delay_ms                                 0x0800239b   Thumb Code    72  delay.o(.text)
    _sys_exit                                0x080023f5   Thumb Code     6  usart.o(.text)
    fputc                                    0x080023fb   Thumb Code    24  usart.o(.text)
    uart_init                                0x08002413   Thumb Code   154  usart.o(.text)
    usart2_init                              0x080024ad   Thumb Code   156  usart.o(.text)
    usart3_init                              0x08002549   Thumb Code   158  usart.o(.text)
    USART1_Send_Str                          0x080025e7   Thumb Code    42  usart.o(.text)
    USART2_Send_Str                          0x08002611   Thumb Code    42  usart.o(.text)
    USART3_Send_Str                          0x0800263b   Thumb Code    34  usart.o(.text)
    USART1_IRQHandler                        0x0800265d   Thumb Code    30  usart.o(.text)
    USART2_IRQHandler                        0x0800267b   Thumb Code    30  usart.o(.text)
    USART3_IRQHandler                        0x08002699   Thumb Code    30  usart.o(.text)
    bme280_get_regs                          0x0800272d   Thumb Code    60  bme280.o(.text)
    bme280_set_regs                          0x0800286d   Thumb Code   158  bme280.o(.text)
    bme280_soft_reset                        0x0800290b   Thumb Code    46  bme280.o(.text)
    bme280_init                              0x08002939   Thumb Code   118  bme280.o(.text)
    bme280_get_sensor_mode                   0x08002b8d   Thumb Code    42  bme280.o(.text)
    bme280_set_sensor_settings               0x08002bb7   Thumb Code    98  bme280.o(.text)
    bme280_get_sensor_settings               0x08002c19   Thumb Code    44  bme280.o(.text)
    bme280_set_sensor_mode                   0x08002c7d   Thumb Code    58  bme280.o(.text)
    bme280_compensate_data                   0x08003295   Thumb Code   102  bme280.o(.text)
    bme280_parse_sensor_data                 0x080032fb   Thumb Code    56  bme280.o(.text)
    bme280_get_sensor_data                   0x08003333   Thumb Code    86  bme280.o(.text)
    print_sensor_data                        0x08003391   Thumb Code     2  bme280_application.o(.text)
    stream_sensor_data_normal_mode           0x08003393   Thumb Code   110  bme280_application.o(.text)
    I2c_Soft_delay                           0x08003405   Thumb Code    42  i2c_soft.o(.text)
    I2c_Soft_Init                            0x0800342f   Thumb Code    38  i2c_soft.o(.text)
    I2c_Soft_Start                           0x08003455   Thumb Code   108  i2c_soft.o(.text)
    I2c_Soft_Stop                            0x080034c1   Thumb Code    84  i2c_soft.o(.text)
    I2c_Soft_Ask                             0x08003515   Thumb Code    84  i2c_soft.o(.text)
    I2c_Soft_NoAsk                           0x08003569   Thumb Code    84  i2c_soft.o(.text)
    I2c_Soft_WaitAsk                         0x080035bd   Thumb Code   120  i2c_soft.o(.text)
    I2c_Soft_SendByte                        0x08003635   Thumb Code   124  i2c_soft.o(.text)
    I2c_Soft_ReadByte                        0x080036b1   Thumb Code   128  i2c_soft.o(.text)
    IIC_Write_1Byte                          0x08003731   Thumb Code    62  i2c_soft.o(.text)
    IIC_Read_1Byte                           0x0800376f   Thumb Code    80  i2c_soft.o(.text)
    IIC_Write_nByte                          0x080037bf   Thumb Code    86  i2c_soft.o(.text)
    IIC_Read_nByte                           0x08003815   Thumb Code   108  i2c_soft.o(.text)
    user_i2c_write                           0x08003881   Thumb Code    32  i2c_soft.o(.text)
    user_i2c_read                            0x080038a1   Thumb Code    32  i2c_soft.o(.text)
    TIM1_PWM_Init                            0x080038c5   Thumb Code   100  pwm.o(.text)
    TIM4_PWM_Init                            0x08003929   Thumb Code   192  pwm.o(.text)
    TIM1_UP_IRQHandler                       0x080039e9   Thumb Code    78  pwm.o(.text)
    Draw_food                                0x08003a4d   Thumb Code    62  deal.o(.text)
    Draw_Water                               0x08003a8b   Thumb Code   114  deal.o(.text)
    Draw_Air                                 0x08003afd   Thumb Code    52  deal.o(.text)
    TDS_SEND_FUC                             0x08003b31   Thumb Code    12  deal.o(.text)
    TDS_acc                                  0x08003b3d   Thumb Code   280  deal.o(.text)
    PH_SEND_FUC                              0x08003c55   Thumb Code    12  deal.o(.text)
    PH_acc                                   0x08003c61   Thumb Code   396  deal.o(.text)
    Send_New_Line                            0x08003e55   Thumb Code    46  mywifi.o(.text)
    WIFI_Send                                0x08003e83   Thumb Code    92  mywifi.o(.text)
    WIFI_XIAOYANG                            0x08003edf   Thumb Code   166  mywifi.o(.text)
    NUM_TO_STR                               0x08003f85   Thumb Code    90  mywifi.o(.text)
    char_To_int                              0x08003fdf   Thumb Code   134  mywifi.o(.text)
    Duoble_TO_STR                            0x08004065   Thumb Code   316  mywifi.o(.text)
    DATA_To_COM                              0x080041a1   Thumb Code    26  mywifi.o(.text)
    WIFI_Send_DATA                           0x080041bb   Thumb Code    52  mywifi.o(.text)
    Send_Double                              0x080041ef   Thumb Code    28  mywifi.o(.text)
    Send_Int                                 0x0800420b   Thumb Code    20  mywifi.o(.text)
    DATA_Integration                         0x0800421f   Thumb Code   234  mywifi.o(.text)
    DATA_HANDLE                              0x08004309   Thumb Code   428  mywifi.o(.text)
    Acceive_DATA                             0x080044b5   Thumb Code   278  mywifi.o(.text)
    MyWIFI_Init                              0x080045cb   Thumb Code    36  mywifi.o(.text)
    Adc_Init                                 0x08004645   Thumb Code   132  adc.o(.text)
    Get_Adc                                  0x080046c9   Thumb Code    46  adc.o(.text)
    Get_Adc_Average                          0x080046f7   Thumb Code    50  adc.o(.text)
    ADC_get_v                                0x08004729   Thumb Code    62  adc.o(.text)
    __use_no_semihosting                     0x0800477d   Thumb Code     2  use_no_semi_2.o(.text)
    __aeabi_memclr4                          0x0800477f   Thumb Code     0  rt_memclr_w.o(.text)
    __aeabi_memclr8                          0x0800477f   Thumb Code     0  rt_memclr_w.o(.text)
    __rt_memclr_w                            0x0800477f   Thumb Code    78  rt_memclr_w.o(.text)
    _memset_w                                0x08004783   Thumb Code     0  rt_memclr_w.o(.text)
    __use_two_region_memory                  0x080047cd   Thumb Code     2  heapauxi.o(.text)
    __rt_heap_escrow$2region                 0x080047cf   Thumb Code     2  heapauxi.o(.text)
    __rt_heap_expand$2region                 0x080047d1   Thumb Code     2  heapauxi.o(.text)
    __I$use$semihosting                      0x080047d3   Thumb Code     0  use_no_semi.o(.text)
    __use_no_semihosting_swi                 0x080047d3   Thumb Code     2  use_no_semi.o(.text)
    __read_errno                             0x080047d5   Thumb Code    10  _rserrno.o(.text)
    __set_errno                              0x080047df   Thumb Code    12  _rserrno.o(.text)
    __aeabi_errno_addr                       0x080047ed   Thumb Code     8  rt_errno_addr_intlibspace.o(.text)
    __errno$intlibspace                      0x080047ed   Thumb Code     0  rt_errno_addr_intlibspace.o(.text)
    __rt_errno_addr$intlibspace              0x080047ed   Thumb Code     0  rt_errno_addr_intlibspace.o(.text)
    __user_libspace                          0x080047f5   Thumb Code     8  libspace.o(.text)
    __user_perproc_libspace                  0x080047f5   Thumb Code     0  libspace.o(.text)
    __user_perthread_libspace                0x080047f5   Thumb Code     0  libspace.o(.text)
    __user_setup_stackheap                   0x080047fd   Thumb Code    74  sys_stackheap_outer.o(.text)
    exit                                     0x08004847   Thumb Code    12  exit.o(.text)
    __ARM_fpclassify                         0x08004853   Thumb Code    40  fpclassify.o(i.__ARM_fpclassify)
    __kernel_poly                            0x0800487b   Thumb Code   170  poly.o(i.__kernel_poly)
    __mathlib_dbl_divzero                    0x08004925   Thumb Code    12  dunder.o(i.__mathlib_dbl_divzero)
    __mathlib_dbl_infnan2                    0x08004935   Thumb Code     4  dunder.o(i.__mathlib_dbl_infnan2)
    __mathlib_dbl_invalid                    0x08004939   Thumb Code    12  dunder.o(i.__mathlib_dbl_invalid)
    __mathlib_dbl_overflow                   0x08004945   Thumb Code    14  dunder.o(i.__mathlib_dbl_overflow)
    __mathlib_dbl_underflow                  0x08004955   Thumb Code    10  dunder.o(i.__mathlib_dbl_underflow)
    pow                                      0x08004965   Thumb Code  2478  pow.o(i.pow)
    sqrt                                     0x0800531d   Thumb Code    76  sqrt.o(i.sqrt)
    __aeabi_d2f                              0x08005369   Thumb Code     0  d2f.o(x$fpl$d2f)
    _d2f                                     0x08005369   Thumb Code    98  d2f.o(x$fpl$d2f)
    __aeabi_dadd                             0x080053cd   Thumb Code     0  daddsub_clz.o(x$fpl$dadd)
    _dadd                                    0x080053cd   Thumb Code   332  daddsub_clz.o(x$fpl$dadd)
    __fpl_dcheck_NaN1                        0x0800551d   Thumb Code    10  dcheck1.o(x$fpl$dcheck1)
    __fpl_dcmp_Inf                           0x0800552d   Thumb Code    24  dcmpi.o(x$fpl$dcmpinf)
    __aeabi_ddiv                             0x08005545   Thumb Code     0  ddiv.o(x$fpl$ddiv)
    _ddiv                                    0x08005545   Thumb Code   552  ddiv.o(x$fpl$ddiv)
    __aeabi_cdcmpeq                          0x080057f5   Thumb Code     0  deqf.o(x$fpl$deqf)
    _dcmpeq                                  0x080057f5   Thumb Code   120  deqf.o(x$fpl$deqf)
    __aeabi_d2iz                             0x0800586d   Thumb Code     0  dfix.o(x$fpl$dfix)
    _dfix                                    0x0800586d   Thumb Code    94  dfix.o(x$fpl$dfix)
    __aeabi_i2d                              0x080058cb   Thumb Code     0  dflt_clz.o(x$fpl$dflt)
    _dflt                                    0x080058cb   Thumb Code    46  dflt_clz.o(x$fpl$dflt)
    __aeabi_ui2d                             0x080058f9   Thumb Code     0  dflt_clz.o(x$fpl$dfltu)
    _dfltu                                   0x080058f9   Thumb Code    38  dflt_clz.o(x$fpl$dfltu)
    __aeabi_cdcmple                          0x08005921   Thumb Code     0  dleqf.o(x$fpl$dleqf)
    _dcmple                                  0x08005921   Thumb Code   120  dleqf.o(x$fpl$dleqf)
    __fpl_dcmple_InfNaN                      0x08005983   Thumb Code     0  dleqf.o(x$fpl$dleqf)
    __aeabi_dmul                             0x08005999   Thumb Code     0  dmul.o(x$fpl$dmul)
    _dmul                                    0x08005999   Thumb Code   332  dmul.o(x$fpl$dmul)
    __fpl_dnaninf                            0x08005aed   Thumb Code   156  dnaninf.o(x$fpl$dnaninf)
    __fpl_dretinf                            0x08005b89   Thumb Code    12  dretinf.o(x$fpl$dretinf)
    __aeabi_cdrcmple                         0x08005b95   Thumb Code     0  drleqf.o(x$fpl$drleqf)
    _drcmple                                 0x08005b95   Thumb Code   108  drleqf.o(x$fpl$drleqf)
    __aeabi_drsub                            0x08005c01   Thumb Code     0  daddsub_clz.o(x$fpl$drsb)
    _drsb                                    0x08005c01   Thumb Code    22  daddsub_clz.o(x$fpl$drsb)
    _dsqrt                                   0x08005c19   Thumb Code   456  dsqrt_noumaal.o(x$fpl$dsqrt)
    __aeabi_dsub                             0x08005de5   Thumb Code     0  daddsub_clz.o(x$fpl$dsub)
    _dsub                                    0x08005de5   Thumb Code   464  daddsub_clz.o(x$fpl$dsub)
    __aeabi_f2d                              0x08005fb9   Thumb Code     0  f2d.o(x$fpl$f2d)
    _f2d                                     0x08005fb9   Thumb Code    86  f2d.o(x$fpl$f2d)
    __fpl_fnaninf                            0x0800600f   Thumb Code   140  fnaninf.o(x$fpl$fnaninf)
    __fpl_fretinf                            0x0800609b   Thumb Code    10  fretinf.o(x$fpl$fretinf)
    __fpl_return_NaN                         0x080060a5   Thumb Code   100  retnan.o(x$fpl$retnan)
    __ARM_scalbn                             0x08006109   Thumb Code    92  scalbn.o(x$fpl$scalbn)
    __fpl_cmpreturn                          0x08006165   Thumb Code    48  trapv.o(x$fpl$trapveneer)
    __I$use$fp                               0x08006194   Number         0  usenofp.o(x$fpl$usenofp)
    __mathlib_zero                           0x08006220   Data           8  qnan.o(.constdata)
    Region$$Table$$Base                      0x080062f4   Number         0  anon$$obj.o(Region$$Table)
    Region$$Table$$Limit                     0x08006314   Number         0  anon$$obj.o(Region$$Table)
    SystemCoreClock                          0x20000000   Data           4  system_stm32f10x.o(.data)
    AHBPrescTable                            0x20000004   Data          16  system_stm32f10x.o(.data)
    __stdout                                 0x2000002c   Data           4  usart.o(.data)
    USART_RX_STA                             0x20000030   Data           2  usart.o(.data)
    USART2_Acc_Flag                          0x20000032   Data           1  usart.o(.data)
    I2C_FastMode                             0x20000033   Data           1  i2c_soft.o(.data)
    Time1_Num                                0x20000034   Data           4  pwm.o(.data)
    Timel_NUM2                               0x20000038   Data           4  pwm.o(.data)
    ANgle_text                               0x20000040   Data           1  deal.o(.data)
    TDS_SEND                                 0x20000041   Data           4  deal.o(.data)
    TDS_flag                                 0x20000045   Data           1  deal.o(.data)
    Acc_TDS_DATA                             0x20000046   Data           5  deal.o(.data)
    TDS_DATA_num                             0x2000004b   Data           1  deal.o(.data)
    TDS_DATA                                 0x20000050   Data           8  deal.o(.data)
    TDS_DATA_sum                             0x20000058   Data           8  deal.o(.data)
    PH_SEND                                  0x20000060   Data           9  deal.o(.data)
    PH_flag                                  0x20000069   Data           1  deal.o(.data)
    PH_DATA_T                                0x20000070   Data           8  deal.o(.data)
    PH_DATA_PH                               0x20000078   Data           8  deal.o(.data)
    PH_DATA_num                              0x20000080   Data           1  deal.o(.data)
    PH_DATA_sum                              0x20000088   Data           8  deal.o(.data)
    T_DATA_sum                               0x20000090   Data           8  deal.o(.data)
    COM_AT                                   0x2000009c   Data           4  mywifi.o(.data)
    COM_CWMODE1                              0x200000a0   Data           4  mywifi.o(.data)
    COM_RST                                  0x200000a4   Data           4  mywifi.o(.data)
    COM_Conect                               0x200000a8   Data           4  mywifi.o(.data)
    COM_Conect_Sever                         0x200000ac   Data           4  mywifi.o(.data)
    COM_DATA_Lenght                          0x200000b0   Data          20  mywifi.o(.data)
    Send_flag                                0x200000c4   Data           2  mywifi.o(.data)
    str_pressure                             0x200000c8   Data           4  mywifi.o(.data)
    str_temperature                          0x200000cc   Data           4  mywifi.o(.data)
    Acce_Flag                                0x200000d0   Data           2  mywifi.o(.data)
    Acce_Flag_Success                        0x200000d2   Data           1  mywifi.o(.data)
    Acc_DATA_LEN                             0x200000d4   Data           4  mywifi.o(.data)
    sche_1                                   0x200000d8   Data           5  mywifi.o(.data)
    sche_2                                   0x200000dd   Data           5  mywifi.o(.data)
    sche_3                                   0x200000e2   Data           5  mywifi.o(.data)
    sche_1_time                              0x200000e8   Data           2  mywifi.o(.data)
    sche_2_class                             0x200000ea   Data           2  mywifi.o(.data)
    sche_3_class                             0x200000ec   Data           2  mywifi.o(.data)
    sche_1_flag                              0x200000ee   Data           1  mywifi.o(.data)
    sche_2_flag                              0x200000ef   Data           1  mywifi.o(.data)
    sche_3_flag                              0x200000f0   Data           1  mywifi.o(.data)
    Aver_ch_v                                0x200000f4   Data           4  adc.o(.data)
    ADC_v                                    0x200000f8   Data           1  adc.o(.data)
    ADC_v1                                   0x200000fc   Data           4  adc.o(.data)
    ADC_v2                                   0x20000100   Data           4  adc.o(.data)
    Aver_ch1                                 0x20000104   Data           4  adc.o(.data)
    USART_RX_BUF                             0x20000108   Data         200  usart.o(.bss)
    USART2_Acc_DATA                          0x200001d0   Data         200  usart.o(.bss)
    comp_data                                0x20000298   Data          24  bme280_application.o(.bss)
    Acc_PH_DATA                              0x200002b0   Data           9  deal.o(.bss)
    ALL_Data_buf                             0x200002b9   Data         200  mywifi.o(.bss)
    DATA_Acc                                 0x20000381   Data        2048  mywifi.o(.bss)
    __libspace_start                         0x20000b84   Data          96  libspace.o(.bss)
    __temporary_stack_top$libspace           0x20000be4   Data           0  libspace.o(.bss)



==============================================================================

Memory Map of the image

  Image Entry point : 0x08000131

  Load Region LR_IROM1 (Base: 0x08000000, Size: 0x0000641c, Max: 0x00010000, ABSOLUTE)

    Execution Region ER_IROM1 (Base: 0x08000000, Size: 0x00006314, Max: 0x00010000, ABSOLUTE)

    Base Addr    Size         Type   Attr      Idx    E Section Name        Object

    0x08000000   0x00000130   Data   RO          198    RESET               startup_stm32f10x_hd.o
    0x08000130   0x00000008   Code   RO          722  * !!!main             c_w.l(__main.o)
    0x08000138   0x00000034   Code   RO          973    !!!scatter          c_w.l(__scatter.o)
    0x0800016c   0x0000001a   Code   RO          975    !!handler_copy      c_w.l(__scatter_copy.o)
    0x08000186   0x00000002   PAD
    0x08000188   0x0000001c   Code   RO          977    !!handler_zi        c_w.l(__scatter_zi.o)
    0x080001a4   0x00000002   Code   RO          847    .ARM.Collect$$libinit$$00000000  c_w.l(libinit.o)
    0x080001a6   0x00000000   Code   RO          853    .ARM.Collect$$libinit$$00000002  c_w.l(libinit2.o)
    0x080001a6   0x00000000   Code   RO          855    .ARM.Collect$$libinit$$00000004  c_w.l(libinit2.o)
    0x080001a6   0x00000000   Code   RO          858    .ARM.Collect$$libinit$$0000000A  c_w.l(libinit2.o)
    0x080001a6   0x00000000   Code   RO          860    .ARM.Collect$$libinit$$0000000C  c_w.l(libinit2.o)
    0x080001a6   0x00000000   Code   RO          862    .ARM.Collect$$libinit$$0000000E  c_w.l(libinit2.o)
    0x080001a6   0x00000000   Code   RO          865    .ARM.Collect$$libinit$$00000011  c_w.l(libinit2.o)
    0x080001a6   0x00000000   Code   RO          867    .ARM.Collect$$libinit$$00000013  c_w.l(libinit2.o)
    0x080001a6   0x00000000   Code   RO          869    .ARM.Collect$$libinit$$00000015  c_w.l(libinit2.o)
    0x080001a6   0x00000000   Code   RO          871    .ARM.Collect$$libinit$$00000017  c_w.l(libinit2.o)
    0x080001a6   0x00000000   Code   RO          873    .ARM.Collect$$libinit$$00000019  c_w.l(libinit2.o)
    0x080001a6   0x00000000   Code   RO          875    .ARM.Collect$$libinit$$0000001B  c_w.l(libinit2.o)
    0x080001a6   0x00000000   Code   RO          877    .ARM.Collect$$libinit$$0000001D  c_w.l(libinit2.o)
    0x080001a6   0x00000000   Code   RO          879    .ARM.Collect$$libinit$$0000001F  c_w.l(libinit2.o)
    0x080001a6   0x00000000   Code   RO          881    .ARM.Collect$$libinit$$00000021  c_w.l(libinit2.o)
    0x080001a6   0x00000000   Code   RO          883    .ARM.Collect$$libinit$$00000023  c_w.l(libinit2.o)
    0x080001a6   0x00000000   Code   RO          885    .ARM.Collect$$libinit$$00000025  c_w.l(libinit2.o)
    0x080001a6   0x00000000   Code   RO          889    .ARM.Collect$$libinit$$0000002C  c_w.l(libinit2.o)
    0x080001a6   0x00000000   Code   RO          891    .ARM.Collect$$libinit$$0000002E  c_w.l(libinit2.o)
    0x080001a6   0x00000000   Code   RO          893    .ARM.Collect$$libinit$$00000030  c_w.l(libinit2.o)
    0x080001a6   0x00000000   Code   RO          895    .ARM.Collect$$libinit$$00000032  c_w.l(libinit2.o)
    0x080001a6   0x00000002   Code   RO          896    .ARM.Collect$$libinit$$00000033  c_w.l(libinit2.o)
    0x080001a8   0x00000002   Code   RO          916    .ARM.Collect$$libshutdown$$00000000  c_w.l(libshutdown.o)
    0x080001aa   0x00000000   Code   RO          927    .ARM.Collect$$libshutdown$$00000003  c_w.l(libshutdown2.o)
    0x080001aa   0x00000000   Code   RO          930    .ARM.Collect$$libshutdown$$00000006  c_w.l(libshutdown2.o)
    0x080001aa   0x00000000   Code   RO          933    .ARM.Collect$$libshutdown$$00000009  c_w.l(libshutdown2.o)
    0x080001aa   0x00000000   Code   RO          935    .ARM.Collect$$libshutdown$$0000000B  c_w.l(libshutdown2.o)
    0x080001aa   0x00000000   Code   RO          938    .ARM.Collect$$libshutdown$$0000000E  c_w.l(libshutdown2.o)
    0x080001aa   0x00000002   Code   RO          939    .ARM.Collect$$libshutdown$$0000000F  c_w.l(libshutdown2.o)
    0x080001ac   0x00000000   Code   RO          768    .ARM.Collect$$rtentry$$00000000  c_w.l(__rtentry.o)
    0x080001ac   0x00000000   Code   RO          812    .ARM.Collect$$rtentry$$00000002  c_w.l(__rtentry2.o)
    0x080001ac   0x00000006   Code   RO          824    .ARM.Collect$$rtentry$$00000004  c_w.l(__rtentry4.o)
    0x080001b2   0x00000000   Code   RO          814    .ARM.Collect$$rtentry$$00000009  c_w.l(__rtentry2.o)
    0x080001b2   0x00000004   Code   RO          815    .ARM.Collect$$rtentry$$0000000A  c_w.l(__rtentry2.o)
    0x080001b6   0x00000000   Code   RO          817    .ARM.Collect$$rtentry$$0000000C  c_w.l(__rtentry2.o)
    0x080001b6   0x00000008   Code   RO          818    .ARM.Collect$$rtentry$$0000000D  c_w.l(__rtentry2.o)
    0x080001be   0x00000002   Code   RO          850    .ARM.Collect$$rtexit$$00000000  c_w.l(rtexit.o)
    0x080001c0   0x00000000   Code   RO          900    .ARM.Collect$$rtexit$$00000002  c_w.l(rtexit2.o)
    0x080001c0   0x00000004   Code   RO          901    .ARM.Collect$$rtexit$$00000003  c_w.l(rtexit2.o)
    0x080001c4   0x00000006   Code   RO          902    .ARM.Collect$$rtexit$$00000004  c_w.l(rtexit2.o)
    0x080001ca   0x00000002   PAD
    0x080001cc   0x000000c8   Code   RO            1    .text               main.o
    0x08000294   0x0000001a   Code   RO          152    .text               stm32f10x_it.o
    0x080002ae   0x00000002   PAD
    0x080002b0   0x000001e0   Code   RO          167    .text               system_stm32f10x.o
    0x08000490   0x00000040   Code   RO          199    .text               startup_stm32f10x_hd.o
    0x080004d0   0x000000dc   Code   RO          203    .text               misc.o
    0x080005ac   0x0000044e   Code   RO          241    .text               stm32f10x_adc.o
    0x080009fa   0x00000002   PAD
    0x080009fc   0x0000035c   Code   RO          373    .text               stm32f10x_gpio.o
    0x08000d58   0x000003a4   Code   RO          421    .text               stm32f10x_rcc.o
    0x080010fc   0x00000e1a   Code   RO          471    .text               stm32f10x_tim.o
    0x08001f16   0x00000002   PAD
    0x08001f18   0x00000408   Code   RO          483    .text               stm32f10x_usart.o
    0x08002320   0x000000d4   Code   RO          507    .text               delay.o
    0x080023f4   0x000002d8   Code   RO          537    .text               usart.o
    0x080026cc   0x00000cc4   Code   RO          564    .text               bme280.o
    0x08003390   0x00000074   Code   RO          583    .text               bme280_application.o
    0x08003404   0x000004c0   Code   RO          601    .text               i2c_soft.o
    0x080038c4   0x00000188   Code   RO          631    .text               pwm.o
    0x08003a4c   0x00000408   Code   RO          649    .text               deal.o
    0x08003e54   0x000007f0   Code   RO          672    .text               mywifi.o
    0x08004644   0x00000138   Code   RO          696    .text               adc.o
    0x0800477c   0x00000002   Code   RO          716    .text               c_w.l(use_no_semi_2.o)
    0x0800477e   0x0000004e   Code   RO          718    .text               c_w.l(rt_memclr_w.o)
    0x080047cc   0x00000006   Code   RO          720    .text               c_w.l(heapauxi.o)
    0x080047d2   0x00000002   Code   RO          766    .text               c_w.l(use_no_semi.o)
    0x080047d4   0x00000016   Code   RO          769    .text               c_w.l(_rserrno.o)
    0x080047ea   0x00000002   PAD
    0x080047ec   0x00000008   Code   RO          829    .text               c_w.l(rt_errno_addr_intlibspace.o)
    0x080047f4   0x00000008   Code   RO          835    .text               c_w.l(libspace.o)
    0x080047fc   0x0000004a   Code   RO          838    .text               c_w.l(sys_stackheap_outer.o)
    0x08004846   0x0000000c   Code   RO          840    .text               c_w.l(exit.o)
    0x08004852   0x00000028   Code   RO          798    i.__ARM_fpclassify  m_ws.l(fpclassify.o)
    0x0800487a   0x000000aa   Code   RO          800    i.__kernel_poly     m_ws.l(poly.o)
    0x08004924   0x00000010   Code   RO          784    i.__mathlib_dbl_divzero  m_ws.l(dunder.o)
    0x08004934   0x00000004   Code   RO          786    i.__mathlib_dbl_infnan2  m_ws.l(dunder.o)
    0x08004938   0x0000000c   Code   RO          787    i.__mathlib_dbl_invalid  m_ws.l(dunder.o)
    0x08004944   0x0000000e   Code   RO          788    i.__mathlib_dbl_overflow  m_ws.l(dunder.o)
    0x08004952   0x00000002   PAD
    0x08004954   0x00000010   Code   RO          790    i.__mathlib_dbl_underflow  m_ws.l(dunder.o)
    0x08004964   0x000009b8   Code   RO          757    i.pow               m_ws.l(pow.o)
    0x0800531c   0x0000004c   Code   RO          804    i.sqrt              m_ws.l(sqrt.o)
    0x08005368   0x00000062   Code   RO          724    x$fpl$d2f           fz_ws.l(d2f.o)
    0x080053ca   0x00000002   PAD
    0x080053cc   0x00000150   Code   RO          726    x$fpl$dadd          fz_ws.l(daddsub_clz.o)
    0x0800551c   0x00000010   Code   RO          831    x$fpl$dcheck1       fz_ws.l(dcheck1.o)
    0x0800552c   0x00000018   Code   RO          771    x$fpl$dcmpinf       fz_ws.l(dcmpi.o)
    0x08005544   0x000002b0   Code   RO          733    x$fpl$ddiv          fz_ws.l(ddiv.o)
    0x080057f4   0x00000078   Code   RO          736    x$fpl$deqf          fz_ws.l(deqf.o)
    0x0800586c   0x0000005e   Code   RO          738    x$fpl$dfix          fz_ws.l(dfix.o)
    0x080058ca   0x0000002e   Code   RO          743    x$fpl$dflt          fz_ws.l(dflt_clz.o)
    0x080058f8   0x00000026   Code   RO          742    x$fpl$dfltu         fz_ws.l(dflt_clz.o)
    0x0800591e   0x00000002   PAD
    0x08005920   0x00000078   Code   RO          748    x$fpl$dleqf         fz_ws.l(dleqf.o)
    0x08005998   0x00000154   Code   RO          750    x$fpl$dmul          fz_ws.l(dmul.o)
    0x08005aec   0x0000009c   Code   RO          773    x$fpl$dnaninf       fz_ws.l(dnaninf.o)
    0x08005b88   0x0000000c   Code   RO          775    x$fpl$dretinf       fz_ws.l(dretinf.o)
    0x08005b94   0x0000006c   Code   RO          752    x$fpl$drleqf        fz_ws.l(drleqf.o)
    0x08005c00   0x00000016   Code   RO          727    x$fpl$drsb          fz_ws.l(daddsub_clz.o)
    0x08005c16   0x00000002   PAD
    0x08005c18   0x000001cc   Code   RO          833    x$fpl$dsqrt         fz_ws.l(dsqrt_noumaal.o)
    0x08005de4   0x000001d4   Code   RO          728    x$fpl$dsub          fz_ws.l(daddsub_clz.o)
    0x08005fb8   0x00000056   Code   RO          754    x$fpl$f2d           fz_ws.l(f2d.o)
    0x0800600e   0x0000008c   Code   RO          777    x$fpl$fnaninf       fz_ws.l(fnaninf.o)
    0x0800609a   0x0000000a   Code   RO          779    x$fpl$fretinf       fz_ws.l(fretinf.o)
    0x080060a4   0x00000064   Code   RO          848    x$fpl$retnan        fz_ws.l(retnan.o)
    0x08006108   0x0000005c   Code   RO          781    x$fpl$scalbn        fz_ws.l(scalbn.o)
    0x08006164   0x00000030   Code   RO          897    x$fpl$trapveneer    fz_ws.l(trapv.o)
    0x08006194   0x00000000   Code   RO          783    x$fpl$usenofp       fz_ws.l(usenofp.o)
    0x08006194   0x00000004   PAD
    0x08006198   0x00000088   Data   RO          758    .constdata          m_ws.l(pow.o)
    0x08006220   0x00000008   Data   RO          802    .constdata          m_ws.l(qnan.o)
    0x08006228   0x00000043   Data   RO            2    .conststring        main.o
    0x0800626b   0x00000001   PAD
    0x0800626c   0x00000085   Data   RO          674    .conststring        mywifi.o
    0x080062f1   0x00000003   PAD
    0x080062f4   0x00000020   Data   RO          971    Region$$Table       anon$$obj.o


    Execution Region RW_IRAM1 (Base: 0x20000000, Size: 0x000011e8, Max: 0x00005000, ABSOLUTE)

    Base Addr    Size         Type   Attr      Idx    E Section Name        Object

    0x20000000   0x00000014   Data   RW          168    .data               system_stm32f10x.o
    0x20000014   0x00000014   Data   RW          422    .data               stm32f10x_rcc.o
    0x20000028   0x00000004   Data   RW          508    .data               delay.o
    0x2000002c   0x00000007   Data   RW          539    .data               usart.o
    0x20000033   0x00000001   Data   RW          602    .data               i2c_soft.o
    0x20000034   0x00000008   Data   RW          632    .data               pwm.o
    0x2000003c   0x00000004   PAD
    0x20000040   0x0000005a   Data   RW          651    .data               deal.o
    0x2000009a   0x00000002   PAD
    0x2000009c   0x00000055   Data   RW          675    .data               mywifi.o
    0x200000f1   0x00000003   PAD
    0x200000f4   0x00000014   Data   RW          697    .data               adc.o
    0x20000108   0x00000190   Zero   RW          538    .bss                usart.o
    0x20000298   0x00000018   Zero   RW          584    .bss                bme280_application.o
    0x200002b0   0x00000009   Zero   RW          650    .bss                deal.o
    0x200002b9   0x000008c8   Zero   RW          673    .bss                mywifi.o
    0x20000b81   0x00000003   PAD
    0x20000b84   0x00000060   Zero   RW          836    .bss                c_w.l(libspace.o)
    0x20000be4   0x00000004   PAD
    0x20000be8   0x00000200   Zero   RW          197    HEAP                startup_stm32f10x_hd.o
    0x20000de8   0x00000400   Zero   RW          196    STACK               startup_stm32f10x_hd.o


==============================================================================

Image component sizes


      Code (inc. data)   RO Data    RW Data    ZI Data      Debug   Object Name

       312         22          0         20          0       1586   adc.o
      3268        110          0          0          0      11123   bme280.o
       116          4          0          0         24       1447   bme280_application.o
         0          0          0          0          0         32   core_cm3.o
      1032        118          0         90          9       2803   deal.o
       212         18          0          4          0        991   delay.o
      1216         12          0          1          0       4831   i2c_soft.o
       200         24         67          0          0     254585   main.o
       220         22          0          0          0     214189   misc.o
      2032        140        133         85       2248       5957   mywifi.o
       392         22          0          8          0       1464   pwm.o
        64         26        304          0       1536        784   startup_stm32f10x_hd.o
      1102         26          0          0          0      10825   stm32f10x_adc.o
       860         38          0          0          0       5633   stm32f10x_gpio.o
        26          0          0          0          0       1182   stm32f10x_it.o
       932         36          0         20          0       8800   stm32f10x_rcc.o
      3610         88          0          0          0      22120   stm32f10x_tim.o
      1032         22          0          0          0       8360   stm32f10x_usart.o
       480         38          0         20          0       1719   system_stm32f10x.o
       728         22          0          7        400       4834   usart.o

    ----------------------------------------------------------------------
     17840        788        540        264       4220     563265   Object Totals
         0          0         32          0          0          0   (incl. Generated)
         6          0          4          9          3          0   (incl. Padding)

    ----------------------------------------------------------------------

      Code (inc. data)   RO Data    RW Data    ZI Data      Debug   Library Member Name

         8          0          0          0          0         68   __main.o
         0          0          0          0          0          0   __rtentry.o
        12          0          0          0          0          0   __rtentry2.o
         6          0          0          0          0          0   __rtentry4.o
        52          8          0          0          0          0   __scatter.o
        26          0          0          0          0          0   __scatter_copy.o
        28          0          0          0          0          0   __scatter_zi.o
        22          0          0          0          0        100   _rserrno.o
        12          0          0          0          0         72   exit.o
         6          0          0          0          0        152   heapauxi.o
         2          0          0          0          0          0   libinit.o
         2          0          0          0          0          0   libinit2.o
         2          0          0          0          0          0   libshutdown.o
         2          0          0          0          0          0   libshutdown2.o
         8          4          0          0         96         68   libspace.o
         8          4          0          0          0         68   rt_errno_addr_intlibspace.o
        78          0          0          0          0         80   rt_memclr_w.o
         2          0          0          0          0          0   rtexit.o
        10          0          0          0          0          0   rtexit2.o
        74          0          0          0          0         80   sys_stackheap_outer.o
         2          0          0          0          0         68   use_no_semi.o
         2          0          0          0          0         68   use_no_semi_2.o
        98          4          0          0          0         92   d2f.o
       826         16          0          0          0        348   daddsub_clz.o
        16          4          0          0          0         68   dcheck1.o
        24          0          0          0          0         68   dcmpi.o
       688        140          0          0          0        208   ddiv.o
       120          4          0          0          0         92   deqf.o
        94          4          0          0          0         92   dfix.o
        84          0          0          0          0        136   dflt_clz.o
       120          4          0          0          0         92   dleqf.o
       340         12          0          0          0        104   dmul.o
       156          4          0          0          0         92   dnaninf.o
        12          0          0          0          0         68   dretinf.o
       108          0          0          0          0         80   drleqf.o
       460         56          0          0          0        120   dsqrt_noumaal.o
        86          4          0          0          0         84   f2d.o
       140          4          0          0          0         84   fnaninf.o
        10          0          0          0          0         68   fretinf.o
       100          0          0          0          0         68   retnan.o
        92          0          0          0          0         68   scalbn.o
        48          0          0          0          0         68   trapv.o
         0          0          0          0          0          0   usenofp.o
        62         10          0          0          0        340   dunder.o
        40          0          0          0          0         68   fpclassify.o
       170          0          0          0          0         96   poly.o
      2488        190        136          0          0        300   pow.o
         0          0          8          0          0          0   qnan.o
        76          0          0          0          0         84   sqrt.o

    ----------------------------------------------------------------------
      6840        472        144          0        100       3812   Library Totals
        18          0          0          0          4          0   (incl. Padding)

    ----------------------------------------------------------------------

      Code (inc. data)   RO Data    RW Data    ZI Data      Debug   Library Name

       364         16          0          0         96        824   c_w.l
      3622        256          0          0          0       2100   fz_ws.l
      2836        200        144          0          0        888   m_ws.l

    ----------------------------------------------------------------------
      6840        472        144          0        100       3812   Library Totals

    ----------------------------------------------------------------------

==============================================================================


      Code (inc. data)   RO Data    RW Data    ZI Data      Debug   

     24680       1260        684        264       4320     563485   Grand Totals
     24680       1260        684        264       4320     563485   ELF Image Totals
     24680       1260        684        264          0          0   ROM Totals

==============================================================================

    Total RO  Size (Code + RO Data)                25364 (  24.77kB)
    Total RW  Size (RW Data + ZI Data)              4584 (   4.48kB)
    Total ROM Size (Code + RO Data + RW Data)      25628 (  25.03kB)

==============================================================================

